/root/venv-cgym/lib/python3.10/site-packages/networkx/readwrite/json_graph/node_link.py:287: FutureWarning: 
The default value will be changed to `edges="edges" in NetworkX 3.6.

To make this warning go away, explicitly set the edges kwarg, e.g.:

  nx.node_link_graph(data, edges="links") to preserve current behavior, or
  nx.node_link_graph(data, edges="edges") for forward compatibility.
  warnings.warn(
Suite benchmark://anghabench-v1: 150 programs (seed 42, max-ic 120000)
Installing the benchmark://anghabench-v1 dataset. This may take a few moments ...
/root/venv-cgym/lib/python3.10/site-packages/networkx/readwrite/json_graph/node_link.py:287: FutureWarning: 
The default value will be changed to `edges="edges" in NetworkX 3.6.

To make this warning go away, explicitly set the edges kwarg, e.g.:

  nx.node_link_graph(data, edges="links") to preserve current behavior, or
  nx.node_link_graph(data, edges="edges") for forward compatibility.
  warnings.warn(
Suite benchmark://anghabench-v1: 150 programs (seed 42, max-ic 120000)
Installing the benchmark://anghabench-v1 dataset. This may take a few moments ...
[1/150] extr_cfhd.c_peak_table: Oz=19 RndRed50=19 (320s, total 5m)
[2/150] extr_thr-macosx.c_YabThreadStart: Oz=57 RndRed50=57 (5s, total 5m)
[3/150] extr_be_ai_goal.c_BotDumpAvoidGoals: Oz=38 RndRed50=37 (6s, total 6m)
[4/150] extr_jcapimin.c_jpeg_finish_compress: Oz=88 RndRed50=92 (11s, total 6m)
[5/150] extr_retroarch.c_libretro_get_shared_context: Oz=2 RndRed50=2 (5s, total 6m)
[6/150] extr_Encrypt.c_FreeBio: Oz=5 RndRed50=5 (5s, total 6m)
[7/150] extr_stm32f0xx_adc.c_ADC_WaitModeCmd: Oz=20 RndRed50=15 (5s, total 6m)
[8/150] extr_ccv.h_ccv_margin: Oz=11 RndRed50=10 (2s, total 6m)
[9/150] extr_pf.c_pf_find_mtag: Oz=2 RndRed50=2 (5s, total 6m)
[10/150] extr_kxld_seg.c_kxld_seg_is_data_seg: Oz=8 RndRed50=8 (4s, total 6m)
[11/150] extr_object.c_getLongDoubleFromObject: Oz=53 RndRed50=53 (5s, total 6m)
[12/150] extr_argtable3.c_trex_getsubexp: Oz=16 RndRed50=16 (5s, total 6m)
[13/150] extr_wifi_default.c_esp_netif_create_default_wifi_ap: Oz=11 RndRed50=11 (5s, total 6m)
[14/150] extr_transport_ws.c_get_http_header: Oz=14 RndRed50=14 (2s, total 6m)
[15/150] extr_app_prov.c_app_prov_get_wifi_disconnect_reason: Oz=17 RndRed50=17 (5s, total 7m)
[16/150] extr_22894.c_printe: Oz=7 RndRed50=7 (5s, total 7m)
[17/150] extr_ebus.c_ebus_dma_residue: Oz=6 RndRed50=6 (4s, total 7m)
[18/150] extr_dmi-id.c_ascii_filter: Oz=17 RndRed50=17 (5s, total 7m)
[19/150] extr_namedb.c_nouveau_namedb_get_class: Oz=8 RndRed50=8 (5s, total 7m)
[20/150] extr_qib_sdma.c_complete_sdma_err_req: Oz=12 RndRed50=12 (5s, total 7m)
[21/150] extr_qib_tx.c_qib_disarm_piobufs_ifneeded: Oz=49 RndRed50=49 (3s, total 7m)
[22/150] extr_stv06xx_pb0100.c_pb0100_stop: Oz=16 RndRed50=15 (5s, total 7m)
[23/150] extr_bnx2x_main.c_bnx2x_fill: Oz=19 RndRed50=19 (5s, total 7m)
[24/150] extr_ppp_generic.c_find_compressor: Oz=15 RndRed50=15 (4s, total 7m)
[25/150] extr_panasonic-laptop.c_pcc_setkeycode: Oz=33 RndRed50=33 (4s, total 7m)
[26/150] extr_advansys.c_advansys_wide_enable_ppr: Oz=10 RndRed50=10 (4s, total 7m)
[27/150] extr_ql4_os.c_qla4_8xxx_check_temp: Oz=32 RndRed50=32 (5s, total 7m)
[28/150] extr_et131x_isr.c_et131x_disable_interrupts: Oz=8 RndRed50=8 (5s, total 8m)
[29/150] extr_phison.c_phison_ide_init: Oz=2 RndRed50=2 (4s, total 8m)
[30/150] extr_inode.c_ecryptfs_permission: Oz=3 RndRed50=3 (4s, total 8m)
[31/150] extr_signal.c_sigprocmask: Oz=37 RndRed50=35 (4s, total 8m)
[32/150] extr_chip.c_dynamic_irq_init: Oz=2 RndRed50=2 (1s, total 8m)
[33/150] extr_ip6_output.c_ip6_sk_dst_check: Oz=34 RndRed50=34 (4s, total 8m)
[34/150] extr_link.c_tipc_link_send: Oz=34 RndRed50=34 (5s, total 8m)
[35/150] extr_au88x0_eq.c_vortex_EqHw_ZeroIO: Oz=48 RndRed50=26 (4s, total 8m)
[36/150] extr_blockframe.c_deprecated_inside_entry_file: Oz=29 RndRed50=27 (4s, total 8m)
[37/150] extr_charset.c_register_translation: Oz=5 RndRed50=5 (3s, total 8m)
[38/150] extr_dwarf2read.c_dwarf2_lookup_abbrev: Oz=18 RndRed50=18 (4s, total 8m)
[39/150] extr_ucl_util.c_ucl_array_index_of: Oz=19 RndRed50=18 (3s, total 8m)
[40/150] extr_tree.c_svn_fs_fs__create_dag_cache: Oz=5 RndRed50=5 (1s, total 8m)
[41/150] extr_val_utils.c_val_reply_remove_auth: Oz=34 RndRed50=34 (4s, total 8m)
[42/150] extr_ct_sct.c_SCT_signature_is_complete: Oz=15 RndRed50=15 (3s, total 8m)
[43/150] extr_statem_lib.c_ssl_method_error: Oz=46 RndRed50=46 (4s, total 8m)
[44/150] extr_opensolaris_policy.c_secpolicy_vnode_access: Oz=48 RndRed50=48 (4s, total 8m)
[45/150] extr_nvlist.c_nvlist_take_binary: Oz=12 RndRed50=12 (4s, total 8m)
[46/150] extr_if_bce.c_bce_init_media: Oz=27 RndRed50=27 (4s, total 9m)
[47/150] extr_cfi_disk.c_cfi_disk_attach: Oz=95 RndRed50=106 (4s, total 9m)
[48/150] extr_machfb.c_machfb_init: Oz=293 RndRed50=295 (2s, total 9m)
[49/150] extr_filemon.c_filemon_release: Oz=18 RndRed50=18 (4s, total 9m)
[50/150] extr_via8233.c_via_intr: Oz=176 RndRed50=170 (4s, total 9m)
[51/150] extr_board.c_nlm_print_processor_info: Oz=19 RndRed50=19 (4s, total 9m)
[52/150] extr_xform_des3.c_des3_zerokey: Oz=7 RndRed50=7 (3s, total 9m)
[53/150] extr_mac_vfs.c_mac_vnode_check_exec: Oz=10 RndRed50=10 (3s, total 9m)
[54/150] extr_..strbuf.h_strbuf_swap: Oz=6 RndRed50=6 (4s, total 9m)
[55/150] extr_websocket.c_ws_set_status: Oz=3 RndRed50=3 (4s, total 9m)
[56/150] extr_class.c_check_if_class_or_module: Oz=8 RndRed50=8 (4s, total 9m)
[57/150] extr_curve25519.donna.c_crecip: Oz=146 RndRed50=136 (4s, total 9m)
[58/150] extr_http1.c_close_connection: Oz=29 RndRed50=29 (4s, total 9m)
[59/150] extr_........libcommonsocket.c_h2o_socket_read_start: Oz=4 RndRed50=4 (4s, total 9m)
[60/150] extr_ff_ffplay.c_ffp_get_opt_dict: Oz=17 RndRed50=17 (4s, total 9m)
[61/150] extr_hook.c_test_dalloc_hook: Oz=10 RndRed50=10 (3s, total 9m)
[62/150] extr_index-user-names.c_main: Oz=176 RndRed50=176 (4s, total 10m)
[63/150] extr_hash_table.c_htbl_find_or_create: Oz=39 RndRed50=40 (4s, total 10m)
[64/150] extr_tr_postprocess.c_RB_BlurAxis: Oz=54 RndRed50=54 (4s, total 10m)
[65/150] extr_decompress.c_halt: Oz=3 RndRed50=3 (1s, total 10m)
[66/150] extr_clone.c_fetch_progress: Oz=6 RndRed50=6 (4s, total 10m)
[67/150] extr_xprepare.c_xdl_prepare_env: Oz=69 RndRed50=68 (4s, total 10m)
[68/150] extr_bypath.c_test_index_bypath__add_submodule: Oz=22 RndRed50=22 (4s, total 10m)
[69/150] extr_redirect.c_test_network_redirect__redirect_encoded_username_password: Oz=17 RndRed50=17 (3s, total 10m)
[70/150] extr_thread.c_uv_cond_wait: Oz=6 RndRed50=6 (4s, total 10m)
[71/150] extr_x86.c_retry_instruction: Oz=42 RndRed50=42 (4s, total 10m)
[72/150] extr_blk-sysfs.c_queue_wb_lat_store: Oz=43 RndRed50=43 (5s, total 10m)
[73/150] extr_lanai.c_iter_transmit: Oz=16 RndRed50=16 (2s, total 10m)
[74/150] extr_clk-rpm.c_clk_rpm_recalc_rate: Oz=4 RndRed50=4 (4s, total 10m)
[75/150] extr_amdgpu_object.c_amdgpu_bo_free_kernel: Oz=29 RndRed50=29 (4s, total 10m)
[76/150] extr_a4xx.xml.h_A4XX_TPL1_TP_TEX_COUNT_DS: Oz=5 RndRed50=5 (4s, total 10m)
[77/150] extr_adreno_pm4.xml.h_CP_DRAW_INDX_OFFSET_5_INDX_SIZE: Oz=5 RndRed50=5 (4s, total 10m)
[78/150] extr_panel-sony-acx565akm.c_acx565akm_bl_get_intensity: Oz=18 RndRed50=18 (4s, total 10m)
[79/150] extr_cik_sdma.c_cik_sdma_hdp_flush_ring_emit: Oz=23 RndRed50=22 (4s, total 11m)
[80/150] extr_radeon_dp_mst.c_radeon_dp_mst_set_vcp_size: Oz=33 RndRed50=33 (4s, total 11m)
[81/150] extr_vc4_v3d.c_vc4_v3d_bind: Oz=96 RndRed50=93 (2s, total 11m)
[82/150] extr_it87.c_set_in: Oz=45 RndRed50=45 (4s, total 11m)
[83/150] extr_nct6775.c_step_time_from_reg: Oz=4 RndRed50=4 (4s, total 11m)
[84/150] extr_pc87360.c_therm_crit_alarm_show: Oz=15 RndRed50=15 (4s, total 11m)
[85/150] extr_i2c-core-base.c_i2c_transfer_buffer_flags: Oz=25 RndRed50=24 (4s, total 11m)
[86/150] extr_verbs.c_rdma_update_sgid_attr: Oz=17 RndRed50=17 (4s, total 11m)
[87/150] extr_cal.c_find_format_by_code: Oz=18 RndRed50=19 (4s, total 11m)
[88/150] extr_sge.c_rspq_next: Oz=30 RndRed50=28 (4s, total 11m)
[89/150] extr_dpaa2-eth.c_setup_xdp: Oz=81 RndRed50=80 (2s, total 11m)
[90/150] extr_ich8lan.c_e1000_phy_hw_reset_ich8lan: Oz=20 RndRed50=20 (4s, total 11m)
[91/150] extr_ice_virtchnl_pf.c_ice_vf_set_vsi_promisc: Oz=30 RndRed50=28 (4s, total 11m)
[92/150] extr_spectrum_acl_erp.c_mlxsw_sp_acl_erp_bf_insert: Oz=17 RndRed50=17 (4s, total 11m)
[93/150] extr_w5100.c_w5100_get_link: Oz=13 RndRed50=13 (4s, total 11m)
[94/150] extr_ll_temac_main.c__temac_ior_be: Oz=6 RndRed50=6 (4s, total 11m)
[95/150] extr_sdio.c_brcmf_sdio_update_hwhdr: Oz=7 RndRed50=7 (4s, total 12m)
[96/150] extr_tx.c_iwl_pcie_txq_set_ratid_map: Oz=17 RndRed50=21 (4s, total 12m)
[97/150] extr_sta_tx.c_mwifiex_check_last_packet_indication: Oz=28 RndRed50=28 (4s, total 12m)
[98/150] extr_btt.c_btt_fini: Oz=9 RndRed50=9 (1s, total 12m)
[99/150] extr_rsrc_nonstatic.c_validate_mem: Oz=26 RndRed50=26 (3s, total 12m)
[100/150] extr_phy-meson-g12a-usb3-pcie.c_phy_g12a_usb3_pcie_exit: Oz=5 RndRed50=5 (4s, total 12m)
[101/150] extr_acerhdf.c_str_starts_with: Oz=10 RndRed50=10 (4s, total 12m)
[102/150] extr_..NCR5380.h_NCR5380_dma_xfer_none: Oz=1 RndRed50=1 (4s, total 12m)
[103/150] extr_esp_scsi.c_esp_init_swstate: Oz=20 RndRed50=31 (4s, total 12m)
[104/150] extr_hpsa.c_hpsa_set_bus_target_lun: Oz=7 RndRed50=6 (4s, total 12m)
[105/150] extr_mpt3sas_ctl.c_reply_queue_count_show: Oz=19 RndRed50=19 (4s, total 12m)
[106/150] extr_rtw_recv.c_count_rx_stats: Oz=39 RndRed50=34 (1s, total 12m)
[107/150] extr_vhci_sysfs.c_status_show: Oz=19 RndRed50=19 (4s, total 12m)
[108/150] extr_xen-front-pgdir-shbuf.c_xen_front_pgdir_shbuf_alloc: Oz=39 RndRed50=39 (4s, total 12m)
[109/150] extr_disk-io.c_btrfs_check_super_csum: Oz=29 RndRed50=30 (4s, total 12m)
[110/150] extr_userdlm.c_user_dlm_write_lvb: Oz=18 RndRed50=18 (4s, total 12m)
[111/150] extr_base.c_proc_flush_task: Oz=25 RndRed50=25 (4s, total 12m)
[112/150] extr_inode.c_init_once: Oz=3 RndRed50=3 (4s, total 13m)
[113/150] extr_audit_watch.c_audit_remove_watch: Oz=8 RndRed50=8 (4s, total 13m)
[114/150] extr_clockevents.c_clockevents_unbind: Oz=14 RndRed50=14 (1s, total 13m)
[115/150] extr_bridge_loop_avoidance.h_batadv_bla_tx: Oz=1 RndRed50=1 (3s, total 13m)
[116/150] extr_ccid3.c_ccid3_hc_tx_update_s: Oz=9 RndRed50=9 (3s, total 13m)
[117/150] extr_tcp_illinois.c_tcp_illinois_info: Oz=31 RndRed50=31 (4s, total 13m)
[118/150] extr_udp_diag.c_udp_diag_dump: Oz=2 RndRed50=2 (4s, total 13m)
[119/150] extr_mcast.c_mld_update_qi: Oz=19 RndRed50=19 (4s, total 13m)
[120/150] extr_digital_dep.c_digital_recv_dep_data_gather: Oz=66 RndRed50=66 (4s, total 13m)
[121/150] extr_ib.c_rds_ib_remove_one: Oz=14 RndRed50=14 (4s, total 13m)
[122/150] extr_policy_ns.c_aa_prepare_ns: Oz=14 RndRed50=14 (2s, total 13m)
[123/150] extr_hooks.c_selinux_secmark_relabel_packet: Oz=8 RndRed50=8 (4s, total 13m)
[124/150] extr_pcm_native.c_do_pcm_hwsync: Oz=28 RndRed50=28 (5s, total 13m)
[125/150] extr_phase.c_wm_mute_info: Oz=13 RndRed50=13 (4s, total 13m)
[126/150] extr_quartet.c_qtet_ak4113_read: Oz=4 RndRed50=4 (6s, total 13m)
[127/150] extr_turbostat.c_check_permissions: Oz=52 RndRed50=51 (6s, total 14m)
[128/150] extr_test_xdp_noinline.c_decap_v6: Oz=29 RndRed50=30 (6s, total 14m)
[129/150] extr_if_python.c_FunctionGetattr: Oz=18 RndRed50=18 (8s, total 14m)
[130/150] extr_mongoose.c_mg_start_process: Oz=31 RndRed50=31 (7s, total 14m)
[131/150] extr_sqlite3.c_ctimestampFunc: Oz=3 RndRed50=3 (5s, total 14m)
[132/150] extr_sqlite3.c_generateColumnTypes: Oz=29 RndRed50=28 (4s, total 14m)
[133/150] extr_....daemon..libnetdataadaptive_resortable_listadaptive_resortable_list.h_arl_check: Oz=61 RndRed50=58 (4s, total 14m)
[134/150] extr_ngx_regex.c_ngx_regex_module_init: Oz=53 RndRed50=53 (2s, total 14m)
[135/150] extr_color-grade-filter.c_color_grade_filter_defaults: Oz=3 RndRed50=3 (5s, total 14m)
[136/150] extr_acado_solver.c_acado_multRDy: Oz=29 RndRed50=27 (4s, total 14m)
[137/150] extr_kdf_meth.c_EVP_KDF_fetch: Oz=6 RndRed50=6 (4s, total 14m)
[138/150] extr_core_namemap.c_namenum_free: Oz=8 RndRed50=8 (4s, total 14m)
[139/150] extr_fe-protocol2.c_pqBuildStartupPacket2: Oz=42 RndRed50=41 (4s, total 15m)
[140/150] extr_keymap.c_matrix_init_user: Oz=3 RndRed50=3 (4s, total 15m)
[141/150] extr_radare2.c_main: Oz=12 RndRed50=12 (2s, total 15m)
[142/150] extr_sdbht.h_sdbkv_key_len: Oz=3 RndRed50=3 (4s, total 15m)
[143/150] extr_wldap32.h_strWtoA: Oz=12 RndRed50=12 (5s, total 15m)
[144/150] extr_data.c_tmpdir: Oz=12 RndRed50=11 (5s, total 15m)
[145/150] extr_helloworld.c_HelloPushCall2_RedisCommand: Oz=15 RndRed50=15 (4s, total 15m)
[146/150] extr_ngx_http_user_agent_module.c_ngx_http_user_agent_get_version: Oz=119 RndRed50=122 (5s, total 15m)
[147/150] extr_process_utility.c_process_drop_table: Oz=17 RndRed50=17 (4s, total 15m)
[148/150] extr_sd.c_bdsm_SdOpen: Oz=37 RndRed50=38 (2s, total 15m)
[149/150] extr_fingerprinter.c_fingerprinter_Create: Oz=16 RndRed50=16 (4s, total 15m)
[150/150] extr_fmd_api.c_fmd_hdl_alloc: Oz=2 RndRed50=2 (4s, total 15m)

Done: 150 measured/existing, 0 skipped, 0 failed
Aggregated 150 measured (0 skipped/failed) -> results/battery/anghabench-v1/_aggregate.json
  totals: O0=8902 O3=4193 Oz=4043 RndRed50=4006
