/root/venv-cgym/lib/python3.10/site-packages/networkx/readwrite/json_graph/node_link.py:287: FutureWarning: 
The default value will be changed to `edges="edges" in NetworkX 3.6.

To make this warning go away, explicitly set the edges kwarg, e.g.:

  nx.node_link_graph(data, edges="links") to preserve current behavior, or
  nx.node_link_graph(data, edges="edges") for forward compatibility.
  warnings.warn(
Suite benchmark://github-v0: 150 programs (seed 42, max-ic 120000)
Installing the benchmark://github-v0 dataset. This may take a few moments ...
[1/150] 368: Oz=20 RndRed50=20 (580s, total 10m)
[2/150] 1544: Oz=0 RndRed50=0 (3s, total 10m)
[3/150] 1738: Oz=64 RndRed50=64 (2s, total 10m)
[4/150] 1865: Oz=1624 RndRed50=1618 (4s, total 10m)
[5/150] 2188: Oz=2657 RndRed50=2657 (5s, total 10m)
[6/150] 2913: Oz=693 RndRed50=688 (4s, total 10m)
[7/150] 3182: Oz=484 RndRed50=483 (3s, total 10m)
[8/150] 3388: Oz=5 RndRed50=5 (-0s, total 10m)
[9/150] 3818: Oz=712 RndRed50=707 (4s, total 10m)
[10/150] 3965: Oz=764 RndRed50=764 (3s, total 10m)
[11/150] 4293: Oz=162 RndRed50=162 (3s, total 10m)
[12/150] 4456: Oz=120 RndRed50=73 (3s, total 10m)
[13/150] 4534: Oz=88 RndRed50=88 (3s, total 10m)
[14/150] 4603: Oz=28 RndRed50=28 (3s, total 10m)
[15/150] 4703: Oz=22 RndRed50=22 (3s, total 10m)
[16/150] 4861: Oz=24 RndRed50=24 (3s, total 10m)
[17/150] 5727: Oz=855 RndRed50=855 (3s, total 10m)
[18/150] 6547: Oz=42 RndRed50=42 (3s, total 11m)
[19/150] 6648: Oz=851 RndRed50=726 (1s, total 11m)
[20/150] 7153: Oz=55 RndRed50=55 (3s, total 11m)
[21/150] 7157: Oz=161 RndRed50=161 (3s, total 11m)
[22/150] 7870: Oz=215 RndRed50=208 (3s, total 11m)
[23/150] 8192: Oz=57 RndRed50=57 (3s, total 11m)
[24/150] 8414: Oz=193 RndRed50=193 (2s, total 11m)
[25/150] 9276: Oz=900 RndRed50=897 (3s, total 11m)
[26/150] 9647: Oz=10698 RndRed50=10698 (41s, total 11m)
[27/150] 9899: Oz=10 RndRed50=10 (3s, total 12m)
[28/150] 10171: Oz=589 RndRed50=585 (4s, total 12m)
[29/150] 10230: Oz=157 RndRed50=150 (5s, total 12m)
[30/150] 10909: Oz=1 RndRed50=1 (3s, total 12m)
[31/150] 11507: Oz=2364 RndRed50=2363 (7s, total 12m)
[32/150] 11513: Oz=385 RndRed50=385 (4s, total 12m)
[33/150] 11877: Oz=30 RndRed50=30 (3s, total 12m)
[34/150] 12145: Oz=28 RndRed50=28 (1s, total 12m)
[35/150] 12447: Oz=495 RndRed50=492 (4s, total 12m)
[36/150] 13983: Oz=343 RndRed50=343 (4s, total 12m)
[37/150] 14002: Oz=55 RndRed50=53 (3s, total 12m)
[38/150] 14021: Oz=203 RndRed50=203 (4s, total 12m)
[39/150] 14577: Oz=257 RndRed50=257 (4s, total 12m)
[40/150] 15374: Oz=115 RndRed50=115 (4s, total 12m)
[41/150] 15781: Oz=58 RndRed50=57 (4s, total 12m)
[42/150] 16446: Oz=74 RndRed50=74 (4s, total 12m)
[43/150] 16668: Oz=56 RndRed50=56 (1s, total 12m)
[44/150] 17710: Oz=11 RndRed50=11 (3s, total 13m)
[45/150] 18028: Oz=5048 RndRed50=5043 (8s, total 13m)
[46/150] 18498: Oz=278 RndRed50=270 (4s, total 13m)
[47/150] 18638: Oz=108 RndRed50=108 (4s, total 13m)
[48/150] 18829: Oz=208 RndRed50=208 (4s, total 13m)
[49/150] 19684: Oz=7 RndRed50=7 (4s, total 13m)
[50/150] 20427: Oz=28 RndRed50=28 (3s, total 13m)
[51/150] 20778: Oz=18 RndRed50=18 (4s, total 13m)
[52/150] 20861: Oz=225 RndRed50=218 (5s, total 13m)
[53/150] 21938: Oz=2678 RndRed50=2678 (6s, total 13m)
[54/150] 22085: Oz=228 RndRed50=228 (4s, total 13m)
[55/150] 22177: Oz=6574 RndRed50=6572 (8s, total 13m)
[56/150] 22181: Oz=1192 RndRed50=1183 (4s, total 13m)
[57/150] 22228: Oz=208 RndRed50=208 (1s, total 14m)
[58/150] 22316: Oz=420 RndRed50=420 (4s, total 14m)
[59/150] 22468: Oz=0 RndRed50=0 (3s, total 14m)
[60/150] 22589: Oz=19 RndRed50=19 (3s, total 14m)
[61/150] 22811: Oz=5 RndRed50=5 (3s, total 14m)
[62/150] 22820: Oz=5 RndRed50=5 (3s, total 14m)
[63/150] 23278: Oz=444 RndRed50=427 (4s, total 14m)
[64/150] 23462: Oz=70 RndRed50=69 (4s, total 14m)
[65/150] 23640: Oz=4488 RndRed50=4488 (2s, total 14m)
[66/150] 23789: Oz=255 RndRed50=255 (2s, total 14m)
[67/150] 23891: Oz=235 RndRed50=231 (3s, total 14m)
[68/150] 23907: Oz=231 RndRed50=228 (4s, total 14m)
[69/150] 24097: Oz=837 RndRed50=833 (3s, total 14m)
[70/150] 25186: Oz=54 RndRed50=54 (3s, total 14m)
[71/150] 25297: Oz=39 RndRed50=39 (3s, total 14m)
[72/150] 25619: Oz=17901 RndRed50=17843 (15s, total 15m)
[73/150] 25948: Oz=44 RndRed50=44 (3s, total 15m)
[74/150] 26605: Oz=1115 RndRed50=1115 (5s, total 15m)
[75/150] 27559: Oz=2457 RndRed50=2457 (6s, total 15m)
[76/150] 27631: Oz=106 RndRed50=106 (3s, total 15m)
[77/150] 28136: Oz=22 RndRed50=22 (3s, total 15m)
[78/150] 28140: Oz=6430 RndRed50=6428 (8s, total 15m)
[79/150] 28233: Oz=5314 RndRed50=5309 (5s, total 15m)
[80/150] 28426: Oz=1750 RndRed50=1749 (4s, total 15m)
[81/150] 28663: Oz=6 RndRed50=6 (3s, total 15m)
[82/150] 28727: Oz=307 RndRed50=307 (5s, total 15m)
[83/150] 28736: Oz=78 RndRed50=78 (3s, total 15m)
[84/150] 28895: Oz=31 RndRed50=31 (3s, total 15m)
[85/150] 29194: Oz=48 RndRed50=48 (3s, total 15m)
[86/150] 30603: Oz=0 RndRed50=0 (3s, total 15m)
[87/150] 31935: Oz=11 RndRed50=11 (1s, total 15m)
[88/150] 32001: Oz=1100 RndRed50=544 (5s, total 16m)
[89/150] 32209: Oz=2305 RndRed50=2302 (10s, total 16m)
[90/150] 32291: Oz=2387 RndRed50=2318 (9s, total 16m)
[91/150] 32597: Oz=11 RndRed50=11 (4s, total 16m)
[92/150] 33114: Oz=204 RndRed50=204 (1s, total 16m)
[93/150] 33186: Oz=16 RndRed50=16 (3s, total 16m)
[94/150] 33696: Oz=86 RndRed50=86 (4s, total 16m)
[95/150] 33882: Oz=2647 RndRed50=2643 (6s, total 16m)
[96/150] 33924: Oz=2374 RndRed50=2374 (5s, total 16m)
[97/150] 34307: Oz=127 RndRed50=127 (3s, total 16m)
[98/150] 34569: Oz=851 RndRed50=851 (4s, total 16m)
[99/150] 34571: Oz=122 RndRed50=120 (2s, total 16m)
[100/150] 34751: Oz=49 RndRed50=49 (3s, total 16m)
[101/150] 35245: Oz=1316 RndRed50=1312 (1s, total 16m)
[102/150] 35426: Oz=11 RndRed50=11 (3s, total 17m)
[103/150] 35443: Oz=8 RndRed50=8 (3s, total 17m)
[104/150] 35705: Oz=590 RndRed50=590 (3s, total 17m)
[105/150] 36249: Oz=12 RndRed50=12 (2s, total 17m)
[106/150] 37171: Oz=59 RndRed50=59 (3s, total 17m)
[107/150] 37586: Oz=113 RndRed50=111 (3s, total 17m)
[108/150] 37658: Oz=24 RndRed50=24 (3s, total 17m)
[109/150] 38308: Oz=1148 RndRed50=1139 (4s, total 17m)
[110/150] 38407: Oz=713 RndRed50=713 (3s, total 17m)
[111/150] 38441: Oz=61 RndRed50=61 (1s, total 17m)
[112/150] 38719: Oz=81 RndRed50=81 (3s, total 17m)
[113/150] 38831: Oz=77483 RndRed50=77483 (100s, total 19m)
[114/150] 39190: Oz=59 RndRed50=59 (3s, total 19m)
[115/150] 39451: Oz=1869 RndRed50=1868 (4s, total 19m)
[116/150] 39593: Oz=940 RndRed50=927 (3s, total 19m)
[117/150] 39598: Oz=10 RndRed50=10 (3s, total 19m)
[118/150] 39620: Oz=6 RndRed50=6 (0s, total 19m)
[119/150] 39812: Oz=169 RndRed50=169 (3s, total 19m)
[120/150] 39929: Oz=374 RndRed50=374 (3s, total 19m)
[121/150] 40336: Oz=5356 RndRed50=5356 (7s, total 19m)
[122/150] 40349: Oz=701 RndRed50=701 (4s, total 19m)
[123/150] 40421: Oz=276 RndRed50=276 (4s, total 19m)
[124/150] 40804: Oz=294 RndRed50=284 (3s, total 19m)
[125/150] 40820: Oz=153 RndRed50=141 (3s, total 19m)
[126/150] 41647: Oz=388 RndRed50=388 (4s, total 19m)
[127/150] 41692: Oz=126 RndRed50=125 (1s, total 19m)
[128/150] 41901: Oz=16986 RndRed50=15193 (12s, total 20m)
[129/150] 42183: Oz=2 RndRed50=2 (3s, total 20m)
[130/150] 42205: Oz=1294 RndRed50=1293 (4s, total 20m)
[131/150] 42224: Oz=63 RndRed50=62 (4s, total 20m)
[132/150] 42504: Oz=18 RndRed50=18 (3s, total 20m)
[133/150] 42663: Oz=4 RndRed50=4 (1s, total 20m)
[134/150] 43293: Oz=2310 RndRed50=2306 (9s, total 20m)
[135/150] 43358: Oz=149 RndRed50=149 (4s, total 20m)
[136/150] 43431: Oz=1 RndRed50=1 (4s, total 20m)
[137/150] 43442: Oz=1 RndRed50=1 (4s, total 20m)
[138/150] 44920: Oz=469 RndRed50=469 (5s, total 20m)
[139/150] 45192: Oz=509 RndRed50=509 (5s, total 20m)
[140/150] 45481: Oz=7438 RndRed50=7434 (8s, total 21m)
[141/150] 45826: Oz=111 RndRed50=111 (4s, total 21m)
[142/150] 46671: Oz=2122 RndRed50=2089 (5s, total 21m)
[143/150] 46848: Oz=715 RndRed50=715 (4s, total 21m)
[144/150] 47579: Oz=233 RndRed50=233 (3s, total 21m)
[145/150] 48996: Oz=640 RndRed50=634 (4s, total 21m)
[146/150] 49139: Oz=34 RndRed50=34 (3s, total 21m)
[147/150] 49350: Oz=110 RndRed50=110 (2s, total 21m)
[148/150] 49841: Oz=68 RndRed50=65 (3s, total 21m)
[149/150] 50339: Oz=27 RndRed50=27 (3s, total 21m)
[150/150] 50626: Oz=1 RndRed50=1 (3s, total 21m)

Done: 150 measured/existing, 0 skipped, 0 failed
Aggregated 150 measured (0 skipped/failed) -> results/battery/github-v0/_aggregate.json
  totals: O0=224490 O3=222369 Oz=224171 RndRed50=221297
/root/venv-cgym/lib/python3.10/site-packages/networkx/readwrite/json_graph/node_link.py:287: FutureWarning: 
The default value will be changed to `edges="edges" in NetworkX 3.6.

To make this warning go away, explicitly set the edges kwarg, e.g.:

  nx.node_link_graph(data, edges="links") to preserve current behavior, or
  nx.node_link_graph(data, edges="edges") for forward compatibility.
  warnings.warn(
Suite benchmark://github-v0: 150 programs (seed 42, max-ic 120000)

Done: 150 measured/existing, 0 skipped, 0 failed
Aggregated 150 measured (0 skipped/failed) -> results/battery/github-v0/_aggregate.json
  totals: O0=224490 O3=222369 Oz=224171 RndRed50=221297
