[gnn seed=456] 347 programs, 0 done, 347 pending, workers=3
  1/347 benchmark://blas-v0/111: ok (170.94s) repro samples 8/8 argmax Y | bo8 plain 485 attr 485 | oz plain 500 attr 500
  2/347 benchmark://blas-v0/105: ok (171.51s) repro samples 8/8 argmax Y | bo8 plain 430 attr 430 | oz plain 430 attr 430
  3/347 benchmark://blas-v0/101: ok (181.77s) repro samples 8/8 argmax Y | bo8 plain 1076 attr 1076 | oz plain 1104 attr 1104
  4/347 benchmark://blas-v0/112: ok (89.53s) repro samples 8/8 argmax Y | bo8 plain 68 attr 68 | oz plain 68 attr 68
  5/347 benchmark://blas-v0/127: ok (92.3s) repro samples 8/8 argmax Y | bo8 plain 208 attr 208 | oz plain 208 attr 208
  6/347 benchmark://blas-v0/122: ok (185.89s) repro samples 8/8 argmax Y | bo8 plain 1264 attr 1264 | oz plain 1287 attr 1287
  7/347 benchmark://blas-v0/125: ok (192.19s) repro samples 8/8 argmax Y | bo8 plain 1492 attr 1492 | oz plain 1546 attr 1546
  8/347 benchmark://blas-v0/133: ok (181.88s) repro samples 8/8 argmax Y | bo8 plain 1138 attr 1138 | oz plain 1150 attr 1150
  9/347 benchmark://blas-v0/136: ok (184.18s) repro samples 8/8 argmax Y | bo8 plain 1113 attr 1113 | oz plain 1125 attr 1125
  10/347 benchmark://blas-v0/138: ok (219.61s) repro samples 8/8 argmax Y | bo8 plain 2439 attr 2439 | oz plain 2480 attr 2480
  11/347 benchmark://blas-v0/153: ok (172.44s) repro samples 8/8 argmax Y | bo8 plain 568 attr 568 | oz plain 583 attr 583
  12/347 benchmark://blas-v0/158: ok (174.45s) repro samples 8/8 argmax Y | bo8 plain 761 attr 761 | oz plain 818 attr 818
  13/347 benchmark://blas-v0/166: ok (212.16s) repro samples 8/8 argmax Y | bo8 plain 2408 attr 2408 | oz plain 2458 attr 2458
protocol fingerprint changed: use a new output directory or restore the protocol
[gnn seed=456] 347 programs, 13 done, 334 pending, workers=4
  1/334 benchmark://blas-v0/19: ok (89.33s) repro samples 8/8 argmax Y | bo8 plain 104 attr 104 | oz plain 110 attr 110
  2/334 benchmark://blas-v0/184: ok (90.59s) repro samples 8/8 argmax Y | bo8 plain 180 attr 180 | oz plain 180 attr 180
  3/334 benchmark://blas-v0/178: ok (165.67s) repro samples 8/8 argmax Y | bo8 plain 487 attr 487 | oz plain 491 attr 491
  4/334 benchmark://blas-v0/180: ok (175.0s) repro samples 8/8 argmax Y | bo8 plain 1043 attr 1043 | oz plain 1069 attr 1069
  5/334 benchmark://blas-v0/191: ok (157.94s) repro samples 8/8 argmax Y | bo8 plain 253 attr 253 | oz plain 262 attr 262
  6/334 benchmark://blas-v0/194: ok (161.66s) repro samples 8/8 argmax Y | bo8 plain 259 attr 259 | oz plain 262 attr 262
  7/334 benchmark://blas-v0/201: ok (86.1s) repro samples 8/8 argmax Y | bo8 plain 150 attr 150 | oz plain 162 attr 162
  8/334 benchmark://blas-v0/203: ok (85.26s) repro samples 8/8 argmax Y | bo8 plain 84 attr 84 | oz plain 86 attr 86
  9/334 benchmark://blas-v0/206: ok (89.26s) repro samples 8/8 argmax Y | bo8 plain 140 attr 140 | oz plain 140 attr 140
  10/334 benchmark://blas-v0/196: ok (181.91s) repro samples 8/8 argmax Y | bo8 plain 1228 attr 1228 | oz plain 1264 attr 1264
  11/334 benchmark://blas-v0/215: ok (118.9s) repro samples 8/8 argmax Y | bo8 plain 136 attr 136 | oz plain 136 attr 136
  12/334 benchmark://blas-v0/21: ok (201.85s) repro samples 8/8 argmax Y | bo8 plain 827 attr 827 | oz plain 827 attr 827
  13/334 benchmark://blas-v0/220: ok (116.46s) repro samples 8/8 argmax Y | bo8 plain 46 attr 46 | oz plain 48 attr 48
  14/334 benchmark://blas-v0/210: ok (229.48s) repro samples 8/8 argmax Y | bo8 plain 1257 attr 1257 | oz plain 1295 attr 1295
  15/334 benchmark://blas-v0/229: ok (122.86s) repro samples 8/8 argmax Y | bo8 plain 178 attr 178 | oz plain 178 attr 178
  16/334 benchmark://blas-v0/222: ok (212.98s) repro samples 8/8 argmax Y | bo8 plain 807 attr 807 | oz plain 822 attr 822
  17/334 benchmark://blas-v0/226: ok (217.4s) repro samples 8/8 argmax Y | bo8 plain 1121 attr 1121 | oz plain 1130 attr 1130
  18/334 benchmark://blas-v0/23: ok (209.97s) repro samples 8/8 argmax Y | bo8 plain 1342 attr 1342 | oz plain 1387 attr 1387
  19/334 benchmark://blas-v0/234: ok (205.88s) repro samples 8/8 argmax Y | bo8 plain 1312 attr 1312 | oz plain 1401 attr 1401
  20/334 benchmark://blas-v0/239: ok (208.99s) repro samples 8/8 argmax Y | bo8 plain 1359 attr 1359 | oz plain 1384 attr 1384
  21/334 benchmark://blas-v0/247: ok (204.17s) repro samples 8/8 argmax Y | bo8 plain 1329 attr 1329 | oz plain 1371 attr 1371
  22/334 benchmark://blas-v0/254: ok (94.87s) repro samples 8/8 argmax Y | bo8 plain 47 attr 47 | oz plain 47 attr 47
  23/334 benchmark://blas-v0/256: ok (98.21s) repro samples 8/8 argmax Y | bo8 plain 148 attr 148 | oz plain 148 attr 148
  24/334 benchmark://blas-v0/257: ok (97.25s) repro samples 8/8 argmax Y | bo8 plain 71 attr 71 | oz plain 71 attr 71
  25/334 benchmark://blas-v0/25: ok (228.2s) repro samples 8/8 argmax Y | bo8 plain 2551 attr 2551 | oz plain 2624 attr 2624
  26/334 benchmark://blas-v0/27: ok (94.17s) repro samples 8/8 argmax Y | bo8 plain 205 attr 205 | oz plain 204 attr 204
  27/334 benchmark://blas-v0/277: ok (93.28s) repro samples 8/8 argmax Y | bo8 plain 208 attr 208 | oz plain 208 attr 208
  28/334 benchmark://blas-v0/267: ok (222.16s) repro samples 8/8 argmax Y | bo8 plain 2175 attr 2175 | oz plain 2226 attr 2226
  29/334 benchmark://blas-v0/288: ok (76.89s) repro samples 8/8 argmax Y | bo8 plain 7 attr 7 | oz plain 7 attr 7
  30/334 benchmark://blas-v0/35: ok (91.98s) repro samples 8/8 argmax Y | bo8 plain 16 attr 16 | oz plain 16 attr 16
  31/334 benchmark://blas-v0/285: ok (201.37s) repro samples 8/8 argmax Y | bo8 plain 1555 attr 1555 | oz plain 1651 attr 1651
  32/334 benchmark://blas-v0/49: ok (86.82s) repro samples 8/8 argmax Y | bo8 plain 71 attr 71 | oz plain 71 attr 71
  33/334 benchmark://blas-v0/298: ok (183.11s) repro samples 8/8 argmax Y | bo8 plain 763 attr 763 | oz plain 812 attr 812
  34/334 benchmark://blas-v0/53: ok (89.93s) repro samples 8/8 argmax Y | bo8 plain 183 attr 183 | oz plain 182 attr 182
  35/334 benchmark://blas-v0/50: ok (176.45s) repro samples 8/8 argmax Y | bo8 plain 699 attr 699 | oz plain 713 attr 713
  36/334 benchmark://blas-v0/65: ok (172.43s) repro samples 8/8 argmax Y | bo8 plain 644 attr 644 | oz plain 683 attr 683
  37/334 benchmark://blas-v0/80: ok (164.78s) repro samples 8/8 argmax Y | bo8 plain 412 attr 412 | oz plain 413 attr 413
  38/334 benchmark://chstone-v0/adpcm: ok (170.66s) repro samples 8/8 argmax Y | bo8 plain 728 attr 728 | oz plain 966 attr 737
  39/334 benchmark://chstone-v0/dfadd: ok (153.04s) repro samples 8/8 argmax Y | bo8 plain 402 attr 402 | oz plain 422 attr 422
  40/334 benchmark://chstone-v0/aes: ok (198.98s) repro samples 8/8 argmax Y | bo8 plain 1965 attr 1965 | oz plain 1987 attr 1970
  41/334 benchmark://chstone-v0/blowfish: ok (171.91s) repro samples 8/8 argmax Y | bo8 plain 1122 attr 1122 | oz plain 1214 attr 1134
[gnn seed=456] 347 programs, 54 done, 293 pending, workers=3
  1/293 benchmark://chstone-v0/dfmul: ok (53.68s) repro samples 8/8 argmax Y | bo8 plain 334 attr 334 | oz plain 349 attr 349
  2/293 benchmark://chstone-v0/dfdiv: ok (55.61s) repro samples 8/8 argmax Y | bo8 plain 430 attr 430 | oz plain 435 attr 435
  3/293 benchmark://chstone-v0/dfsin: ok (60.11s) repro samples 8/8 argmax Y | bo8 plain 868 attr 868 | oz plain 904 attr 904
  4/293 benchmark://chstone-v0/mips: ok (48.09s) repro samples 8/8 argmax Y | bo8 plain 376 attr 376 | oz plain 392 attr 375
  5/293 benchmark://chstone-v0/gsm: ok (55.16s) repro samples 8/8 argmax Y | bo8 plain 743 attr 743 | oz plain 843 attr 669
  6/293 benchmark://chstone-v0/jpeg: ok (68.36s) repro samples 8/8 argmax Y | bo8 plain 1474 attr 1474 | oz plain 1590 attr 1496
  7/293 benchmark://chstone-v0/sha: ok (49.86s) repro samples 8/8 argmax Y | bo8 plain 298 attr 298 | oz plain 348 attr 292
  8/293 benchmark://chstone-v0/motion: ok (51.83s) repro samples 8/8 argmax Y | bo8 plain 375 attr 375 | oz plain 384 attr 354
  9/293 generator://csmith-v0/1: ok (58.22s) repro samples 8/8 argmax Y | bo8 plain 441 attr 441 | oz plain 666 attr 388
  10/293 generator://csmith-v0/13: ok (31.1s) repro samples 8/8 argmax Y | bo8 plain 71 attr 71 | oz plain 88 attr 60
  11/293 generator://csmith-v0/14: ok (30.49s) repro samples 8/8 argmax Y | bo8 plain 89 attr 89 | oz plain 88 attr 60
  12/293 generator://csmith-v0/12: ok (55.23s) repro samples 8/8 argmax Y | bo8 plain 450 attr 450 | oz plain 550 attr 423
  13/293 generator://csmith-v0/17: ok (31.15s) repro samples 8/8 argmax Y | bo8 plain 112 attr 112 | oz plain 130 attr 102
  14/293 generator://csmith-v0/18: ok (31.49s) repro samples 8/8 argmax Y | bo8 plain 130 attr 130 | oz plain 131 attr 103
  15/293 generator://csmith-v0/21: ok (29.61s) repro samples 8/8 argmax Y | bo8 plain 71 attr 71 | oz plain 110 attr 60
  16/293 generator://csmith-v0/19: ok (56.32s) repro samples 8/8 argmax Y | bo8 plain 434 attr 434 | oz plain 508 attr 381
  17/293 generator://csmith-v0/24: ok (39.57s) repro samples 8/8 argmax Y | bo8 plain 200 attr 200 | oz plain 254 attr 187
  18/293 generator://csmith-v0/26: ok (81.36s) repro samples 8/8 argmax Y | bo8 plain 2430 attr 2430 | oz plain 2740 attr 2427
  19/293 generator://csmith-v0/29: ok (63.59s) repro samples 8/8 argmax Y | bo8 plain 522 attr 522 | oz plain 690 attr 423
  20/293 generator://csmith-v0/27: ok (84.74s) repro samples 8/8 argmax Y | bo8 plain 2099 attr 2099 | oz plain 2267 attr 2088
  21/293 generator://csmith-v0/31: ok (57.65s) repro samples 8/8 argmax Y | bo8 plain 347 attr 347 | oz plain 449 attr 332
  22/293 generator://csmith-v0/30: ok (75.35s) repro samples 8/8 argmax Y | bo8 plain 1864 attr 1864 | oz plain 2126 attr 1862
  23/293 generator://csmith-v0/32: ok (62.67s) repro samples 8/8 argmax Y | bo8 plain 563 attr 563 | oz plain 739 attr 497
  24/293 generator://csmith-v0/33: ok (30.28s) repro samples 8/8 argmax Y | bo8 plain 110 attr 110 | oz plain 142 attr 100
  25/293 generator://csmith-v0/34: ok (28.91s) repro samples 8/8 argmax Y | bo8 plain 69 attr 69 | oz plain 119 attr 60
  26/293 generator://csmith-v0/36: ok (60.21s) repro samples 8/8 argmax Y | bo8 plain 951 attr 951 | oz plain 1387 attr 864
  27/293 generator://csmith-v0/38: ok (66.61s) repro samples 8/8 argmax Y | bo8 plain 1639 attr 1639 | oz plain 1997 attr 1627
  28/293 generator://csmith-v0/40: ok (71.0s) repro samples 8/8 argmax Y | bo8 plain 974 attr 974 | oz plain 616 attr 451
  29/293 generator://csmith-v0/41: ok (50.81s) repro samples 8/8 argmax Y | bo8 plain 380 attr 380 | oz plain 433 attr 306
  30/293 generator://csmith-v0/43: ok (52.4s) repro samples 8/8 argmax Y | bo8 plain 374 attr 374 | oz plain 419 attr 313
  31/293 generator://csmith-v0/44: ok (59.43s) repro samples 8/8 argmax Y | bo8 plain 672 attr 672 | oz plain 751 attr 595
  32/293 generator://csmith-v0/45: ok (55.3s) repro samples 8/8 argmax Y | bo8 plain 642 attr 642 | oz plain 1149 attr 623
  33/293 generator://csmith-v0/5: ok (29.49s) repro samples 8/8 argmax Y | bo8 plain 89 attr 89 | oz plain 108 attr 80
  34/293 generator://csmith-v0/46: ok (50.13s) repro samples 8/8 argmax Y | bo8 plain 365 attr 365 | oz plain 346 attr 307
  35/293 benchmark://mibench-v1/bitcount-1: ok (27.88s) repro samples 8/8 argmax Y | bo8 plain 45 attr 45 | oz plain 45 attr 45
  36/293 generator://csmith-v0/6: ok (51.68s) repro samples 8/8 argmax Y | bo8 plain 331 attr 331 | oz plain 536 attr 302
  37/293 generator://csmith-v0/8: ok (57.57s) repro samples 8/8 argmax Y | bo8 plain 604 attr 604 | oz plain 687 attr 596
  38/293 benchmark://mibench-v1/bitcount-2: ok (28.06s) repro samples 8/8 argmax Y | bo8 plain 49 attr 49 | oz plain 49 attr 49
  39/293 benchmark://mibench-v1/dijkstra: ok (28.04s) repro samples 8/8 argmax Y | bo8 plain 44 attr 44 | oz plain 46 attr 46
  40/293 benchmark://mibench-v1/fft-1: ok (26.29s) repro samples 8/8 argmax Y | bo8 plain 47 attr 47 | oz plain 47 attr 47
  41/293 benchmark://mibench-v1/fft-2: ok (29.71s) repro samples 8/8 argmax Y | bo8 plain 129 attr 129 | oz plain 129 attr 129
  42/293 benchmark://mibench-v1/ghostscript: ok (28.55s) repro samples 8/8 argmax Y | bo8 plain 54 attr 54 | oz plain 54 attr 54
  43/293 benchmark://mibench-v1/gsm-1: ok (28.06s) repro samples 8/8 argmax Y | bo8 plain 80 attr 80 | oz plain 95 attr 95
  44/293 benchmark://mibench-v1/gsm-2: ok (28.43s) repro samples 8/8 argmax Y | bo8 plain 83 attr 83 | oz plain 85 attr 85
  45/293 benchmark://mibench-v1/jpeg-c: ok (34.05s) repro samples 8/8 argmax Y | bo8 plain 201 attr 201 | oz plain 200 attr 200
  46/293 benchmark://mibench-v1/jpeg-c-1: ok (27.73s) repro samples 8/8 argmax Y | bo8 plain 71 attr 71 | oz plain 70 attr 70
  47/293 benchmark://mibench-v1/jpeg-c-2: ok (28.8s) repro samples 8/8 argmax Y | bo8 plain 137 attr 137 | oz plain 139 attr 139
  48/293 benchmark://mibench-v1/jpeg-c-3: ok (28.92s) repro samples 8/8 argmax Y | bo8 plain 131 attr 131 | oz plain 132 attr 132
  49/293 benchmark://mibench-v1/lame-newmdct-2: ok (27.77s) repro samples 8/8 argmax Y | bo8 plain 83 attr 83 | oz plain 80 attr 80
  50/293 benchmark://mibench-v1/lame-newmdct-1: ok (47.41s) repro samples 8/8 argmax Y | bo8 plain 313 attr 313 | oz plain 313 attr 313
  51/293 benchmark://mibench-v1/lame-quantize-1: ok (28.45s) repro samples 8/8 argmax Y | bo8 plain 62 attr 62 | oz plain 61 attr 61
  52/293 benchmark://mibench-v1/lame-psymodel: ok (51.81s) repro samples 8/8 argmax Y | bo8 plain 511 attr 511 | oz plain 507 attr 507
  53/293 benchmark://mibench-v1/lame-quantize-2: ok (27.99s) repro samples 8/8 argmax Y | bo8 plain 50 attr 50 | oz plain 50 attr 50
  54/293 benchmark://mibench-v1/lame-takehiro-1: ok (29.81s) repro samples 8/8 argmax Y | bo8 plain 138 attr 138 | oz plain 145 attr 145
  55/293 benchmark://mibench-v1/lame-takehiro-2: ok (28.57s) repro samples 8/8 argmax Y | bo8 plain 58 attr 58 | oz plain 60 attr 60
  56/293 benchmark://mibench-v1/mad-1: ok (32.86s) repro samples 8/8 argmax Y | bo8 plain 199 attr 199 | oz plain 297 attr 187
  57/293 benchmark://mibench-v1/mad-2: ok (29.45s) repro samples 8/8 argmax Y | bo8 plain 99 attr 99 | oz plain 97 attr 97
  58/293 benchmark://mibench-v1/pgp-d: ok (29.69s) repro samples 8/8 argmax Y | bo8 plain 59 attr 59 | oz plain 60 attr 60
  59/293 benchmark://mibench-v1/pgp-e-1: ok (30.08s) repro samples 8/8 argmax Y | bo8 plain 59 attr 59 | oz plain 60 attr 60
  60/293 benchmark://mibench-v1/pgp-e-2: ok (30.35s) repro samples 8/8 argmax Y | bo8 plain 58 attr 58 | oz plain 58 attr 58
  61/293 benchmark://mibench-v1/pgp-e-3: ok (30.1s) repro samples 8/8 argmax Y | bo8 plain 63 attr 63 | oz plain 63 attr 63
  62/293 benchmark://mibench-v1/qsort1: ok (28.49s) repro samples 8/8 argmax Y | bo8 plain 47 attr 47 | oz plain 47 attr 47
  63/293 benchmark://mibench-v1/rsynth-1: ok (29.2s) repro samples 8/8 argmax Y | bo8 plain 65 attr 65 | oz plain 65 attr 65
  64/293 benchmark://mibench-v1/rsynth-2: ok (28.76s) repro samples 8/8 argmax Y | bo8 plain 44 attr 44 | oz plain 44 attr 44
  65/293 benchmark://mibench-v1/susan-e-1: ok (29.13s) repro samples 8/8 argmax Y | bo8 plain 88 attr 88 | oz plain 88 attr 88
  66/293 benchmark://mibench-v1/susan-s: ok (29.63s) repro samples 8/8 argmax Y | bo8 plain 87 attr 87 | oz plain 87 attr 87
  67/293 benchmark://mibench-v1/tiff2rgba: ok (32.09s) repro samples 8/8 argmax Y | bo8 plain 143 attr 143 | oz plain 165 attr 165
  68/293 benchmark://mibench-v1/susan-e-2: ok (56.31s) repro samples 8/8 argmax Y | bo8 plain 685 attr 685 | oz plain 610 attr 593
  69/293 benchmark://mibench-v1/tiffdither-1: ok (30.06s) repro samples 8/8 argmax Y | bo8 plain 145 attr 145 | oz plain 145 attr 145
  70/293 benchmark://mibench-v1/tiffdither-2: ok (30.82s) repro samples 8/8 argmax Y | bo8 plain 145 attr 145 | oz plain 145 attr 145
  71/293 benchmark://mibench-v1/tiffdither-3: ok (28.88s) repro samples 8/8 argmax Y | bo8 plain 104 attr 104 | oz plain 104 attr 104
  72/293 benchmark://mibench-v1/tiffmedian-1: ok (29.09s) repro samples 8/8 argmax Y | bo8 plain 67 attr 67 | oz plain 72 attr 72
  73/293 benchmark://mibench-v1/tiffmedian-2: ok (28.51s) repro samples 8/8 argmax Y | bo8 plain 61 attr 61 | oz plain 61 attr 61
  74/293 benchmark://mibench-v1/tiffmedian-3: ok (28.17s) repro samples 8/8 argmax Y | bo8 plain 99 attr 99 | oz plain 99 attr 99
  75/293 benchmark://mibench-v1/tiffmedian-4: ok (29.79s) repro samples 8/8 argmax Y | bo8 plain 90 attr 90 | oz plain 90 attr 90
  76/293 benchmark://mibench-v1/tiffmedian-5: ok (29.22s) repro samples 8/8 argmax Y | bo8 plain 76 attr 76 | oz plain 77 attr 77
  77/293 benchmark://npb-v0/1: ok (30.03s) repro samples 6/8 argmax Y | bo8 plain 53 attr 53 | oz plain 50 attr 50
  78/293 benchmark://npb-v0/10: ok (29.56s) repro samples 4/8 argmax Y | bo8 plain 21 attr 21 | oz plain 21 attr 21
  79/293 benchmark://npb-v0/101: ok (29.55s) repro samples 7/8 argmax Y | bo8 plain 53 attr 53 | oz plain 50 attr 50
  80/293 benchmark://npb-v0/102: ok (28.83s) repro samples 8/8 argmax Y | bo8 plain 27 attr 27 | oz plain 27 attr 27
  81/293 benchmark://npb-v0/100: ok (67.68s) repro samples 0/8 argmax Y | bo8 plain 1300 attr 1300 | oz plain 2072 attr 1269
  82/293 benchmark://npb-v0/103: ok (28.2s) repro samples 8/8 argmax Y | bo8 plain 69 attr 69 | oz plain 69 attr 69
  83/293 benchmark://npb-v0/104: ok (28.65s) repro samples 8/8 argmax Y | bo8 plain 44 attr 44 | oz plain 39 attr 39
  84/293 benchmark://npb-v0/105: ok (29.75s) repro samples 6/8 argmax Y | bo8 plain 53 attr 53 | oz plain 50 attr 50
  85/293 benchmark://npb-v0/106: ok (28.63s) repro samples 2/8 argmax Y | bo8 plain 23 attr 23 | oz plain 21 attr 21
  86/293 benchmark://npb-v0/107: ok (29.23s) repro samples 8/8 argmax Y | bo8 plain 44 attr 44 | oz plain 39 attr 39
  87/293 benchmark://npb-v0/108: ok (17.6s) repro samples 8/8 argmax Y | bo8 plain 7 attr 7 | oz plain 7 attr 7
  88/293 benchmark://npb-v0/110: ok (28.6s) repro samples 5/8 argmax Y | bo8 plain 45 attr 45 | oz plain 63 attr 44
  89/293 benchmark://npb-v0/11: ok (50.82s) repro samples 0/8 argmax Y | bo8 plain 275 attr 275 | oz plain 313 attr 283
  90/293 benchmark://npb-v0/109: ok (60.07s) repro samples 0/8 argmax Y | bo8 plain 772 attr 772 | oz plain 743 attr 715
  91/293 benchmark://npb-v0/111: ok (30.24s) repro samples 8/8 argmax Y | bo8 plain 27 attr 27 | oz plain 27 attr 27
  92/293 benchmark://npb-v0/112: ok (31.01s) repro samples 8/8 argmax Y | bo8 plain 76 attr 76 | oz plain 148 attr 79
  93/293 benchmark://npb-v0/113: ok (30.79s) repro samples 8/8 argmax Y | bo8 plain 108 attr 108 | oz plain 110 attr 110
  94/293 benchmark://npb-v0/114: ok (30.01s) repro samples 8/8 argmax Y | bo8 plain 44 attr 44 | oz plain 39 attr 39
  95/293 benchmark://npb-v0/115: ok (31.26s) repro samples 2/8 argmax Y | bo8 plain 59 attr 59 | oz plain 54 attr 54
  96/293 benchmark://npb-v0/117: ok (63.02s) repro samples 0/8 argmax Y | bo8 plain 780 attr 780 | oz plain 903 attr 903
  97/293 benchmark://npb-v0/116: ok (78.25s) repro samples 1/8 argmax Y | bo8 plain 2035 attr 2035 | oz plain 4316 attr 1911
  98/293 benchmark://npb-v0/118: ok (61.37s) repro samples 0/8 argmax Y | bo8 plain 860 attr 860 | oz plain 940 attr 918
  99/293 benchmark://npb-v0/120: ok (30.37s) repro samples 6/8 argmax Y | bo8 plain 48 attr 48 | oz plain 66 attr 47
  100/293 benchmark://npb-v0/119: ok (71.16s) repro samples 0/8 argmax Y | bo8 plain 2202 attr 2202 | oz plain 2174 attr 2174
  101/293 benchmark://npb-v0/12: ok (73.59s) repro samples 0/8 argmax Y | bo8 plain 1299 attr 1299 | oz plain 2269 attr 1242
  102/293 benchmark://npb-v0/122: ok (31.34s) repro samples 8/8 argmax Y | bo8 plain 69 attr 69 | oz plain 69 attr 69
  103/293 benchmark://npb-v0/15: ok (29.72s) repro samples 8/8 argmax Y | bo8 plain 27 attr 27 | oz plain 27 attr 27
  104/293 benchmark://npb-v0/14: ok (30.5s) repro samples 8/8 argmax Y | bo8 plain 44 attr 44 | oz plain 39 attr 39
  105/293 benchmark://npb-v0/16: ok (17.57s) repro samples 8/8 argmax Y | bo8 plain 6 attr 6 | oz plain 6 attr 6
  106/293 benchmark://npb-v0/13: ok (53.09s) repro samples 1/8 argmax Y | bo8 plain 442 attr 442 | oz plain 991 attr 426
  107/293 benchmark://npb-v0/18: ok (31.96s) repro samples 3/8 argmax Y | bo8 plain 153 attr 153 | oz plain 342 attr 153
  108/293 benchmark://npb-v0/17: ok (51.63s) repro samples 0/8 argmax Y | bo8 plain 324 attr 324 | oz plain 370 attr 376
  109/293 benchmark://npb-v0/19: ok (60.14s) repro samples 0/8 argmax Y | bo8 plain 923 attr 923 | oz plain 942 attr 920
  110/293 benchmark://npb-v0/20: ok (28.8s) repro samples 3/8 argmax Y | bo8 plain 21 attr 21 | oz plain 21 attr 21
  111/293 benchmark://npb-v0/2: ok (36.33s) repro samples 0/8 argmax Y | bo8 plain 208 attr 208 | oz plain 268 attr 213
  112/293 benchmark://npb-v0/21: ok (27.98s) repro samples 8/8 argmax Y | bo8 plain 27 attr 27 | oz plain 27 attr 27
  113/293 benchmark://npb-v0/23: ok (29.52s) repro samples 8/8 argmax Y | bo8 plain 69 attr 69 | oz plain 69 attr 69
  114/293 benchmark://npb-v0/24: ok (28.42s) repro samples 5/8 argmax Y | bo8 plain 21 attr 21 | oz plain 21 attr 21
  115/293 benchmark://npb-v0/22: ok (60.54s) repro samples 0/8 argmax Y | bo8 plain 781 attr 781 | oz plain 836 attr 745
  116/293 benchmark://npb-v0/25: ok (29.76s) repro samples 8/8 argmax Y | bo8 plain 53 attr 53 | oz plain 50 attr 50
  117/293 benchmark://npb-v0/26: ok (29.46s) repro samples 8/8 argmax Y | bo8 plain 44 attr 44 | oz plain 39 attr 39
  118/293 benchmark://npb-v0/27: ok (28.99s) repro samples 8/8 argmax Y | bo8 plain 27 attr 27 | oz plain 27 attr 27
  119/293 benchmark://npb-v0/28: ok (52.93s) repro samples 0/8 argmax Y | bo8 plain 427 attr 427 | oz plain 462 attr 462
  120/293 benchmark://npb-v0/3: ok (41.96s) repro samples 0/8 argmax Y | bo8 plain 228 attr 228 | oz plain 248 attr 238
  121/293 benchmark://npb-v0/29: ok (61.04s) repro samples 0/8 argmax Y | bo8 plain 977 attr 961 | oz plain 1004 attr 997
  122/293 benchmark://npb-v0/31: ok (27.87s) repro samples 5/8 argmax Y | bo8 plain 21 attr 21 | oz plain 21 attr 21
  123/293 benchmark://npb-v0/32: ok (27.31s) repro samples 8/8 argmax Y | bo8 plain 27 attr 27 | oz plain 27 attr 27
  124/293 benchmark://npb-v0/33: ok (29.18s) repro samples 3/8 argmax Y | bo8 plain 60 attr 60 | oz plain 59 attr 59
  125/293 benchmark://npb-v0/30: ok (75.79s) repro samples 0/8 argmax Y | bo8 plain 1863 attr 1863 | oz plain 1831 attr 1831
  126/293 benchmark://npb-v0/35: ok (34.18s) repro samples 5/8 argmax Y | bo8 plain 202 attr 202 | oz plain 226 attr 226
  127/293 benchmark://npb-v0/36: ok (31.5s) repro samples 1/8 argmax Y | bo8 plain 150 attr 150 | oz plain 339 attr 150
  128/293 benchmark://npb-v0/34: ok (58.88s) repro samples 0/8 argmax Y | bo8 plain 691 attr 691 | oz plain 739 attr 712
  129/293 benchmark://npb-v0/37: ok (28.2s) repro samples 5/8 argmax Y | bo8 plain 60 attr 60 | oz plain 59 attr 59
  130/293 benchmark://npb-v0/38: ok (50.9s) repro samples 1/8 argmax Y | bo8 plain 441 attr 441 | oz plain 564 attr 455
  131/293 benchmark://npb-v0/39: ok (65.91s) repro samples 0/8 argmax Y | bo8 plain 1307 attr 1307 | oz plain 2072 attr 1269
  132/293 benchmark://npb-v0/4: ok (54.55s) repro samples 2/8 argmax Y | bo8 plain 623 attr 611 | oz plain 624 attr 615
  133/293 benchmark://npb-v0/40: ok (30.11s) repro samples 5/8 argmax Y | bo8 plain 89 attr 89 | oz plain 89 attr 89
  134/293 benchmark://npb-v0/41: ok (27.23s) repro samples 4/8 argmax Y | bo8 plain 21 attr 21 | oz plain 21 attr 21
  135/293 benchmark://npb-v0/43: ok (29.69s) repro samples 0/8 argmax Y | bo8 plain 123 attr 123 | oz plain 144 attr 126
  136/293 benchmark://npb-v0/44: ok (28.79s) repro samples 2/8 argmax Y | bo8 plain 105 attr 105 | oz plain 110 attr 110
  137/293 benchmark://npb-v0/42: ok (56.01s) repro samples 1/8 argmax Y | bo8 plain 724 attr 724 | oz plain 733 attr 733
  138/293 benchmark://npb-v0/45: ok (29.13s) repro samples 4/8 argmax Y | bo8 plain 130 attr 130 | oz plain 223 attr 137
  139/293 benchmark://npb-v0/46: ok (27.26s) repro samples 8/8 argmax Y | bo8 plain 39 attr 39 | oz plain 39 attr 39
  140/293 benchmark://npb-v0/48: ok (27.84s) repro samples 8/8 argmax Y | bo8 plain 25 attr 25 | oz plain 25 attr 25
  141/293 benchmark://npb-v0/47: ok (48.4s) repro samples 3/8 argmax Y | bo8 plain 314 attr 314 | oz plain 484 attr 311
  142/293 benchmark://npb-v0/49: ok (28.33s) repro samples 8/8 argmax Y | bo8 plain 69 attr 69 | oz plain 69 attr 69
  143/293 benchmark://npb-v0/5: ok (49.89s) repro samples 0/8 argmax Y | bo8 plain 344 attr 344 | oz plain 370 attr 376
  144/293 benchmark://npb-v0/51: ok (34.59s) repro samples 2/8 argmax Y | bo8 plain 201 attr 201 | oz plain 225 attr 225
  145/293 benchmark://npb-v0/50: ok (59.78s) repro samples 0/8 argmax Y | bo8 plain 929 attr 929 | oz plain 948 attr 926
  146/293 benchmark://npb-v0/52: ok (51.78s) repro samples 2/8 argmax Y | bo8 plain 304 attr 304 | oz plain 517 attr 413
  147/293 benchmark://npb-v0/54: ok (29.56s) repro samples 8/8 argmax Y | bo8 plain 44 attr 44 | oz plain 39 attr 39
  148/293 benchmark://npb-v0/53: ok (69.84s) repro samples 0/8 argmax Y | bo8 plain 1380 attr 1380 | oz plain 2262 attr 1284
  149/293 benchmark://npb-v0/56: ok (29.32s) repro samples 6/8 argmax Y | bo8 plain 53 attr 53 | oz plain 50 attr 50
  150/293 benchmark://npb-v0/57: ok (29.68s) repro samples 8/8 argmax Y | bo8 plain 44 attr 44 | oz plain 39 attr 39
  151/293 benchmark://npb-v0/55: ok (52.04s) repro samples 1/8 argmax Y | bo8 plain 373 attr 373 | oz plain 382 attr 363
  152/293 benchmark://npb-v0/58: ok (29.25s) repro samples 8/8 argmax Y | bo8 plain 44 attr 44 | oz plain 39 attr 39
  153/293 benchmark://npb-v0/59: ok (29.9s) repro samples 8/8 argmax Y | bo8 plain 69 attr 69 | oz plain 69 attr 69
  154/293 benchmark://npb-v0/60: ok (29.6s) repro samples 7/8 argmax Y | bo8 plain 24 attr 24 | oz plain 22 attr 22
  155/293 benchmark://npb-v0/6: ok (52.39s) repro samples 0/8 argmax Y | bo8 plain 345 attr 345 | oz plain 373 attr 379
  156/293 benchmark://npb-v0/62: ok (30.92s) repro samples 8/8 argmax Y | bo8 plain 53 attr 53 | oz plain 50 attr 50
  157/293 benchmark://npb-v0/63: ok (29.7s) repro samples 8/8 argmax Y | bo8 plain 69 attr 69 | oz plain 69 attr 69
  158/293 benchmark://npb-v0/61: ok (57.1s) repro samples 2/8 argmax Y | bo8 plain 459 attr 459 | oz plain 411 attr 417
  159/293 benchmark://npb-v0/64: ok (29.75s) repro samples 8/8 argmax Y | bo8 plain 27 attr 27 | oz plain 27 attr 27
  160/293 benchmark://npb-v0/67: ok (32.69s) repro samples 8/8 argmax Y | bo8 plain 53 attr 53 | oz plain 50 attr 50
  161/293 benchmark://npb-v0/65: ok (54.78s) repro samples 0/8 argmax Y | bo8 plain 278 attr 278 | oz plain 284 attr 284
  162/293 benchmark://npb-v0/66: ok (67.5s) repro samples 1/8 argmax Y | bo8 plain 1007 attr 1007 | oz plain 1064 attr 1005
  163/293 benchmark://npb-v0/68: ok (32.0s) repro samples 2/8 argmax Y | bo8 plain 89 attr 89 | oz plain 89 attr 89
  164/293 benchmark://npb-v0/69: ok (37.14s) repro samples 1/8 argmax Y | bo8 plain 230 attr 230 | oz plain 277 attr 236
  165/293 benchmark://npb-v0/7: ok (30.73s) repro samples 6/8 argmax Y | bo8 plain 73 attr 73 | oz plain 110 attr 77
  166/293 benchmark://npb-v0/70: ok (29.41s) repro samples 1/8 argmax Y | bo8 plain 59 attr 59 | oz plain 59 attr 59
  167/293 benchmark://npb-v0/71: ok (50.4s) repro samples 1/8 argmax Y | bo8 plain 329 attr 329 | oz plain 393 attr 324
  168/293 benchmark://npb-v0/73: ok (30.22s) repro samples 4/8 argmax Y | bo8 plain 89 attr 89 | oz plain 114 attr 114
  169/293 benchmark://npb-v0/72: ok (59.07s) repro samples 0/8 argmax Y | bo8 plain 732 attr 732 | oz plain 737 attr 737
  170/293 benchmark://npb-v0/75: ok (29.77s) repro samples 8/8 argmax Y | bo8 plain 53 attr 53 | oz plain 50 attr 50
  171/293 benchmark://npb-v0/76: ok (29.4s) repro samples 8/8 argmax Y | bo8 plain 27 attr 27 | oz plain 27 attr 27
  172/293 benchmark://npb-v0/74: ok (55.05s) repro samples 0/8 argmax Y | bo8 plain 489 attr 489 | oz plain 535 attr 452
  173/293 benchmark://npb-v0/78: ok (36.58s) repro samples 2/8 argmax Y | bo8 plain 148 attr 148 | oz plain 162 attr 152
  174/293 benchmark://npb-v0/80: ok (29.11s) repro samples 7/8 argmax Y | bo8 plain 21 attr 21 | oz plain 21 attr 21
  175/293 benchmark://npb-v0/8: ok (53.49s) repro samples 2/8 argmax Y | bo8 plain 448 attr 448 | oz plain 529 attr 443
  176/293 benchmark://npb-v0/79: ok (62.92s) repro samples 1/8 argmax Y | bo8 plain 777 attr 777 | oz plain 1611 attr 1152
  177/293 benchmark://npb-v0/81: ok (34.7s) repro samples 0/8 argmax Y | bo8 plain 218 attr 218 | oz plain 240 attr 221
  178/293 benchmark://npb-v0/82: ok (30.06s) repro samples 3/8 argmax Y | bo8 plain 60 attr 60 | oz plain 59 attr 59
  179/293 benchmark://npb-v0/83: ok (29.36s) repro samples 2/8 argmax Y | bo8 plain 21 attr 21 | oz plain 21 attr 21
  180/293 benchmark://npb-v0/84: ok (28.58s) repro samples 8/8 argmax Y | bo8 plain 27 attr 27 | oz plain 27 attr 27
  181/293 benchmark://npb-v0/85: ok (28.76s) repro samples 2/8 argmax Y | bo8 plain 21 attr 21 | oz plain 21 attr 21
  182/293 benchmark://npb-v0/86: ok (28.15s) repro samples 8/8 argmax Y | bo8 plain 27 attr 27 | oz plain 27 attr 27
  183/293 benchmark://npb-v0/87: ok (31.02s) repro samples 7/8 argmax Y | bo8 plain 176 attr 176 | oz plain 185 attr 177
  184/293 benchmark://npb-v0/88: ok (28.23s) repro samples 3/8 argmax Y | bo8 plain 21 attr 21 | oz plain 21 attr 21
  185/293 benchmark://npb-v0/89: ok (28.83s) repro samples 8/8 argmax Y | bo8 plain 44 attr 44 | oz plain 39 attr 39
  186/293 benchmark://npb-v0/9: ok (29.04s) repro samples 3/8 argmax Y | bo8 plain 75 attr 75 | oz plain 74 attr 74
  187/293 benchmark://npb-v0/92: ok (30.06s) repro samples 8/8 argmax Y | bo8 plain 53 attr 53 | oz plain 50 attr 50
  188/293 benchmark://npb-v0/90: ok (59.97s) repro samples 0/8 argmax Y | bo8 plain 764 attr 764 | oz plain 735 attr 708
  189/293 benchmark://npb-v0/91: ok (69.43s) repro samples 0/8 argmax Y | bo8 plain 1371 attr 1371 | oz plain 2258 attr 1281
  190/293 benchmark://npb-v0/93: ok (28.99s) repro samples 8/8 argmax Y | bo8 plain 44 attr 44 | oz plain 39 attr 39
  191/293 benchmark://npb-v0/95: ok (53.93s) repro samples 0/8 argmax Y | bo8 plain 384 attr 384 | oz plain 367 attr 367
  192/293 benchmark://npb-v0/94: ok (71.68s) repro samples 0/8 argmax Y | bo8 plain 1373 attr 1373 | oz plain 2234 attr 1284
  193/293 benchmark://npb-v0/96: ok (73.86s) repro samples 0/8 argmax Y | bo8 plain 1383 attr 1383 | oz plain 2316 attr 1308
  194/293 benchmark://npb-v0/99: ok (34.14s) repro samples 8/8 argmax Y | bo8 plain 53 attr 53 | oz plain 50 attr 50
  195/293 benchmark://npb-v0/98: ok (60.72s) repro samples 0/8 argmax Y | bo8 plain 633 attr 633 | oz plain 877 attr 606
  196/293 benchmark://npb-v0/97: ok (90.38s) repro samples 1/8 argmax Y | bo8 plain 1881 attr 1881 | oz plain 2475 attr 1810
  197/293 benchmark://poj104-v1/10/1810: ok (31.99s) repro samples 8/8 argmax Y | bo8 plain 69 attr 69 | oz plain 66 attr 66
  198/293 benchmark://poj104-v1/10/1069: ok (32.57s) repro samples 8/8 argmax Y | bo8 plain 69 attr 69 | oz plain 68 attr 68
  199/293 benchmark://poj104-v1/10/288: ok (31.65s) repro samples 8/8 argmax Y | bo8 plain 79 attr 79 | oz plain 77 attr 77
  200/293 benchmark://poj104-v1/101/593: ok (32.74s) repro samples 8/8 argmax Y | bo8 plain 67 attr 67 | oz plain 88 attr 66
  201/293 benchmark://poj104-v1/10/794: ok (34.83s) repro samples 8/8 argmax Y | bo8 plain 145 attr 145 | oz plain 141 attr 141
  202/293 benchmark://poj104-v1/101/888: ok (28.29s) repro samples 8/8 argmax Y | bo8 plain 7 attr 7 | oz plain 5 attr 5
  203/293 benchmark://poj104-v1/104/939: ok (33.36s) repro samples 8/8 argmax Y | bo8 plain 78 attr 78 | oz plain 82 attr 72
  204/293 benchmark://poj104-v1/102/1409: ok (45.02s) repro samples 8/8 argmax Y | bo8 plain 157 attr 157 | oz plain 190 attr 153
  205/293 benchmark://poj104-v1/11/266: ok (33.97s) repro samples 8/8 argmax Y | bo8 plain 66 attr 66 | oz plain 62 attr 62
  206/293 benchmark://poj104-v1/14/1540: ok (32.61s) repro samples 8/8 argmax Y | bo8 plain 73 attr 73 | oz plain 104 attr 69
  207/293 benchmark://poj104-v1/14/448: ok (31.23s) repro samples 8/8 argmax Y | bo8 plain 69 attr 69 | oz plain 66 attr 66
  208/293 benchmark://poj104-v1/17/1186: ok (31.73s) repro samples 8/8 argmax Y | bo8 plain 54 attr 54 | oz plain 71 attr 71
  209/293 benchmark://poj104-v1/17/778: ok (34.92s) repro samples 8/8 argmax Y | bo8 plain 60 attr 60 | oz plain 100 attr 58
  210/293 benchmark://poj104-v1/18/1594: ok (32.11s) repro samples 8/8 argmax Y | bo8 plain 152 attr 152 | oz plain 144 attr 144
  211/293 benchmark://poj104-v1/20/1110: ok (29.98s) repro samples 8/8 argmax Y | bo8 plain 69 attr 69 | oz plain 69 attr 67
  212/293 benchmark://poj104-v1/20/721: ok (29.53s) repro samples 8/8 argmax Y | bo8 plain 74 attr 74 | oz plain 83 attr 74
  213/293 benchmark://poj104-v1/21/1658: ok (30.36s) repro samples 8/8 argmax Y | bo8 plain 81 attr 81 | oz plain 70 attr 70
  214/293 benchmark://poj104-v1/22/1039: ok (29.95s) repro samples 8/8 argmax Y | bo8 plain 78 attr 78 | oz plain 81 attr 80
  215/293 benchmark://poj104-v1/24/31: ok (30.44s) repro samples 8/8 argmax Y | bo8 plain 124 attr 124 | oz plain 127 attr 127
  216/293 benchmark://poj104-v1/24/334: ok (29.31s) repro samples 8/8 argmax Y | bo8 plain 50 attr 50 | oz plain 49 attr 48
  217/293 benchmark://poj104-v1/26/100: ok (29.78s) repro samples 8/8 argmax Y | bo8 plain 56 attr 56 | oz plain 59 attr 55
  218/293 benchmark://poj104-v1/29/493: ok (29.41s) repro samples 8/8 argmax Y | bo8 plain 65 attr 65 | oz plain 63 attr 63
  219/293 benchmark://poj104-v1/30/633: ok (30.09s) repro samples 8/8 argmax Y | bo8 plain 45 attr 45 | oz plain 44 attr 44
  220/293 benchmark://poj104-v1/33/3186: ok (30.79s) repro samples 8/8 argmax Y | bo8 plain 58 attr 58 | oz plain 57 attr 57
  221/293 benchmark://poj104-v1/35/1231: ok (33.62s) repro samples 8/8 argmax Y | bo8 plain 102 attr 102 | oz plain 117 attr 103
  222/293 benchmark://poj104-v1/35/2260: ok (31.2s) repro samples 8/8 argmax Y | bo8 plain 79 attr 79 | oz plain 83 attr 83
  223/293 benchmark://poj104-v1/38/1030: ok (31.0s) repro samples 8/8 argmax Y | bo8 plain 68 attr 68 | oz plain 62 attr 62
  224/293 benchmark://poj104-v1/38/992: ok (29.23s) repro samples 8/8 argmax Y | bo8 plain 75 attr 75 | oz plain 73 attr 73
  225/293 benchmark://poj104-v1/39/1624: ok (29.53s) repro samples 8/8 argmax Y | bo8 plain 83 attr 83 | oz plain 81 attr 81
  226/293 benchmark://poj104-v1/39/429: ok (30.24s) repro samples 8/8 argmax Y | bo8 plain 104 attr 104 | oz plain 100 attr 100
  227/293 benchmark://poj104-v1/43/1604: ok (29.13s) repro samples 8/8 argmax Y | bo8 plain 45 attr 45 | oz plain 40 attr 40
  228/293 benchmark://poj104-v1/41/936: ok (36.56s) repro samples 8/8 argmax Y | bo8 plain 127 attr 127 | oz plain 109 attr 117
  229/293 benchmark://poj104-v1/44/1322: ok (30.22s) repro samples 8/8 argmax Y | bo8 plain 72 attr 72 | oz plain 78 attr 66
  230/293 benchmark://poj104-v1/46/2617: ok (32.95s) repro samples 8/8 argmax Y | bo8 plain 120 attr 120 | oz plain 125 attr 125
  231/293 benchmark://poj104-v1/46/3555: ok (31.43s) repro samples 8/8 argmax Y | bo8 plain 89 attr 89 | oz plain 92 attr 92
  232/293 benchmark://poj104-v1/47/1100: ok (30.99s) repro samples 8/8 argmax Y | bo8 plain 50 attr 50 | oz plain 56 attr 56
  233/293 benchmark://poj104-v1/47/1790: ok (32.66s) repro samples 8/8 argmax Y | bo8 plain 41 attr 41 | oz plain 40 attr 40
  234/293 benchmark://poj104-v1/47/4118: ok (32.33s) repro samples 8/8 argmax Y | bo8 plain 56 attr 56 | oz plain 55 attr 55
  235/293 benchmark://poj104-v1/47/5504: ok (31.63s) repro samples 8/8 argmax Y | bo8 plain 39 attr 39 | oz plain 36 attr 36
  236/293 benchmark://poj104-v1/48/1523: ok (32.9s) repro samples 8/8 argmax Y | bo8 plain 113 attr 113 | oz plain 164 attr 111
  237/293 benchmark://poj104-v1/48/1548: ok (33.03s) repro samples 8/8 argmax Y | bo8 plain 122 attr 122 | oz plain 148 attr 116
  238/293 benchmark://poj104-v1/49/591: ok (35.68s) repro samples 8/8 argmax Y | bo8 plain 54 attr 54 | oz plain 107 attr 59
  239/293 benchmark://poj104-v1/5/578: ok (32.12s) repro samples 8/8 argmax Y | bo8 plain 72 attr 72 | oz plain 65 attr 65
  240/293 benchmark://poj104-v1/50/106: ok (30.53s) repro samples 8/8 argmax Y | bo8 plain 53 attr 53 | oz plain 52 attr 52
  241/293 benchmark://poj104-v1/50/1711: ok (29.95s) repro samples 8/8 argmax Y | bo8 plain 35 attr 35 | oz plain 43 attr 33
  242/293 benchmark://poj104-v1/50/880: ok (29.71s) repro samples 8/8 argmax Y | bo8 plain 37 attr 37 | oz plain 36 attr 36
  243/293 benchmark://poj104-v1/53/1503: ok (30.47s) repro samples 8/8 argmax Y | bo8 plain 57 attr 57 | oz plain 53 attr 53
  244/293 benchmark://poj104-v1/53/215: ok (29.03s) repro samples 8/8 argmax Y | bo8 plain 59 attr 59 | oz plain 57 attr 57
  245/293 benchmark://poj104-v1/54/59: ok (29.66s) repro samples 8/8 argmax Y | bo8 plain 41 attr 41 | oz plain 39 attr 39
  246/293 benchmark://poj104-v1/56/1221: ok (31.79s) repro samples 8/8 argmax Y | bo8 plain 80 attr 80 | oz plain 84 attr 84
  247/293 benchmark://poj104-v1/58/1032: ok (30.49s) repro samples 8/8 argmax Y | bo8 plain 53 attr 53 | oz plain 56 attr 55
  248/293 benchmark://poj104-v1/58/1185: ok (29.89s) repro samples 8/8 argmax Y | bo8 plain 59 attr 59 | oz plain 60 attr 60
  249/293 benchmark://poj104-v1/58/981: ok (30.98s) repro samples 8/8 argmax Y | bo8 plain 85 attr 85 | oz plain 78 attr 72
  250/293 benchmark://poj104-v1/60/1112: ok (31.23s) repro samples 8/8 argmax Y | bo8 plain 41 attr 41 | oz plain 49 attr 40
  251/293 benchmark://poj104-v1/66/359: ok (31.16s) repro samples 8/8 argmax Y | bo8 plain 78 attr 78 | oz plain 71 attr 71
  252/293 benchmark://poj104-v1/66/587: ok (32.26s) repro samples 8/8 argmax Y | bo8 plain 97 attr 97 | oz plain 87 attr 87
  253/293 benchmark://poj104-v1/67/2016: ok (31.24s) repro samples 8/8 argmax Y | bo8 plain 47 attr 47 | oz plain 40 attr 40
  254/293 benchmark://poj104-v1/68/172: ok (29.97s) repro samples 8/8 argmax Y | bo8 plain 51 attr 51 | oz plain 46 attr 46
  255/293 benchmark://poj104-v1/7/628: ok (30.82s) repro samples 8/8 argmax Y | bo8 plain 85 attr 85 | oz plain 83 attr 82
  256/293 benchmark://poj104-v1/70/868: ok (30.77s) repro samples 8/8 argmax Y | bo8 plain 85 attr 85 | oz plain 87 attr 87
  257/293 benchmark://poj104-v1/71/285: ok (29.62s) repro samples 8/8 argmax Y | bo8 plain 76 attr 76 | oz plain 71 attr 71
  258/293 benchmark://poj104-v1/72/1774: ok (30.24s) repro samples 8/8 argmax Y | bo8 plain 94 attr 94 | oz plain 101 attr 101
  259/293 benchmark://poj104-v1/72/1761: ok (49.02s) repro samples 8/8 argmax Y | bo8 plain 251 attr 251 | oz plain 270 attr 270
  260/293 benchmark://poj104-v1/72/2766: ok (30.85s) repro samples 8/8 argmax Y | bo8 plain 167 attr 167 | oz plain 156 attr 156
  261/293 benchmark://poj104-v1/74/103: ok (30.03s) repro samples 8/8 argmax Y | bo8 plain 97 attr 97 | oz plain 101 attr 96
  262/293 benchmark://poj104-v1/74/1057: ok (30.36s) repro samples 8/8 argmax Y | bo8 plain 113 attr 113 | oz plain 113 attr 113
  263/293 benchmark://poj104-v1/75/742: ok (30.71s) repro samples 8/8 argmax Y | bo8 plain 63 attr 63 | oz plain 71 attr 59
  264/293 benchmark://poj104-v1/77/432: ok (35.74s) repro samples 8/8 argmax Y | bo8 plain 42 attr 42 | oz plain 87 attr 41
  265/293 benchmark://poj104-v1/78/1874: ok (32.16s) repro samples 8/8 argmax Y | bo8 plain 99 attr 99 | oz plain 150 attr 103
  266/293 benchmark://poj104-v1/78/486: ok (30.94s) repro samples 8/8 argmax Y | bo8 plain 103 attr 103 | oz plain 120 attr 102
  267/293 benchmark://poj104-v1/8/1128: ok (30.61s) repro samples 8/8 argmax Y | bo8 plain 137 attr 137 | oz plain 142 attr 142
  268/293 benchmark://poj104-v1/8/985: ok (30.91s) repro samples 8/8 argmax Y | bo8 plain 94 attr 94 | oz plain 92 attr 92
  269/293 benchmark://poj104-v1/80/1033: ok (35.94s) repro samples 8/8 argmax Y | bo8 plain 184 attr 184 | oz plain 170 attr 160
  270/293 benchmark://poj104-v1/80/1309: ok (30.9s) repro samples 8/8 argmax Y | bo8 plain 74 attr 74 | oz plain 76 attr 76
  271/293 benchmark://poj104-v1/80/1396: ok (33.39s) repro samples 8/8 argmax Y | bo8 plain 162 attr 162 | oz plain 154 attr 154
  272/293 benchmark://poj104-v1/81/1124: ok (30.55s) repro samples 8/8 argmax Y | bo8 plain 96 attr 96 | oz plain 168 attr 90
  273/293 benchmark://poj104-v1/81/2076: ok (29.89s) repro samples 8/8 argmax Y | bo8 plain 111 attr 111 | oz plain 158 attr 101
  274/293 benchmark://poj104-v1/82/1426: ok (29.12s) repro samples 8/8 argmax Y | bo8 plain 84 attr 84 | oz plain 94 attr 94
  275/293 benchmark://poj104-v1/82/2137: ok (29.14s) repro samples 8/8 argmax Y | bo8 plain 60 attr 60 | oz plain 57 attr 57
  276/293 benchmark://poj104-v1/82/76: ok (30.08s) repro samples 8/8 argmax Y | bo8 plain 117 attr 117 | oz plain 121 attr 121
  277/293 benchmark://poj104-v1/83/70: ok (30.73s) repro samples 8/8 argmax Y | bo8 plain 115 attr 115 | oz plain 112 attr 112
  278/293 benchmark://poj104-v1/84/635: ok (29.97s) repro samples 8/8 argmax Y | bo8 plain 66 attr 66 | oz plain 64 attr 64
  279/293 benchmark://poj104-v1/86/43: ok (29.36s) repro samples 8/8 argmax Y | bo8 plain 76 attr 76 | oz plain 75 attr 75
  280/293 benchmark://poj104-v1/87/160: ok (29.18s) repro samples 8/8 argmax Y | bo8 plain 55 attr 55 | oz plain 53 attr 53
  281/293 benchmark://poj104-v1/87/746: ok (29.26s) repro samples 8/8 argmax Y | bo8 plain 75 attr 75 | oz plain 72 attr 72
  282/293 benchmark://poj104-v1/87/779: ok (29.2s) repro samples 8/8 argmax Y | bo8 plain 55 attr 55 | oz plain 60 attr 51
  283/293 benchmark://poj104-v1/88/1570: ok (29.75s) repro samples 8/8 argmax Y | bo8 plain 38 attr 38 | oz plain 46 attr 37
  284/293 benchmark://poj104-v1/88/57: ok (32.72s) repro samples 8/8 argmax Y | bo8 plain 47 attr 47 | oz plain 38 attr 38
  285/293 benchmark://poj104-v1/90/18: ok (29.92s) repro samples 8/8 argmax Y | bo8 plain 72 attr 72 | oz plain 69 attr 69
  286/293 benchmark://poj104-v1/90/184: ok (30.25s) repro samples 8/8 argmax Y | bo8 plain 61 attr 61 | oz plain 61 attr 61
  287/293 benchmark://poj104-v1/93/1840: ok (31.96s) repro samples 8/8 argmax Y | bo8 plain 95 attr 95 | oz plain 109 attr 101
  288/293 benchmark://poj104-v1/93/975: ok (30.65s) repro samples 8/8 argmax Y | bo8 plain 35 attr 35 | oz plain 42 attr 34
  289/293 benchmark://poj104-v1/94/2509: ok (30.18s) repro samples 8/8 argmax Y | bo8 plain 85 attr 85 | oz plain 80 attr 80
  290/293 benchmark://poj104-v1/97/1125: ok (30.7s) repro samples 8/8 argmax Y | bo8 plain 33 attr 33 | oz plain 83 attr 33
  291/293 benchmark://poj104-v1/95/1378: ok (32.72s) repro samples 8/8 argmax Y | bo8 plain 61 attr 61 | oz plain 58 attr 50
  292/293 benchmark://poj104-v1/97/2411: ok (30.25s) repro samples 8/8 argmax Y | bo8 plain 74 attr 74 | oz plain 132 attr 72
  293/293 benchmark://poj104-v1/98/672: ok (29.9s) repro samples 8/8 argmax Y | bo8 plain 64 attr 64 | oz plain 90 attr 63
    Skipping gsm (IC=14902 > 3000)
    Skipping blowfish (IC=3898 > 3000)
    Skipping rijndael (IC=6133 > 3000)
    Skipping bzip2 (IC=28748 > 3000)
    Skipping jpeg-c (IC=62452 > 3000)
    Skipping ispell (IC=15184 > 3000)
    Skipping susan (IC=13282 > 3000)
    Skipping tiff2bw (IC=58797 > 3000)
    Skipping tiffdither (IC=58450 > 3000)
    Skipping ghostscript (IC=406198 > 3000)
    Skipping gsm (IC=14902 > 3000)
    Skipping blowfish (IC=3898 > 3000)
    Skipping rijndael (IC=6133 > 3000)
    Skipping bzip2 (IC=28748 > 3000)
    Skipping jpeg-c (IC=62452 > 3000)
    Skipping ispell (IC=15184 > 3000)
    Skipping susan (IC=13282 > 3000)
    Skipping tiff2bw (IC=58797 > 3000)
    Skipping tiffdither (IC=58450 > 3000)
    Skipping ghostscript (IC=406198 > 3000)
    Skipping gsm (IC=14902 > 3000)
    Skipping blowfish (IC=3898 > 3000)
    Skipping rijndael (IC=6133 > 3000)
    Skipping bzip2 (IC=28748 > 3000)
    Skipping jpeg-c (IC=62452 > 3000)
    Skipping ispell (IC=15184 > 3000)
    Skipping susan (IC=13282 > 3000)
    Skipping tiff2bw (IC=58797 > 3000)
    Skipping tiffdither (IC=58450 > 3000)
    Skipping ghostscript (IC=406198 > 3000)
[gnn seed=456] finished 293 in 62.9 min, 0 failed -> /work/results/gnn_attribute_audit/records_gnn_seed456
