[gnn seed=42] 347 programs, 0 done, 347 pending, workers=3
  1/347 benchmark://blas-v0/105: ok (170.5s) repro samples 8/8 argmax Y | bo8 plain 434 attr 434 | oz plain 430 attr 430
  2/347 benchmark://blas-v0/111: ok (171.39s) repro samples 8/8 argmax Y | bo8 plain 484 attr 484 | oz plain 500 attr 500
  3/347 benchmark://blas-v0/101: ok (181.32s) repro samples 8/8 argmax Y | bo8 plain 1070 attr 1070 | oz plain 1104 attr 1104
  4/347 benchmark://blas-v0/112: ok (89.71s) repro samples 8/8 argmax Y | bo8 plain 68 attr 68 | oz plain 68 attr 68
  5/347 benchmark://blas-v0/127: ok (90.81s) repro samples 8/8 argmax Y | bo8 plain 209 attr 209 | oz plain 208 attr 208
  6/347 benchmark://blas-v0/122: ok (184.45s) repro samples 8/8 argmax Y | bo8 plain 1264 attr 1264 | oz plain 1287 attr 1287
  7/347 benchmark://blas-v0/125: ok (191.22s) repro samples 8/8 argmax Y | bo8 plain 1491 attr 1491 | oz plain 1546 attr 1546
  8/347 benchmark://blas-v0/133: ok (182.52s) repro samples 8/8 argmax Y | bo8 plain 1138 attr 1138 | oz plain 1150 attr 1150
  9/347 benchmark://blas-v0/136: ok (180.24s) repro samples 8/8 argmax Y | bo8 plain 1111 attr 1111 | oz plain 1125 attr 1125
  10/347 benchmark://blas-v0/138: ok (218.65s) repro samples 8/8 argmax Y | bo8 plain 2438 attr 2438 | oz plain 2480 attr 2480
  11/347 benchmark://blas-v0/153: ok (170.4s) repro samples 8/8 argmax Y | bo8 plain 563 attr 563 | oz plain 583 attr 583
  12/347 benchmark://blas-v0/158: ok (173.7s) repro samples 8/8 argmax Y | bo8 plain 771 attr 771 | oz plain 818 attr 818
  13/347 benchmark://blas-v0/166: ok (208.94s) repro samples 8/8 argmax Y | bo8 plain 2406 attr 2406 | oz plain 2458 attr 2458
protocol fingerprint changed: use a new output directory or restore the protocol
[gnn seed=42] 347 programs, 13 done, 334 pending, workers=4
  1/334 benchmark://blas-v0/19: ok (89.58s) repro samples 8/8 argmax Y | bo8 plain 104 attr 104 | oz plain 110 attr 110
  2/334 benchmark://blas-v0/184: ok (90.23s) repro samples 8/8 argmax Y | bo8 plain 180 attr 180 | oz plain 180 attr 180
  3/334 benchmark://blas-v0/178: ok (164.82s) repro samples 8/8 argmax Y | bo8 plain 484 attr 484 | oz plain 491 attr 491
  4/334 benchmark://blas-v0/180: ok (173.8s) repro samples 8/8 argmax Y | bo8 plain 1044 attr 1044 | oz plain 1069 attr 1069
  5/334 benchmark://blas-v0/191: ok (160.21s) repro samples 8/8 argmax Y | bo8 plain 260 attr 260 | oz plain 262 attr 262
  6/334 benchmark://blas-v0/194: ok (161.58s) repro samples 8/8 argmax Y | bo8 plain 258 attr 258 | oz plain 262 attr 262
  7/334 benchmark://blas-v0/201: ok (85.05s) repro samples 8/8 argmax Y | bo8 plain 151 attr 151 | oz plain 162 attr 162
  8/334 benchmark://blas-v0/203: ok (86.97s) repro samples 8/8 argmax Y | bo8 plain 84 attr 84 | oz plain 86 attr 86
  9/334 benchmark://blas-v0/206: ok (88.29s) repro samples 8/8 argmax Y | bo8 plain 141 attr 141 | oz plain 140 attr 140
  10/334 benchmark://blas-v0/196: ok (177.54s) repro samples 8/8 argmax Y | bo8 plain 1231 attr 1231 | oz plain 1264 attr 1264
  11/334 benchmark://blas-v0/215: ok (117.32s) repro samples 8/8 argmax Y | bo8 plain 136 attr 136 | oz plain 136 attr 136
  12/334 benchmark://blas-v0/21: ok (199.24s) repro samples 8/8 argmax Y | bo8 plain 827 attr 827 | oz plain 827 attr 827
  13/334 benchmark://blas-v0/220: ok (117.08s) repro samples 8/8 argmax Y | bo8 plain 46 attr 46 | oz plain 48 attr 48
  14/334 benchmark://blas-v0/210: ok (235.12s) repro samples 8/8 argmax Y | bo8 plain 1255 attr 1255 | oz plain 1295 attr 1295
  15/334 benchmark://blas-v0/229: ok (120.88s) repro samples 8/8 argmax Y | bo8 plain 178 attr 178 | oz plain 178 attr 178
  16/334 benchmark://blas-v0/222: ok (208.49s) repro samples 8/8 argmax Y | bo8 plain 805 attr 805 | oz plain 822 attr 822
  17/334 benchmark://blas-v0/226: ok (211.8s) repro samples 8/8 argmax Y | bo8 plain 1116 attr 1116 | oz plain 1130 attr 1130
  18/334 benchmark://blas-v0/23: ok (203.88s) repro samples 8/8 argmax Y | bo8 plain 1346 attr 1346 | oz plain 1387 attr 1387
  19/334 benchmark://blas-v0/234: ok (204.57s) repro samples 8/8 argmax Y | bo8 plain 1299 attr 1299 | oz plain 1401 attr 1401
  20/334 benchmark://blas-v0/239: ok (205.66s) repro samples 8/8 argmax Y | bo8 plain 1359 attr 1359 | oz plain 1384 attr 1384
  21/334 benchmark://blas-v0/247: ok (206.06s) repro samples 8/8 argmax Y | bo8 plain 1335 attr 1335 | oz plain 1371 attr 1371
  22/334 benchmark://blas-v0/254: ok (96.09s) repro samples 8/8 argmax Y | bo8 plain 47 attr 47 | oz plain 47 attr 47
  23/334 benchmark://blas-v0/256: ok (96.08s) repro samples 8/8 argmax Y | bo8 plain 148 attr 148 | oz plain 148 attr 148
  24/334 benchmark://blas-v0/257: ok (96.65s) repro samples 8/8 argmax Y | bo8 plain 71 attr 71 | oz plain 71 attr 71
  25/334 benchmark://blas-v0/25: ok (225.43s) repro samples 8/8 argmax Y | bo8 plain 2583 attr 2583 | oz plain 2624 attr 2624
  26/334 benchmark://blas-v0/27: ok (92.51s) repro samples 8/8 argmax Y | bo8 plain 205 attr 205 | oz plain 204 attr 204
  27/334 benchmark://blas-v0/277: ok (94.01s) repro samples 8/8 argmax Y | bo8 plain 210 attr 210 | oz plain 208 attr 208
  28/334 benchmark://blas-v0/267: ok (219.54s) repro samples 8/8 argmax Y | bo8 plain 2162 attr 2162 | oz plain 2226 attr 2226
  29/334 benchmark://blas-v0/288: ok (75.36s) repro samples 8/8 argmax Y | bo8 plain 7 attr 7 | oz plain 7 attr 7
  30/334 benchmark://blas-v0/35: ok (92.02s) repro samples 8/8 argmax Y | bo8 plain 16 attr 16 | oz plain 16 attr 16
  31/334 benchmark://blas-v0/285: ok (200.59s) repro samples 8/8 argmax Y | bo8 plain 1548 attr 1548 | oz plain 1651 attr 1651
  32/334 benchmark://blas-v0/49: ok (89.31s) repro samples 8/8 argmax Y | bo8 plain 71 attr 71 | oz plain 71 attr 71
  33/334 benchmark://blas-v0/298: ok (181.35s) repro samples 8/8 argmax Y | bo8 plain 764 attr 764 | oz plain 812 attr 812
  34/334 benchmark://blas-v0/53: ok (92.61s) repro samples 8/8 argmax Y | bo8 plain 183 attr 183 | oz plain 182 attr 182
  35/334 benchmark://blas-v0/50: ok (170.62s) repro samples 8/8 argmax Y | bo8 plain 690 attr 690 | oz plain 713 attr 713
  36/334 benchmark://blas-v0/65: ok (171.02s) repro samples 8/8 argmax Y | bo8 plain 646 attr 646 | oz plain 683 attr 683
  37/334 benchmark://blas-v0/80: ok (167.14s) repro samples 8/8 argmax Y | bo8 plain 410 attr 410 | oz plain 413 attr 413
  38/334 benchmark://chstone-v0/adpcm: ok (172.0s) repro samples 8/8 argmax Y | bo8 plain 731 attr 731 | oz plain 966 attr 737
  39/334 benchmark://chstone-v0/aes: ok (198.44s) repro samples 8/8 argmax Y | bo8 plain 1965 attr 1965 | oz plain 1987 attr 1970
  40/334 benchmark://chstone-v0/dfadd: ok (151.83s) repro samples 8/8 argmax Y | bo8 plain 399 attr 399 | oz plain 422 attr 422
  41/334 benchmark://chstone-v0/blowfish: ok (172.03s) repro samples 8/8 argmax Y | bo8 plain 1142 attr 1142 | oz plain 1214 attr 1134
[gnn seed=42] 347 programs, 54 done, 293 pending, workers=3
  1/293 benchmark://chstone-v0/dfmul: ok (53.85s) repro samples 8/8 argmax Y | bo8 plain 341 attr 341 | oz plain 349 attr 349
  2/293 benchmark://chstone-v0/dfdiv: ok (55.5s) repro samples 8/8 argmax Y | bo8 plain 432 attr 432 | oz plain 435 attr 435
  3/293 benchmark://chstone-v0/dfsin: ok (59.96s) repro samples 8/8 argmax Y | bo8 plain 864 attr 864 | oz plain 904 attr 904
  4/293 benchmark://chstone-v0/mips: ok (47.55s) repro samples 8/8 argmax Y | bo8 plain 378 attr 378 | oz plain 392 attr 375
  5/293 benchmark://chstone-v0/gsm: ok (54.64s) repro samples 8/8 argmax Y | bo8 plain 741 attr 741 | oz plain 843 attr 669
  6/293 benchmark://chstone-v0/jpeg: ok (67.68s) repro samples 8/8 argmax Y | bo8 plain 1475 attr 1475 | oz plain 1590 attr 1496
  7/293 benchmark://chstone-v0/sha: ok (50.38s) repro samples 8/8 argmax Y | bo8 plain 298 attr 298 | oz plain 348 attr 292
  8/293 benchmark://chstone-v0/motion: ok (52.09s) repro samples 8/8 argmax Y | bo8 plain 377 attr 377 | oz plain 384 attr 354
  9/293 generator://csmith-v0/1: ok (59.53s) repro samples 8/8 argmax Y | bo8 plain 447 attr 447 | oz plain 666 attr 388
  10/293 generator://csmith-v0/13: ok (31.13s) repro samples 8/8 argmax Y | bo8 plain 71 attr 71 | oz plain 88 attr 60
  11/293 generator://csmith-v0/14: ok (30.42s) repro samples 8/8 argmax Y | bo8 plain 89 attr 89 | oz plain 88 attr 60
  12/293 generator://csmith-v0/12: ok (55.45s) repro samples 8/8 argmax Y | bo8 plain 450 attr 450 | oz plain 550 attr 423
  13/293 generator://csmith-v0/17: ok (31.02s) repro samples 8/8 argmax Y | bo8 plain 112 attr 112 | oz plain 130 attr 102
  14/293 generator://csmith-v0/18: ok (32.2s) repro samples 8/8 argmax Y | bo8 plain 130 attr 130 | oz plain 131 attr 103
  15/293 generator://csmith-v0/21: ok (29.76s) repro samples 8/8 argmax Y | bo8 plain 71 attr 71 | oz plain 110 attr 60
  16/293 generator://csmith-v0/19: ok (55.04s) repro samples 8/8 argmax Y | bo8 plain 429 attr 429 | oz plain 508 attr 381
  17/293 generator://csmith-v0/24: ok (43.54s) repro samples 8/8 argmax Y | bo8 plain 200 attr 200 | oz plain 254 attr 187
  18/293 generator://csmith-v0/26: ok (78.57s) repro samples 8/8 argmax Y | bo8 plain 2430 attr 2430 | oz plain 2740 attr 2427
  19/293 generator://csmith-v0/29: ok (67.25s) repro samples 8/8 argmax Y | bo8 plain 519 attr 519 | oz plain 690 attr 423
  20/293 generator://csmith-v0/27: ok (88.55s) repro samples 8/8 argmax Y | bo8 plain 2084 attr 2084 | oz plain 2267 attr 2088
  21/293 generator://csmith-v0/30: ok (74.3s) repro samples 8/8 argmax Y | bo8 plain 1880 attr 1880 | oz plain 2126 attr 1862
  22/293 generator://csmith-v0/31: ok (60.24s) repro samples 8/8 argmax Y | bo8 plain 353 attr 353 | oz plain 449 attr 332
  23/293 generator://csmith-v0/32: ok (67.88s) repro samples 8/8 argmax Y | bo8 plain 616 attr 616 | oz plain 739 attr 497
  24/293 generator://csmith-v0/33: ok (30.27s) repro samples 8/8 argmax Y | bo8 plain 110 attr 110 | oz plain 142 attr 100
  25/293 generator://csmith-v0/34: ok (27.66s) repro samples 8/8 argmax Y | bo8 plain 69 attr 69 | oz plain 119 attr 60
  26/293 generator://csmith-v0/36: ok (63.73s) repro samples 8/8 argmax Y | bo8 plain 924 attr 924 | oz plain 1387 attr 864
  27/293 generator://csmith-v0/38: ok (67.67s) repro samples 8/8 argmax Y | bo8 plain 1624 attr 1624 | oz plain 1997 attr 1627
  28/293 generator://csmith-v0/40: ok (70.23s) repro samples 8/8 argmax Y | bo8 plain 975 attr 975 | oz plain 616 attr 451
  29/293 generator://csmith-v0/41: ok (51.62s) repro samples 8/8 argmax Y | bo8 plain 390 attr 390 | oz plain 433 attr 306
  30/293 generator://csmith-v0/43: ok (53.11s) repro samples 8/8 argmax Y | bo8 plain 364 attr 364 | oz plain 419 attr 313
  31/293 generator://csmith-v0/44: ok (59.36s) repro samples 8/8 argmax Y | bo8 plain 690 attr 690 | oz plain 751 attr 595
  32/293 generator://csmith-v0/45: ok (55.74s) repro samples 8/8 argmax Y | bo8 plain 642 attr 642 | oz plain 1149 attr 623
  33/293 generator://csmith-v0/5: ok (29.23s) repro samples 8/8 argmax Y | bo8 plain 89 attr 89 | oz plain 108 attr 80
  34/293 generator://csmith-v0/46: ok (50.77s) repro samples 8/8 argmax Y | bo8 plain 370 attr 370 | oz plain 346 attr 307
  35/293 benchmark://mibench-v1/bitcount-1: ok (27.79s) repro samples 8/8 argmax Y | bo8 plain 45 attr 45 | oz plain 45 attr 45
  36/293 generator://csmith-v0/6: ok (51.37s) repro samples 8/8 argmax Y | bo8 plain 331 attr 331 | oz plain 536 attr 302
  37/293 generator://csmith-v0/8: ok (59.73s) repro samples 8/8 argmax Y | bo8 plain 605 attr 605 | oz plain 687 attr 596
  38/293 benchmark://mibench-v1/bitcount-2: ok (28.58s) repro samples 8/8 argmax Y | bo8 plain 49 attr 49 | oz plain 49 attr 49
  39/293 benchmark://mibench-v1/dijkstra: ok (28.1s) repro samples 8/8 argmax Y | bo8 plain 44 attr 44 | oz plain 46 attr 46
  40/293 benchmark://mibench-v1/fft-1: ok (28.1s) repro samples 8/8 argmax Y | bo8 plain 47 attr 47 | oz plain 47 attr 47
  41/293 benchmark://mibench-v1/fft-2: ok (30.64s) repro samples 8/8 argmax Y | bo8 plain 129 attr 129 | oz plain 129 attr 129
  42/293 benchmark://mibench-v1/ghostscript: ok (27.81s) repro samples 8/8 argmax Y | bo8 plain 54 attr 54 | oz plain 54 attr 54
  43/293 benchmark://mibench-v1/gsm-1: ok (28.85s) repro samples 8/8 argmax Y | bo8 plain 88 attr 88 | oz plain 95 attr 95
  44/293 benchmark://mibench-v1/gsm-2: ok (28.65s) repro samples 8/8 argmax Y | bo8 plain 86 attr 86 | oz plain 85 attr 85
  45/293 benchmark://mibench-v1/jpeg-c: ok (34.45s) repro samples 8/8 argmax Y | bo8 plain 201 attr 201 | oz plain 200 attr 200
  46/293 benchmark://mibench-v1/jpeg-c-1: ok (27.8s) repro samples 8/8 argmax Y | bo8 plain 71 attr 71 | oz plain 70 attr 70
  47/293 benchmark://mibench-v1/jpeg-c-2: ok (30.12s) repro samples 8/8 argmax Y | bo8 plain 137 attr 137 | oz plain 139 attr 139
  48/293 benchmark://mibench-v1/jpeg-c-3: ok (29.21s) repro samples 8/8 argmax Y | bo8 plain 132 attr 132 | oz plain 132 attr 132
  49/293 benchmark://mibench-v1/lame-newmdct-2: ok (27.88s) repro samples 8/8 argmax Y | bo8 plain 83 attr 83 | oz plain 80 attr 80
  50/293 benchmark://mibench-v1/lame-newmdct-1: ok (47.59s) repro samples 8/8 argmax Y | bo8 plain 313 attr 313 | oz plain 313 attr 313
  51/293 benchmark://mibench-v1/lame-quantize-1: ok (29.09s) repro samples 8/8 argmax Y | bo8 plain 62 attr 62 | oz plain 61 attr 61
  52/293 benchmark://mibench-v1/lame-psymodel: ok (52.83s) repro samples 8/8 argmax Y | bo8 plain 511 attr 511 | oz plain 507 attr 507
  53/293 benchmark://mibench-v1/lame-quantize-2: ok (28.57s) repro samples 8/8 argmax Y | bo8 plain 50 attr 50 | oz plain 50 attr 50
  54/293 benchmark://mibench-v1/lame-takehiro-1: ok (30.88s) repro samples 8/8 argmax Y | bo8 plain 142 attr 142 | oz plain 145 attr 145
  55/293 benchmark://mibench-v1/lame-takehiro-2: ok (28.63s) repro samples 8/8 argmax Y | bo8 plain 58 attr 58 | oz plain 60 attr 60
  56/293 benchmark://mibench-v1/mad-1: ok (34.43s) repro samples 8/8 argmax Y | bo8 plain 199 attr 199 | oz plain 297 attr 187
  57/293 benchmark://mibench-v1/mad-2: ok (30.38s) repro samples 8/8 argmax Y | bo8 plain 99 attr 99 | oz plain 97 attr 97
  58/293 benchmark://mibench-v1/pgp-d: ok (30.19s) repro samples 8/8 argmax Y | bo8 plain 59 attr 59 | oz plain 60 attr 60
  59/293 benchmark://mibench-v1/pgp-e-1: ok (30.61s) repro samples 8/8 argmax Y | bo8 plain 59 attr 59 | oz plain 60 attr 60
  60/293 benchmark://mibench-v1/pgp-e-2: ok (28.72s) repro samples 8/8 argmax Y | bo8 plain 58 attr 58 | oz plain 58 attr 58
  61/293 benchmark://mibench-v1/pgp-e-3: ok (29.23s) repro samples 8/8 argmax Y | bo8 plain 63 attr 63 | oz plain 63 attr 63
  62/293 benchmark://mibench-v1/qsort1: ok (28.44s) repro samples 8/8 argmax Y | bo8 plain 47 attr 47 | oz plain 47 attr 47
  63/293 benchmark://mibench-v1/rsynth-1: ok (28.75s) repro samples 8/8 argmax Y | bo8 plain 65 attr 65 | oz plain 65 attr 65
  64/293 benchmark://mibench-v1/rsynth-2: ok (28.56s) repro samples 8/8 argmax Y | bo8 plain 44 attr 44 | oz plain 44 attr 44
  65/293 benchmark://mibench-v1/susan-e-1: ok (28.85s) repro samples 8/8 argmax Y | bo8 plain 88 attr 88 | oz plain 88 attr 88
  66/293 benchmark://mibench-v1/susan-s: ok (29.32s) repro samples 8/8 argmax Y | bo8 plain 87 attr 87 | oz plain 87 attr 87
  67/293 benchmark://mibench-v1/tiff2rgba: ok (31.53s) repro samples 8/8 argmax Y | bo8 plain 151 attr 151 | oz plain 165 attr 165
  68/293 benchmark://mibench-v1/susan-e-2: ok (56.68s) repro samples 8/8 argmax Y | bo8 plain 674 attr 674 | oz plain 610 attr 593
  69/293 benchmark://mibench-v1/tiffdither-1: ok (30.79s) repro samples 8/8 argmax Y | bo8 plain 145 attr 145 | oz plain 145 attr 145
  70/293 benchmark://mibench-v1/tiffdither-2: ok (30.5s) repro samples 8/8 argmax Y | bo8 plain 145 attr 145 | oz plain 145 attr 145
  71/293 benchmark://mibench-v1/tiffdither-3: ok (29.56s) repro samples 8/8 argmax Y | bo8 plain 104 attr 104 | oz plain 104 attr 104
  72/293 benchmark://mibench-v1/tiffmedian-1: ok (29.39s) repro samples 8/8 argmax Y | bo8 plain 68 attr 68 | oz plain 72 attr 72
  73/293 benchmark://mibench-v1/tiffmedian-2: ok (28.05s) repro samples 8/8 argmax Y | bo8 plain 61 attr 61 | oz plain 61 attr 61
  74/293 benchmark://mibench-v1/tiffmedian-3: ok (29.83s) repro samples 8/8 argmax Y | bo8 plain 99 attr 99 | oz plain 99 attr 99
  75/293 benchmark://mibench-v1/tiffmedian-4: ok (30.75s) repro samples 8/8 argmax Y | bo8 plain 90 attr 90 | oz plain 90 attr 90
  76/293 benchmark://mibench-v1/tiffmedian-5: ok (30.38s) repro samples 8/8 argmax Y | bo8 plain 77 attr 77 | oz plain 77 attr 77
  77/293 benchmark://npb-v0/1: ok (30.69s) repro samples 8/8 argmax Y | bo8 plain 53 attr 53 | oz plain 50 attr 50
  78/293 benchmark://npb-v0/10: ok (29.42s) repro samples 2/8 argmax Y | bo8 plain 21 attr 21 | oz plain 21 attr 21
  79/293 benchmark://npb-v0/101: ok (30.42s) repro samples 4/8 argmax Y | bo8 plain 53 attr 53 | oz plain 50 attr 50
  80/293 benchmark://npb-v0/102: ok (27.89s) repro samples 8/8 argmax Y | bo8 plain 27 attr 27 | oz plain 27 attr 27
  81/293 benchmark://npb-v0/100: ok (66.16s) repro samples 0/8 argmax Y | bo8 plain 1303 attr 1303 | oz plain 2072 attr 1269
  82/293 benchmark://npb-v0/103: ok (29.29s) repro samples 8/8 argmax Y | bo8 plain 69 attr 69 | oz plain 69 attr 69
  83/293 benchmark://npb-v0/104: ok (28.55s) repro samples 8/8 argmax Y | bo8 plain 44 attr 44 | oz plain 39 attr 39
  84/293 benchmark://npb-v0/105: ok (29.91s) repro samples 8/8 argmax Y | bo8 plain 53 attr 53 | oz plain 50 attr 50
  85/293 benchmark://npb-v0/106: ok (28.97s) repro samples 3/8 argmax Y | bo8 plain 21 attr 21 | oz plain 21 attr 21
  86/293 benchmark://npb-v0/107: ok (28.74s) repro samples 8/8 argmax Y | bo8 plain 44 attr 44 | oz plain 39 attr 39
  87/293 benchmark://npb-v0/108: ok (17.87s) repro samples 8/8 argmax Y | bo8 plain 7 attr 7 | oz plain 7 attr 7
  88/293 benchmark://npb-v0/110: ok (29.62s) repro samples 2/8 argmax Y | bo8 plain 45 attr 45 | oz plain 63 attr 44
  89/293 benchmark://npb-v0/11: ok (51.87s) repro samples 0/8 argmax Y | bo8 plain 275 attr 275 | oz plain 313 attr 283
  90/293 benchmark://npb-v0/109: ok (61.66s) repro samples 0/8 argmax Y | bo8 plain 771 attr 771 | oz plain 743 attr 715
  91/293 benchmark://npb-v0/111: ok (29.65s) repro samples 8/8 argmax Y | bo8 plain 27 attr 27 | oz plain 27 attr 27
  92/293 benchmark://npb-v0/112: ok (29.87s) repro samples 5/8 argmax Y | bo8 plain 76 attr 76 | oz plain 148 attr 79
  93/293 benchmark://npb-v0/113: ok (30.13s) repro samples 7/8 argmax Y | bo8 plain 108 attr 108 | oz plain 110 attr 110
  94/293 benchmark://npb-v0/114: ok (29.97s) repro samples 7/8 argmax Y | bo8 plain 44 attr 44 | oz plain 39 attr 39
  95/293 benchmark://npb-v0/115: ok (30.32s) repro samples 3/8 argmax Y | bo8 plain 59 attr 59 | oz plain 54 attr 54
  96/293 benchmark://npb-v0/117: ok (62.5s) repro samples 0/8 argmax Y | bo8 plain 782 attr 782 | oz plain 903 attr 903
  97/293 benchmark://npb-v0/116: ok (79.37s) repro samples 0/8 argmax Y | bo8 plain 2034 attr 2034 | oz plain 4316 attr 1911
  98/293 benchmark://npb-v0/118: ok (60.0s) repro samples 0/8 argmax Y | bo8 plain 922 attr 922 | oz plain 940 attr 918
  99/293 benchmark://npb-v0/120: ok (29.5s) repro samples 3/8 argmax Y | bo8 plain 48 attr 48 | oz plain 66 attr 47
  100/293 benchmark://npb-v0/119: ok (72.07s) repro samples 1/8 argmax Y | bo8 plain 2174 attr 2174 | oz plain 2174 attr 2174
  101/293 benchmark://npb-v0/122: ok (30.6s) repro samples 8/8 argmax Y | bo8 plain 69 attr 69 | oz plain 69 attr 69
  102/293 benchmark://npb-v0/12: ok (74.79s) repro samples 0/8 argmax Y | bo8 plain 1307 attr 1307 | oz plain 2269 attr 1242
  103/293 benchmark://npb-v0/14: ok (29.62s) repro samples 8/8 argmax Y | bo8 plain 44 attr 44 | oz plain 39 attr 39
  104/293 benchmark://npb-v0/15: ok (28.23s) repro samples 8/8 argmax Y | bo8 plain 27 attr 27 | oz plain 27 attr 27
  105/293 benchmark://npb-v0/16: ok (17.84s) repro samples 8/8 argmax Y | bo8 plain 6 attr 6 | oz plain 6 attr 6
  106/293 benchmark://npb-v0/13: ok (52.13s) repro samples 1/8 argmax Y | bo8 plain 442 attr 442 | oz plain 991 attr 426
  107/293 benchmark://npb-v0/18: ok (30.75s) repro samples 2/8 argmax Y | bo8 plain 153 attr 153 | oz plain 342 attr 153
  108/293 benchmark://npb-v0/17: ok (50.68s) repro samples 0/8 argmax Y | bo8 plain 324 attr 324 | oz plain 370 attr 376
  109/293 benchmark://npb-v0/19: ok (58.6s) repro samples 0/8 argmax Y | bo8 plain 923 attr 923 | oz plain 942 attr 920
  110/293 benchmark://npb-v0/20: ok (28.22s) repro samples 3/8 argmax Y | bo8 plain 21 attr 21 | oz plain 21 attr 21
  111/293 benchmark://npb-v0/2: ok (34.17s) repro samples 1/8 argmax Y | bo8 plain 209 attr 209 | oz plain 268 attr 213
  112/293 benchmark://npb-v0/21: ok (29.17s) repro samples 8/8 argmax Y | bo8 plain 27 attr 27 | oz plain 27 attr 27
  113/293 benchmark://npb-v0/23: ok (29.84s) repro samples 8/8 argmax Y | bo8 plain 69 attr 69 | oz plain 69 attr 69
  114/293 benchmark://npb-v0/24: ok (29.48s) repro samples 3/8 argmax Y | bo8 plain 21 attr 21 | oz plain 21 attr 21
  115/293 benchmark://npb-v0/25: ok (30.82s) repro samples 7/8 argmax Y | bo8 plain 53 attr 53 | oz plain 50 attr 50
  116/293 benchmark://npb-v0/22: ok (61.36s) repro samples 0/8 argmax Y | bo8 plain 788 attr 788 | oz plain 836 attr 745
  117/293 benchmark://npb-v0/26: ok (29.13s) repro samples 8/8 argmax Y | bo8 plain 44 attr 44 | oz plain 39 attr 39
  118/293 benchmark://npb-v0/27: ok (28.66s) repro samples 8/8 argmax Y | bo8 plain 27 attr 27 | oz plain 27 attr 27
  119/293 benchmark://npb-v0/28: ok (53.43s) repro samples 1/8 argmax Y | bo8 plain 427 attr 427 | oz plain 462 attr 462
  120/293 benchmark://npb-v0/3: ok (39.85s) repro samples 2/8 argmax Y | bo8 plain 230 attr 230 | oz plain 248 attr 238
  121/293 benchmark://npb-v0/29: ok (61.89s) repro samples 0/8 argmax Y | bo8 plain 971 attr 987 | oz plain 1004 attr 997
  122/293 benchmark://npb-v0/31: ok (27.66s) repro samples 5/8 argmax Y | bo8 plain 21 attr 21 | oz plain 21 attr 21
  123/293 benchmark://npb-v0/32: ok (28.17s) repro samples 8/8 argmax Y | bo8 plain 27 attr 27 | oz plain 27 attr 27
  124/293 benchmark://npb-v0/33: ok (28.56s) repro samples 0/8 argmax Y | bo8 plain 60 attr 60 | oz plain 59 attr 59
  125/293 benchmark://npb-v0/30: ok (75.82s) repro samples 0/8 argmax Y | bo8 plain 1879 attr 1879 | oz plain 1831 attr 1831
  126/293 benchmark://npb-v0/36: ok (30.62s) repro samples 4/8 argmax Y | bo8 plain 150 attr 150 | oz plain 339 attr 150
  127/293 benchmark://npb-v0/35: ok (36.74s) repro samples 3/8 argmax Y | bo8 plain 202 attr 202 | oz plain 226 attr 226
  128/293 benchmark://npb-v0/34: ok (60.09s) repro samples 0/8 argmax Y | bo8 plain 765 attr 765 | oz plain 739 attr 712
  129/293 benchmark://npb-v0/37: ok (29.19s) repro samples 2/8 argmax Y | bo8 plain 60 attr 60 | oz plain 59 attr 59
  130/293 benchmark://npb-v0/38: ok (51.32s) repro samples 1/8 argmax Y | bo8 plain 440 attr 440 | oz plain 564 attr 455
  131/293 benchmark://npb-v0/39: ok (63.45s) repro samples 0/8 argmax Y | bo8 plain 1303 attr 1303 | oz plain 2072 attr 1269
  132/293 benchmark://npb-v0/40: ok (30.22s) repro samples 1/8 argmax Y | bo8 plain 89 attr 89 | oz plain 89 attr 89
  133/293 benchmark://npb-v0/4: ok (55.39s) repro samples 0/8 argmax Y | bo8 plain 627 attr 619 | oz plain 624 attr 615
  134/293 benchmark://npb-v0/41: ok (27.53s) repro samples 4/8 argmax Y | bo8 plain 21 attr 21 | oz plain 21 attr 21
  135/293 benchmark://npb-v0/43: ok (29.95s) repro samples 1/8 argmax Y | bo8 plain 123 attr 123 | oz plain 144 attr 126
  136/293 benchmark://npb-v0/44: ok (29.53s) repro samples 2/8 argmax Y | bo8 plain 107 attr 107 | oz plain 110 attr 110
  137/293 benchmark://npb-v0/42: ok (57.67s) repro samples 0/8 argmax Y | bo8 plain 726 attr 726 | oz plain 733 attr 733
  138/293 benchmark://npb-v0/45: ok (29.71s) repro samples 3/8 argmax Y | bo8 plain 130 attr 130 | oz plain 223 attr 137
  139/293 benchmark://npb-v0/46: ok (28.34s) repro samples 8/8 argmax Y | bo8 plain 39 attr 39 | oz plain 39 attr 39
  140/293 benchmark://npb-v0/48: ok (27.8s) repro samples 8/8 argmax Y | bo8 plain 25 attr 25 | oz plain 25 attr 25
  141/293 benchmark://npb-v0/47: ok (48.94s) repro samples 0/8 argmax Y | bo8 plain 314 attr 314 | oz plain 484 attr 311
  142/293 benchmark://npb-v0/49: ok (28.72s) repro samples 8/8 argmax Y | bo8 plain 69 attr 69 | oz plain 69 attr 69
  143/293 benchmark://npb-v0/5: ok (50.39s) repro samples 0/8 argmax Y | bo8 plain 324 attr 324 | oz plain 370 attr 376
  144/293 benchmark://npb-v0/51: ok (35.19s) repro samples 3/8 argmax Y | bo8 plain 201 attr 201 | oz plain 225 attr 225
  145/293 benchmark://npb-v0/50: ok (61.01s) repro samples 1/8 argmax Y | bo8 plain 933 attr 933 | oz plain 948 attr 926
  146/293 benchmark://npb-v0/52: ok (51.65s) repro samples 5/8 argmax Y | bo8 plain 165 attr 165 | oz plain 517 attr 413
  147/293 benchmark://npb-v0/54: ok (29.92s) repro samples 8/8 argmax Y | bo8 plain 44 attr 44 | oz plain 39 attr 39
  148/293 benchmark://npb-v0/53: ok (70.05s) repro samples 0/8 argmax Y | bo8 plain 1403 attr 1403 | oz plain 2262 attr 1284
  149/293 benchmark://npb-v0/56: ok (30.43s) repro samples 8/8 argmax Y | bo8 plain 53 attr 53 | oz plain 50 attr 50
  150/293 benchmark://npb-v0/55: ok (50.89s) repro samples 0/8 argmax Y | bo8 plain 373 attr 373 | oz plain 382 attr 363
  151/293 benchmark://npb-v0/57: ok (29.43s) repro samples 8/8 argmax Y | bo8 plain 44 attr 44 | oz plain 39 attr 39
  152/293 benchmark://npb-v0/58: ok (29.8s) repro samples 8/8 argmax Y | bo8 plain 44 attr 44 | oz plain 39 attr 39
  153/293 benchmark://npb-v0/59: ok (29.46s) repro samples 8/8 argmax Y | bo8 plain 69 attr 69 | oz plain 69 attr 69
  154/293 benchmark://npb-v0/60: ok (30.2s) repro samples 6/8 argmax Y | bo8 plain 24 attr 24 | oz plain 22 attr 22
  155/293 benchmark://npb-v0/6: ok (52.9s) repro samples 0/8 argmax Y | bo8 plain 338 attr 338 | oz plain 373 attr 379
  156/293 benchmark://npb-v0/62: ok (30.2s) repro samples 4/8 argmax Y | bo8 plain 53 attr 53 | oz plain 50 attr 50
  157/293 benchmark://npb-v0/63: ok (29.39s) repro samples 8/8 argmax Y | bo8 plain 69 attr 69 | oz plain 69 attr 69
  158/293 benchmark://npb-v0/61: ok (56.8s) repro samples 0/8 argmax Y | bo8 plain 468 attr 468 | oz plain 411 attr 417
  159/293 benchmark://npb-v0/64: ok (30.67s) repro samples 8/8 argmax Y | bo8 plain 27 attr 27 | oz plain 27 attr 27
  160/293 benchmark://npb-v0/67: ok (31.75s) repro samples 7/8 argmax Y | bo8 plain 53 attr 53 | oz plain 50 attr 50
  161/293 benchmark://npb-v0/65: ok (55.17s) repro samples 0/8 argmax Y | bo8 plain 281 attr 281 | oz plain 284 attr 284
  162/293 benchmark://npb-v0/66: ok (65.85s) repro samples 1/8 argmax Y | bo8 plain 1010 attr 1010 | oz plain 1064 attr 1005
  163/293 benchmark://npb-v0/68: ok (31.88s) repro samples 0/8 argmax Y | bo8 plain 89 attr 89 | oz plain 89 attr 89
  164/293 benchmark://npb-v0/69: ok (37.72s) repro samples 1/8 argmax Y | bo8 plain 231 attr 231 | oz plain 277 attr 236
  165/293 benchmark://npb-v0/7: ok (29.41s) repro samples 7/8 argmax Y | bo8 plain 73 attr 73 | oz plain 110 attr 77
  166/293 benchmark://npb-v0/70: ok (29.51s) repro samples 2/8 argmax Y | bo8 plain 59 attr 59 | oz plain 59 attr 59
  167/293 benchmark://npb-v0/71: ok (50.42s) repro samples 1/8 argmax Y | bo8 plain 329 attr 329 | oz plain 393 attr 324
  168/293 benchmark://npb-v0/73: ok (29.83s) repro samples 2/8 argmax Y | bo8 plain 89 attr 89 | oz plain 114 attr 114
  169/293 benchmark://npb-v0/72: ok (58.8s) repro samples 0/8 argmax Y | bo8 plain 732 attr 732 | oz plain 737 attr 737
  170/293 benchmark://npb-v0/75: ok (30.46s) repro samples 6/8 argmax Y | bo8 plain 53 attr 53 | oz plain 50 attr 50
  171/293 benchmark://npb-v0/76: ok (28.38s) repro samples 8/8 argmax Y | bo8 plain 27 attr 27 | oz plain 27 attr 27
  172/293 benchmark://npb-v0/74: ok (53.28s) repro samples 0/8 argmax Y | bo8 plain 78 attr 78 | oz plain 535 attr 452
  173/293 benchmark://npb-v0/78: ok (34.69s) repro samples 2/8 argmax Y | bo8 plain 148 attr 148 | oz plain 162 attr 152
  174/293 benchmark://npb-v0/80: ok (29.56s) repro samples 2/8 argmax Y | bo8 plain 21 attr 21 | oz plain 21 attr 21
  175/293 benchmark://npb-v0/79: ok (61.39s) repro samples 0/8 argmax Y | bo8 plain 775 attr 775 | oz plain 1611 attr 1152
  176/293 benchmark://npb-v0/8: ok (53.76s) repro samples 1/8 argmax Y | bo8 plain 452 attr 452 | oz plain 529 attr 443
  177/293 benchmark://npb-v0/81: ok (35.11s) repro samples 1/8 argmax Y | bo8 plain 218 attr 218 | oz plain 240 attr 221
  178/293 benchmark://npb-v0/82: ok (29.92s) repro samples 3/8 argmax Y | bo8 plain 60 attr 60 | oz plain 59 attr 59
  179/293 benchmark://npb-v0/83: ok (29.13s) repro samples 4/8 argmax Y | bo8 plain 21 attr 21 | oz plain 21 attr 21
  180/293 benchmark://npb-v0/84: ok (28.96s) repro samples 8/8 argmax Y | bo8 plain 27 attr 27 | oz plain 27 attr 27
  181/293 benchmark://npb-v0/85: ok (29.07s) repro samples 5/8 argmax Y | bo8 plain 21 attr 21 | oz plain 21 attr 21
  182/293 benchmark://npb-v0/86: ok (28.25s) repro samples 8/8 argmax Y | bo8 plain 27 attr 27 | oz plain 27 attr 27
  183/293 benchmark://npb-v0/88: ok (28.57s) repro samples 2/8 argmax Y | bo8 plain 21 attr 21 | oz plain 21 attr 21
  184/293 benchmark://npb-v0/87: ok (32.48s) repro samples 6/8 argmax Y | bo8 plain 176 attr 176 | oz plain 185 attr 177
  185/293 benchmark://npb-v0/89: ok (29.39s) repro samples 8/8 argmax Y | bo8 plain 44 attr 44 | oz plain 39 attr 39
  186/293 benchmark://npb-v0/9: ok (29.45s) repro samples 3/8 argmax Y | bo8 plain 75 attr 75 | oz plain 74 attr 74
  187/293 benchmark://npb-v0/92: ok (29.73s) repro samples 5/8 argmax Y | bo8 plain 53 attr 53 | oz plain 50 attr 50
  188/293 benchmark://npb-v0/90: ok (61.83s) repro samples 1/8 argmax Y | bo8 plain 697 attr 697 | oz plain 735 attr 708
  189/293 benchmark://npb-v0/91: ok (71.03s) repro samples 0/8 argmax Y | bo8 plain 1371 attr 1371 | oz plain 2258 attr 1281
  190/293 benchmark://npb-v0/93: ok (29.74s) repro samples 7/8 argmax Y | bo8 plain 44 attr 44 | oz plain 39 attr 39
  191/293 benchmark://npb-v0/95: ok (53.04s) repro samples 0/8 argmax Y | bo8 plain 392 attr 392 | oz plain 367 attr 367
  192/293 benchmark://npb-v0/94: ok (72.13s) repro samples 1/8 argmax Y | bo8 plain 1369 attr 1369 | oz plain 2234 attr 1284
  193/293 benchmark://npb-v0/96: ok (74.93s) repro samples 0/8 argmax Y | bo8 plain 1375 attr 1375 | oz plain 2316 attr 1308
  194/293 benchmark://npb-v0/99: ok (33.42s) repro samples 7/8 argmax Y | bo8 plain 53 attr 53 | oz plain 50 attr 50
  195/293 benchmark://npb-v0/98: ok (61.85s) repro samples 0/8 argmax Y | bo8 plain 633 attr 633 | oz plain 877 attr 606
  196/293 benchmark://npb-v0/97: ok (89.48s) repro samples 1/8 argmax Y | bo8 plain 1875 attr 1875 | oz plain 2475 attr 1810
  197/293 benchmark://poj104-v1/10/1069: ok (32.42s) repro samples 8/8 argmax Y | bo8 plain 69 attr 69 | oz plain 68 attr 68
  198/293 benchmark://poj104-v1/10/1810: ok (32.42s) repro samples 8/8 argmax Y | bo8 plain 69 attr 69 | oz plain 66 attr 66
  199/293 benchmark://poj104-v1/10/288: ok (32.42s) repro samples 8/8 argmax Y | bo8 plain 79 attr 79 | oz plain 77 attr 77
  200/293 benchmark://poj104-v1/10/794: ok (33.99s) repro samples 8/8 argmax Y | bo8 plain 145 attr 145 | oz plain 141 attr 141
  201/293 benchmark://poj104-v1/101/593: ok (32.71s) repro samples 8/8 argmax Y | bo8 plain 67 attr 67 | oz plain 88 attr 66
  202/293 benchmark://poj104-v1/101/888: ok (29.31s) repro samples 8/8 argmax Y | bo8 plain 7 attr 7 | oz plain 5 attr 5
  203/293 benchmark://poj104-v1/104/939: ok (34.99s) repro samples 8/8 argmax Y | bo8 plain 75 attr 75 | oz plain 82 attr 72
  204/293 benchmark://poj104-v1/102/1409: ok (47.74s) repro samples 8/8 argmax Y | bo8 plain 164 attr 164 | oz plain 190 attr 153
  205/293 benchmark://poj104-v1/11/266: ok (32.71s) repro samples 8/8 argmax Y | bo8 plain 65 attr 65 | oz plain 62 attr 62
  206/293 benchmark://poj104-v1/14/1540: ok (31.53s) repro samples 8/8 argmax Y | bo8 plain 74 attr 74 | oz plain 104 attr 69
  207/293 benchmark://poj104-v1/14/448: ok (30.42s) repro samples 8/8 argmax Y | bo8 plain 67 attr 67 | oz plain 66 attr 66
  208/293 benchmark://poj104-v1/17/1186: ok (31.05s) repro samples 8/8 argmax Y | bo8 plain 54 attr 54 | oz plain 71 attr 71
  209/293 benchmark://poj104-v1/17/778: ok (34.9s) repro samples 8/8 argmax Y | bo8 plain 59 attr 59 | oz plain 100 attr 58
  210/293 benchmark://poj104-v1/20/1110: ok (29.67s) repro samples 8/8 argmax Y | bo8 plain 69 attr 69 | oz plain 69 attr 67
  211/293 benchmark://poj104-v1/18/1594: ok (33.75s) repro samples 8/8 argmax Y | bo8 plain 152 attr 152 | oz plain 144 attr 144
  212/293 benchmark://poj104-v1/20/721: ok (29.95s) repro samples 8/8 argmax Y | bo8 plain 74 attr 74 | oz plain 83 attr 74
  213/293 benchmark://poj104-v1/21/1658: ok (30.23s) repro samples 8/8 argmax Y | bo8 plain 80 attr 80 | oz plain 70 attr 70
  214/293 benchmark://poj104-v1/22/1039: ok (29.95s) repro samples 8/8 argmax Y | bo8 plain 78 attr 78 | oz plain 81 attr 80
  215/293 benchmark://poj104-v1/24/31: ok (30.41s) repro samples 8/8 argmax Y | bo8 plain 124 attr 124 | oz plain 127 attr 127
  216/293 benchmark://poj104-v1/24/334: ok (30.46s) repro samples 8/8 argmax Y | bo8 plain 50 attr 50 | oz plain 49 attr 48
  217/293 benchmark://poj104-v1/26/100: ok (30.41s) repro samples 8/8 argmax Y | bo8 plain 56 attr 56 | oz plain 59 attr 55
  218/293 benchmark://poj104-v1/29/493: ok (30.06s) repro samples 8/8 argmax Y | bo8 plain 65 attr 65 | oz plain 63 attr 63
  219/293 benchmark://poj104-v1/30/633: ok (30.76s) repro samples 8/8 argmax Y | bo8 plain 45 attr 45 | oz plain 44 attr 44
  220/293 benchmark://poj104-v1/33/3186: ok (31.31s) repro samples 8/8 argmax Y | bo8 plain 58 attr 58 | oz plain 57 attr 57
  221/293 benchmark://poj104-v1/35/1231: ok (34.11s) repro samples 8/8 argmax Y | bo8 plain 100 attr 100 | oz plain 117 attr 103
  222/293 benchmark://poj104-v1/35/2260: ok (30.78s) repro samples 8/8 argmax Y | bo8 plain 81 attr 81 | oz plain 83 attr 83
  223/293 benchmark://poj104-v1/38/1030: ok (30.6s) repro samples 8/8 argmax Y | bo8 plain 68 attr 68 | oz plain 62 attr 62
  224/293 benchmark://poj104-v1/38/992: ok (29.24s) repro samples 8/8 argmax Y | bo8 plain 75 attr 75 | oz plain 73 attr 73
  225/293 benchmark://poj104-v1/39/1624: ok (29.55s) repro samples 8/8 argmax Y | bo8 plain 85 attr 85 | oz plain 81 attr 81
  226/293 benchmark://poj104-v1/39/429: ok (30.3s) repro samples 8/8 argmax Y | bo8 plain 104 attr 104 | oz plain 100 attr 100
  227/293 benchmark://poj104-v1/43/1604: ok (29.12s) repro samples 8/8 argmax Y | bo8 plain 43 attr 43 | oz plain 40 attr 40
  228/293 benchmark://poj104-v1/41/936: ok (35.55s) repro samples 8/8 argmax Y | bo8 plain 119 attr 119 | oz plain 109 attr 117
  229/293 benchmark://poj104-v1/44/1322: ok (29.86s) repro samples 8/8 argmax Y | bo8 plain 72 attr 72 | oz plain 78 attr 66
  230/293 benchmark://poj104-v1/46/2617: ok (31.92s) repro samples 8/8 argmax Y | bo8 plain 119 attr 119 | oz plain 125 attr 125
  231/293 benchmark://poj104-v1/46/3555: ok (32.31s) repro samples 8/8 argmax Y | bo8 plain 86 attr 86 | oz plain 92 attr 92
  232/293 benchmark://poj104-v1/47/1100: ok (32.01s) repro samples 8/8 argmax Y | bo8 plain 59 attr 59 | oz plain 56 attr 56
  233/293 benchmark://poj104-v1/47/1790: ok (31.56s) repro samples 8/8 argmax Y | bo8 plain 41 attr 41 | oz plain 40 attr 40
  234/293 benchmark://poj104-v1/47/4118: ok (31.49s) repro samples 8/8 argmax Y | bo8 plain 56 attr 56 | oz plain 55 attr 55
  235/293 benchmark://poj104-v1/47/5504: ok (31.34s) repro samples 8/8 argmax Y | bo8 plain 39 attr 39 | oz plain 36 attr 36
  236/293 benchmark://poj104-v1/48/1523: ok (31.57s) repro samples 8/8 argmax Y | bo8 plain 110 attr 110 | oz plain 164 attr 111
  237/293 benchmark://poj104-v1/48/1548: ok (32.08s) repro samples 8/8 argmax Y | bo8 plain 122 attr 122 | oz plain 148 attr 116
  238/293 benchmark://poj104-v1/49/591: ok (35.0s) repro samples 8/8 argmax Y | bo8 plain 54 attr 54 | oz plain 107 attr 59
  239/293 benchmark://poj104-v1/5/578: ok (30.51s) repro samples 8/8 argmax Y | bo8 plain 72 attr 72 | oz plain 65 attr 65
  240/293 benchmark://poj104-v1/50/106: ok (30.55s) repro samples 8/8 argmax Y | bo8 plain 59 attr 59 | oz plain 52 attr 52
  241/293 benchmark://poj104-v1/50/1711: ok (29.55s) repro samples 8/8 argmax Y | bo8 plain 35 attr 35 | oz plain 43 attr 33
  242/293 benchmark://poj104-v1/50/880: ok (27.78s) repro samples 8/8 argmax Y | bo8 plain 37 attr 37 | oz plain 36 attr 36
  243/293 benchmark://poj104-v1/53/1503: ok (28.81s) repro samples 8/8 argmax Y | bo8 plain 57 attr 57 | oz plain 53 attr 53
  244/293 benchmark://poj104-v1/53/215: ok (28.62s) repro samples 8/8 argmax Y | bo8 plain 59 attr 59 | oz plain 57 attr 57
  245/293 benchmark://poj104-v1/54/59: ok (29.73s) repro samples 8/8 argmax Y | bo8 plain 41 attr 41 | oz plain 39 attr 39
  246/293 benchmark://poj104-v1/56/1221: ok (30.29s) repro samples 8/8 argmax Y | bo8 plain 80 attr 80 | oz plain 84 attr 84
  247/293 benchmark://poj104-v1/58/1032: ok (32.19s) repro samples 8/8 argmax Y | bo8 plain 54 attr 54 | oz plain 56 attr 55
  248/293 benchmark://poj104-v1/58/1185: ok (30.82s) repro samples 8/8 argmax Y | bo8 plain 55 attr 55 | oz plain 60 attr 60
  249/293 benchmark://poj104-v1/58/981: ok (29.59s) repro samples 8/8 argmax Y | bo8 plain 85 attr 85 | oz plain 78 attr 72
  250/293 benchmark://poj104-v1/60/1112: ok (28.66s) repro samples 8/8 argmax Y | bo8 plain 41 attr 41 | oz plain 49 attr 40
  251/293 benchmark://poj104-v1/66/359: ok (32.38s) repro samples 8/8 argmax Y | bo8 plain 78 attr 78 | oz plain 71 attr 71
  252/293 benchmark://poj104-v1/66/587: ok (32.43s) repro samples 8/8 argmax Y | bo8 plain 97 attr 97 | oz plain 87 attr 87
  253/293 benchmark://poj104-v1/67/2016: ok (31.05s) repro samples 8/8 argmax Y | bo8 plain 47 attr 47 | oz plain 40 attr 40
  254/293 benchmark://poj104-v1/68/172: ok (29.56s) repro samples 8/8 argmax Y | bo8 plain 51 attr 51 | oz plain 46 attr 46
  255/293 benchmark://poj104-v1/7/628: ok (29.91s) repro samples 8/8 argmax Y | bo8 plain 85 attr 85 | oz plain 83 attr 82
  256/293 benchmark://poj104-v1/70/868: ok (29.81s) repro samples 8/8 argmax Y | bo8 plain 85 attr 85 | oz plain 87 attr 87
  257/293 benchmark://poj104-v1/71/285: ok (30.27s) repro samples 8/8 argmax Y | bo8 plain 76 attr 76 | oz plain 71 attr 71
  258/293 benchmark://poj104-v1/72/1774: ok (29.45s) repro samples 8/8 argmax Y | bo8 plain 95 attr 95 | oz plain 101 attr 101
  259/293 benchmark://poj104-v1/72/1761: ok (49.94s) repro samples 8/8 argmax Y | bo8 plain 249 attr 249 | oz plain 270 attr 270
  260/293 benchmark://poj104-v1/72/2766: ok (30.95s) repro samples 8/8 argmax Y | bo8 plain 167 attr 167 | oz plain 156 attr 156
  261/293 benchmark://poj104-v1/74/103: ok (29.62s) repro samples 8/8 argmax Y | bo8 plain 97 attr 97 | oz plain 101 attr 96
  262/293 benchmark://poj104-v1/74/1057: ok (30.87s) repro samples 8/8 argmax Y | bo8 plain 113 attr 113 | oz plain 113 attr 113
  263/293 benchmark://poj104-v1/75/742: ok (30.45s) repro samples 8/8 argmax Y | bo8 plain 63 attr 63 | oz plain 71 attr 59
  264/293 benchmark://poj104-v1/77/432: ok (33.98s) repro samples 8/8 argmax Y | bo8 plain 42 attr 42 | oz plain 87 attr 41
  265/293 benchmark://poj104-v1/78/1874: ok (30.9s) repro samples 8/8 argmax Y | bo8 plain 99 attr 99 | oz plain 150 attr 103
  266/293 benchmark://poj104-v1/78/486: ok (32.14s) repro samples 8/8 argmax Y | bo8 plain 103 attr 103 | oz plain 120 attr 102
  267/293 benchmark://poj104-v1/8/1128: ok (30.11s) repro samples 8/8 argmax Y | bo8 plain 137 attr 137 | oz plain 142 attr 142
  268/293 benchmark://poj104-v1/8/985: ok (30.23s) repro samples 8/8 argmax Y | bo8 plain 94 attr 94 | oz plain 92 attr 92
  269/293 benchmark://poj104-v1/80/1309: ok (30.05s) repro samples 8/8 argmax Y | bo8 plain 74 attr 74 | oz plain 76 attr 76
  270/293 benchmark://poj104-v1/80/1033: ok (36.11s) repro samples 8/8 argmax Y | bo8 plain 168 attr 168 | oz plain 170 attr 160
  271/293 benchmark://poj104-v1/80/1396: ok (34.41s) repro samples 8/8 argmax Y | bo8 plain 160 attr 160 | oz plain 154 attr 154
  272/293 benchmark://poj104-v1/81/2076: ok (30.21s) repro samples 8/8 argmax Y | bo8 plain 111 attr 111 | oz plain 158 attr 101
  273/293 benchmark://poj104-v1/81/1124: ok (30.93s) repro samples 8/8 argmax Y | bo8 plain 96 attr 96 | oz plain 168 attr 90
  274/293 benchmark://poj104-v1/82/1426: ok (29.3s) repro samples 8/8 argmax Y | bo8 plain 84 attr 84 | oz plain 94 attr 94
  275/293 benchmark://poj104-v1/82/2137: ok (29.13s) repro samples 8/8 argmax Y | bo8 plain 60 attr 60 | oz plain 57 attr 57
  276/293 benchmark://poj104-v1/82/76: ok (30.33s) repro samples 8/8 argmax Y | bo8 plain 118 attr 118 | oz plain 121 attr 121
  277/293 benchmark://poj104-v1/83/70: ok (31.17s) repro samples 8/8 argmax Y | bo8 plain 114 attr 114 | oz plain 112 attr 112
  278/293 benchmark://poj104-v1/84/635: ok (29.65s) repro samples 8/8 argmax Y | bo8 plain 66 attr 66 | oz plain 64 attr 64
  279/293 benchmark://poj104-v1/86/43: ok (29.23s) repro samples 8/8 argmax Y | bo8 plain 76 attr 76 | oz plain 75 attr 75
  280/293 benchmark://poj104-v1/87/160: ok (28.88s) repro samples 8/8 argmax Y | bo8 plain 55 attr 55 | oz plain 53 attr 53
  281/293 benchmark://poj104-v1/87/746: ok (28.96s) repro samples 8/8 argmax Y | bo8 plain 77 attr 77 | oz plain 72 attr 72
  282/293 benchmark://poj104-v1/87/779: ok (29.19s) repro samples 8/8 argmax Y | bo8 plain 56 attr 56 | oz plain 60 attr 51
  283/293 benchmark://poj104-v1/88/1570: ok (30.11s) repro samples 8/8 argmax Y | bo8 plain 42 attr 42 | oz plain 46 attr 37
  284/293 benchmark://poj104-v1/90/18: ok (30.57s) repro samples 8/8 argmax Y | bo8 plain 71 attr 71 | oz plain 69 attr 69
  285/293 benchmark://poj104-v1/88/57: ok (34.38s) repro samples 8/8 argmax Y | bo8 plain 43 attr 43 | oz plain 38 attr 38
  286/293 benchmark://poj104-v1/90/184: ok (30.77s) repro samples 8/8 argmax Y | bo8 plain 60 attr 60 | oz plain 61 attr 61
  287/293 benchmark://poj104-v1/93/1840: ok (30.92s) repro samples 8/8 argmax Y | bo8 plain 96 attr 96 | oz plain 109 attr 101
  288/293 benchmark://poj104-v1/93/975: ok (30.05s) repro samples 8/8 argmax Y | bo8 plain 35 attr 35 | oz plain 42 attr 34
  289/293 benchmark://poj104-v1/94/2509: ok (31.53s) repro samples 8/8 argmax Y | bo8 plain 85 attr 85 | oz plain 80 attr 80
  290/293 benchmark://poj104-v1/97/1125: ok (29.62s) repro samples 8/8 argmax Y | bo8 plain 33 attr 33 | oz plain 83 attr 33
  291/293 benchmark://poj104-v1/95/1378: ok (31.71s) repro samples 8/8 argmax Y | bo8 plain 61 attr 61 | oz plain 58 attr 50
  292/293 benchmark://poj104-v1/97/2411: ok (28.82s) repro samples 8/8 argmax Y | bo8 plain 69 attr 69 | oz plain 132 attr 72
  293/293 benchmark://poj104-v1/98/672: ok (26.51s) repro samples 8/8 argmax Y | bo8 plain 63 attr 63 | oz plain 90 attr 63
    Skipping gsm (IC=14902 > 3000)
    Skipping blowfish (IC=3898 > 3000)
    Skipping rijndael (IC=6133 > 3000)
    Skipping bzip2 (IC=28748 > 3000)
    Skipping jpeg-c (IC=62452 > 3000)
    Skipping ispell (IC=15184 > 3000)
    Skipping susan (IC=13282 > 3000)
    Skipping tiff2bw (IC=58797 > 3000)
    Skipping tiffdither (IC=58450 > 3000)
    Skipping ghostscript (IC=406198 > 3000)
    Skipping gsm (IC=14902 > 3000)
    Skipping blowfish (IC=3898 > 3000)
    Skipping rijndael (IC=6133 > 3000)
    Skipping bzip2 (IC=28748 > 3000)
    Skipping jpeg-c (IC=62452 > 3000)
    Skipping ispell (IC=15184 > 3000)
    Skipping susan (IC=13282 > 3000)
    Skipping tiff2bw (IC=58797 > 3000)
    Skipping tiffdither (IC=58450 > 3000)
    Skipping ghostscript (IC=406198 > 3000)
    Skipping gsm (IC=14902 > 3000)
    Skipping blowfish (IC=3898 > 3000)
    Skipping rijndael (IC=6133 > 3000)
    Skipping bzip2 (IC=28748 > 3000)
    Skipping jpeg-c (IC=62452 > 3000)
    Skipping ispell (IC=15184 > 3000)
    Skipping susan (IC=13282 > 3000)
    Skipping tiff2bw (IC=58797 > 3000)
    Skipping tiffdither (IC=58450 > 3000)
    Skipping ghostscript (IC=406198 > 3000)
[gnn seed=42] finished 293 in 63.0 min, 0 failed -> /work/results/gnn_attribute_audit/records_gnn_seed42
