[null seed=None] 347 programs, 0 done, 347 pending, workers=2
  1/347 benchmark://blas-v0/105: ok (17.59s) | oz plain 430 attr 430 | rnd8 plain 432 attr 432
  2/347 benchmark://blas-v0/101: ok (19.28s) | oz plain 1104 attr 1104 | rnd8 plain 1076 attr 1076
  3/347 benchmark://blas-v0/112: ok (15.88s) | oz plain 68 attr 68 | rnd8 plain 68 attr 68
  4/347 benchmark://blas-v0/111: ok (19.05s) | oz plain 500 attr 500 | rnd8 plain 483 attr 483
  5/347 benchmark://blas-v0/122: ok (21.97s) | oz plain 1287 attr 1287 | rnd8 plain 1273 attr 1273
  6/347 benchmark://blas-v0/125: ok (23.17s) | oz plain 1546 attr 1546 | rnd8 plain 1493 attr 1493
  7/347 benchmark://blas-v0/127: ok (18.25s) | oz plain 208 attr 208 | rnd8 plain 210 attr 210
  8/347 benchmark://blas-v0/133: ok (23.75s) | oz plain 1150 attr 1150 | rnd8 plain 1144 attr 1144
  9/347 benchmark://blas-v0/136: ok (20.79s) | oz plain 1125 attr 1125 | rnd8 plain 1116 attr 1116
  10/347 benchmark://blas-v0/138: ok (21.54s) | oz plain 2480 attr 2480 | rnd8 plain 2465 attr 2465
  11/347 benchmark://blas-v0/153: ok (15.75s) | oz plain 583 attr 583 | rnd8 plain 571 attr 571
  12/347 benchmark://blas-v0/158: ok (16.53s) | oz plain 818 attr 818 | rnd8 plain 772 attr 772
  13/347 benchmark://blas-v0/166: ok (20.26s) | oz plain 2458 attr 2458 | rnd8 plain 2407 attr 2407
  14/347 benchmark://blas-v0/178: ok (14.97s) | oz plain 491 attr 491 | rnd8 plain 487 attr 487
  15/347 benchmark://blas-v0/180: ok (17.23s) | oz plain 1069 attr 1069 | rnd8 plain 1044 attr 1044
  16/347 benchmark://blas-v0/184: ok (14.5s) | oz plain 180 attr 180 | rnd8 plain 180 attr 180
  17/347 benchmark://blas-v0/19: ok (14.88s) | oz plain 110 attr 110 | rnd8 plain 105 attr 105
  18/347 benchmark://blas-v0/191: ok (15.8s) | oz plain 262 attr 262 | rnd8 plain 261 attr 261
  19/347 benchmark://blas-v0/194: ok (14.42s) | oz plain 262 attr 262 | rnd8 plain 265 attr 265
  20/347 benchmark://blas-v0/196: ok (16.81s) | oz plain 1264 attr 1264 | rnd8 plain 1269 attr 1269
  21/347 benchmark://blas-v0/201: ok (13.83s) | oz plain 162 attr 162 | rnd8 plain 150 attr 150
  22/347 benchmark://blas-v0/203: ok (14.41s) | oz plain 86 attr 86 | rnd8 plain 84 attr 84
  23/347 benchmark://blas-v0/206: ok (14.22s) | oz plain 140 attr 140 | rnd8 plain 141 attr 141
  24/347 benchmark://blas-v0/21: ok (16.36s) | oz plain 827 attr 827 | rnd8 plain 827 attr 827
  25/347 benchmark://blas-v0/210: ok (17.61s) | oz plain 1295 attr 1295 | rnd8 plain 1257 attr 1257
  26/347 benchmark://blas-v0/215: ok (13.31s) | oz plain 136 attr 136 | rnd8 plain 138 attr 138
  27/347 benchmark://blas-v0/220: ok (14.31s) | oz plain 48 attr 48 | rnd8 plain 46 attr 46
  28/347 benchmark://blas-v0/222: ok (17.42s) | oz plain 822 attr 822 | rnd8 plain 822 attr 822
  29/347 benchmark://blas-v0/226: ok (19.06s) | oz plain 1130 attr 1130 | rnd8 plain 1116 attr 1116
  30/347 benchmark://blas-v0/229: ok (15.41s) | oz plain 178 attr 178 | rnd8 plain 180 attr 180
  31/347 benchmark://blas-v0/23: ok (17.34s) | oz plain 1387 attr 1387 | rnd8 plain 1339 attr 1339
  32/347 benchmark://blas-v0/234: ok (17.38s) | oz plain 1401 attr 1401 | rnd8 plain 1288 attr 1288
  33/347 benchmark://blas-v0/239: ok (17.37s) | oz plain 1384 attr 1384 | rnd8 plain 1363 attr 1363
  34/347 benchmark://blas-v0/247: ok (17.4s) | oz plain 1371 attr 1371 | rnd8 plain 1336 attr 1336
  35/347 benchmark://blas-v0/254: ok (11.65s) | oz plain 47 attr 47 | rnd8 plain 47 attr 47
  36/347 benchmark://blas-v0/25: ok (19.15s) | oz plain 2624 attr 2624 | rnd8 plain 2553 attr 2553
  37/347 benchmark://blas-v0/256: ok (12.57s) | oz plain 148 attr 148 | rnd8 plain 150 attr 150
  38/347 benchmark://blas-v0/257: ok (12.15s) | oz plain 71 attr 71 | rnd8 plain 71 attr 71
  39/347 benchmark://blas-v0/27: ok (13.83s) | oz plain 204 attr 204 | rnd8 plain 205 attr 205
  40/347 benchmark://blas-v0/267: ok (20.35s) | oz plain 2226 attr 2226 | rnd8 plain 2194 attr 2194
  41/347 benchmark://blas-v0/277: ok (12.73s) | oz plain 208 attr 208 | rnd8 plain 212 attr 212
  42/347 benchmark://blas-v0/285: ok (17.15s) | oz plain 1651 attr 1651 | rnd8 plain 1552 attr 1552
  43/347 benchmark://blas-v0/288: ok (11.55s) | oz plain 7 attr 7 | rnd8 plain 7 attr 7
  44/347 benchmark://blas-v0/298: ok (15.95s) | oz plain 812 attr 812 | rnd8 plain 765 attr 765
  45/347 benchmark://blas-v0/35: ok (12.11s) | oz plain 16 attr 16 | rnd8 plain 16 attr 16
  46/347 benchmark://blas-v0/49: ok (12.45s) | oz plain 71 attr 71 | rnd8 plain 71 attr 71
  47/347 benchmark://blas-v0/50: ok (15.94s) | oz plain 713 attr 713 | rnd8 plain 696 attr 696
  48/347 benchmark://blas-v0/53: ok (13.72s) | oz plain 182 attr 182 | rnd8 plain 183 attr 183
  49/347 benchmark://blas-v0/65: ok (16.91s) | oz plain 683 attr 683 | rnd8 plain 642 attr 642
  50/347 benchmark://blas-v0/80: ok (15.64s) | oz plain 413 attr 413 | rnd8 plain 412 attr 412
  51/347 benchmark://chstone-v0/adpcm: ok (15.36s) | oz plain 966 attr 737 | rnd8 plain 728 attr 728
  52/347 benchmark://chstone-v0/aes: ok (17.02s) | oz plain 1987 attr 1970 | rnd8 plain 2003 attr 2003
  53/347 benchmark://chstone-v0/blowfish: ok (16.1s) | oz plain 1214 attr 1134 | rnd8 plain 1154 attr 1154
  54/347 benchmark://chstone-v0/dfadd: ok (14.28s) | oz plain 422 attr 422 | rnd8 plain 405 attr 405
  55/347 benchmark://chstone-v0/dfdiv: ok (14.79s) | oz plain 435 attr 435 | rnd8 plain 432 attr 432
  56/347 benchmark://chstone-v0/dfmul: ok (13.4s) | oz plain 349 attr 349 | rnd8 plain 341 attr 341
  57/347 benchmark://chstone-v0/dfsin: ok (14.54s) | oz plain 904 attr 904 | rnd8 plain 857 attr 857
  58/347 benchmark://chstone-v0/gsm: ok (15.55s) | oz plain 843 attr 669 | rnd8 plain 762 attr 762
  59/347 benchmark://chstone-v0/jpeg: ok (17.64s) | oz plain 1590 attr 1496 | rnd8 plain 1485 attr 1485
  60/347 benchmark://chstone-v0/mips: ok (13.68s) | oz plain 392 attr 375 | rnd8 plain 379 attr 379
  61/347 benchmark://chstone-v0/motion: ok (14.58s) | oz plain 384 attr 354 | rnd8 plain 381 attr 381
  62/347 benchmark://chstone-v0/sha: ok (14.69s) | oz plain 348 attr 292 | rnd8 plain 298 attr 298
  63/347 generator://csmith-v0/1: ok (16.85s) | oz plain 666 attr 388 | rnd8 plain 472 attr 472
  64/347 generator://csmith-v0/12: ok (15.56s) | oz plain 550 attr 423 | rnd8 plain 479 attr 479
  65/347 generator://csmith-v0/13: ok (14.32s) | oz plain 88 attr 60 | rnd8 plain 71 attr 71
  66/347 generator://csmith-v0/14: ok (14.23s) | oz plain 88 attr 60 | rnd8 plain 89 attr 89
  67/347 generator://csmith-v0/17: ok (15.03s) | oz plain 130 attr 102 | rnd8 plain 113 attr 113
  68/347 generator://csmith-v0/18: ok (15.02s) | oz plain 131 attr 103 | rnd8 plain 130 attr 130
  69/347 generator://csmith-v0/19: ok (16.42s) | oz plain 508 attr 381 | rnd8 plain 452 attr 452
  70/347 generator://csmith-v0/21: ok (15.34s) | oz plain 110 attr 60 | rnd8 plain 71 attr 71
  71/347 generator://csmith-v0/24: ok (15.95s) | oz plain 254 attr 187 | rnd8 plain 207 attr 207
  72/347 generator://csmith-v0/26: ok (20.33s) | oz plain 2740 attr 2427 | rnd8 plain 2465 attr 2465
  73/347 generator://csmith-v0/27: ok (21.24s) | oz plain 2267 attr 2088 | rnd8 plain 2164 attr 2164
  74/347 generator://csmith-v0/29: ok (17.25s) | oz plain 690 attr 423 | rnd8 plain 534 attr 534
  75/347 generator://csmith-v0/30: ok (19.45s) | oz plain 2126 attr 1862 | rnd8 plain 1858 attr 1858
  76/347 generator://csmith-v0/31: ok (18.39s) | oz plain 449 attr 332 | rnd8 plain 368 attr 368
  77/347 generator://csmith-v0/33: ok (14.28s) | oz plain 142 attr 100 | rnd8 plain 112 attr 112
  78/347 generator://csmith-v0/32: ok (17.81s) | oz plain 739 attr 497 | rnd8 plain 621 attr 621
  79/347 generator://csmith-v0/34: ok (13.5s) | oz plain 119 attr 60 | rnd8 plain 69 attr 69
  80/347 generator://csmith-v0/36: ok (16.53s) | oz plain 1387 attr 864 | rnd8 plain 967 attr 967
  81/347 generator://csmith-v0/38: ok (18.16s) | oz plain 1997 attr 1627 | rnd8 plain 1630 attr 1630
  82/347 generator://csmith-v0/40: ok (18.05s) | oz plain 616 attr 451 | rnd8 plain 997 attr 997
  83/347 generator://csmith-v0/41: ok (16.31s) | oz plain 433 attr 306 | rnd8 plain 408 attr 408
  84/347 generator://csmith-v0/43: ok (15.44s) | oz plain 419 attr 313 | rnd8 plain 395 attr 395
  85/347 generator://csmith-v0/44: ok (16.86s) | oz plain 751 attr 595 | rnd8 plain 695 attr 695
  86/347 generator://csmith-v0/45: ok (17.79s) | oz plain 1149 attr 623 | rnd8 plain 686 attr 686
  87/347 generator://csmith-v0/46: ok (16.27s) | oz plain 346 attr 307 | rnd8 plain 374 attr 374
  88/347 generator://csmith-v0/5: ok (14.33s) | oz plain 108 attr 80 | rnd8 plain 89 attr 89
  89/347 generator://csmith-v0/6: ok (15.96s) | oz plain 536 attr 302 | rnd8 plain 346 attr 346
  90/347 generator://csmith-v0/8: ok (17.27s) | oz plain 687 attr 596 | rnd8 plain 608 attr 608
  91/347 benchmark://mibench-v1/bitcount-1: ok (13.21s) | oz plain 45 attr 45 | rnd8 plain 45 attr 45
  92/347 benchmark://mibench-v1/bitcount-2: ok (13.08s) | oz plain 49 attr 49 | rnd8 plain 49 attr 49
  93/347 benchmark://mibench-v1/dijkstra: ok (13.71s) | oz plain 46 attr 46 | rnd8 plain 44 attr 44
  94/347 benchmark://mibench-v1/fft-1: ok (14.1s) | oz plain 47 attr 47 | rnd8 plain 47 attr 47
  95/347 benchmark://mibench-v1/fft-2: ok (14.38s) | oz plain 129 attr 129 | rnd8 plain 129 attr 129
  96/347 benchmark://mibench-v1/ghostscript: ok (13.62s) | oz plain 54 attr 54 | rnd8 plain 54 attr 54
  97/347 benchmark://mibench-v1/gsm-1: ok (14.4s) | oz plain 95 attr 95 | rnd8 plain 80 attr 80
  98/347 benchmark://mibench-v1/gsm-2: ok (14.02s) | oz plain 85 attr 85 | rnd8 plain 87 attr 87
  99/347 benchmark://mibench-v1/jpeg-c: ok (13.99s) | oz plain 200 attr 200 | rnd8 plain 201 attr 201
  100/347 benchmark://mibench-v1/jpeg-c-1: ok (12.88s) | oz plain 70 attr 70 | rnd8 plain 71 attr 71
  101/347 benchmark://mibench-v1/jpeg-c-2: ok (13.22s) | oz plain 139 attr 139 | rnd8 plain 137 attr 137
  102/347 benchmark://mibench-v1/jpeg-c-3: ok (12.95s) | oz plain 132 attr 132 | rnd8 plain 131 attr 131
  103/347 benchmark://mibench-v1/lame-newmdct-1: ok (14.54s) | oz plain 313 attr 313 | rnd8 plain 313 attr 313
  104/347 benchmark://mibench-v1/lame-newmdct-2: ok (13.34s) | oz plain 80 attr 80 | rnd8 plain 83 attr 83
  105/347 benchmark://mibench-v1/lame-psymodel: ok (15.31s) | oz plain 507 attr 507 | rnd8 plain 521 attr 521
  106/347 benchmark://mibench-v1/lame-quantize-1: ok (13.75s) | oz plain 61 attr 61 | rnd8 plain 62 attr 62
  107/347 benchmark://mibench-v1/lame-quantize-2: ok (13.55s) | oz plain 50 attr 50 | rnd8 plain 52 attr 52
  108/347 benchmark://mibench-v1/lame-takehiro-1: ok (13.95s) | oz plain 145 attr 145 | rnd8 plain 143 attr 143
  109/347 benchmark://mibench-v1/lame-takehiro-2: ok (14.18s) | oz plain 60 attr 60 | rnd8 plain 58 attr 58
  110/347 benchmark://mibench-v1/mad-1: ok (15.07s) | oz plain 297 attr 187 | rnd8 plain 201 attr 201
  111/347 benchmark://mibench-v1/mad-2: ok (13.91s) | oz plain 97 attr 97 | rnd8 plain 99 attr 99
  112/347 benchmark://mibench-v1/pgp-d: ok (13.78s) | oz plain 60 attr 60 | rnd8 plain 59 attr 59
  113/347 benchmark://mibench-v1/pgp-e-1: ok (12.87s) | oz plain 60 attr 60 | rnd8 plain 60 attr 60
  114/347 benchmark://mibench-v1/pgp-e-2: ok (13.21s) | oz plain 58 attr 58 | rnd8 plain 58 attr 58
[null seed=None] 347 programs, 114 done, 233 pending, workers=2
  1/233 benchmark://mibench-v1/qsort1: ok (9.77s) | oz plain 47 attr 47 | rnd8 plain 47 attr 47
  2/233 benchmark://mibench-v1/pgp-e-3: ok (10.11s) | oz plain 63 attr 63 | rnd8 plain 63 attr 63
  3/233 benchmark://mibench-v1/rsynth-2: ok (9.08s) | oz plain 44 attr 44 | rnd8 plain 44 attr 44
  4/233 benchmark://mibench-v1/rsynth-1: ok (9.5s) | oz plain 65 attr 65 | rnd8 plain 65 attr 65
  5/233 benchmark://mibench-v1/susan-e-1: ok (9.2s) | oz plain 88 attr 88 | rnd8 plain 89 attr 89
  6/233 benchmark://mibench-v1/susan-e-2: ok (11.14s) | oz plain 610 attr 593 | rnd8 plain 689 attr 689
  7/233 benchmark://mibench-v1/susan-s: ok (9.52s) | oz plain 87 attr 87 | rnd8 plain 87 attr 87
  8/233 benchmark://mibench-v1/tiff2rgba: ok (10.01s) | oz plain 165 attr 165 | rnd8 plain 148 attr 148
  9/233 benchmark://mibench-v1/tiffdither-1: ok (9.71s) | oz plain 145 attr 145 | rnd8 plain 145 attr 145
  10/233 benchmark://mibench-v1/tiffdither-2: ok (9.7s) | oz plain 145 attr 145 | rnd8 plain 145 attr 145
  11/233 benchmark://mibench-v1/tiffdither-3: ok (9.65s) | oz plain 104 attr 104 | rnd8 plain 104 attr 104
  12/233 benchmark://mibench-v1/tiffmedian-1: ok (9.28s) | oz plain 72 attr 72 | rnd8 plain 73 attr 73
  13/233 benchmark://mibench-v1/tiffmedian-2: ok (9.34s) | oz plain 61 attr 61 | rnd8 plain 61 attr 61
  14/233 benchmark://mibench-v1/tiffmedian-3: ok (9.38s) | oz plain 99 attr 99 | rnd8 plain 99 attr 99
  15/233 benchmark://mibench-v1/tiffmedian-4: ok (9.63s) | oz plain 90 attr 90 | rnd8 plain 90 attr 90
  16/233 benchmark://mibench-v1/tiffmedian-5: ok (9.24s) | oz plain 77 attr 77 | rnd8 plain 78 attr 78
  17/233 benchmark://npb-v0/1: ok (9.07s) | oz plain 50 attr 50 | rnd8 plain 53 attr 53
  18/233 benchmark://npb-v0/10: ok (8.49s) | oz plain 21 attr 21 | rnd8 plain 21 attr 21
  19/233 benchmark://npb-v0/101: ok (8.96s) | oz plain 50 attr 50 | rnd8 plain 53 attr 53
  20/233 benchmark://npb-v0/100: ok (11.27s) | oz plain 2072 attr 1269 | rnd8 plain 1312 attr 1312
  21/233 benchmark://npb-v0/102: ok (8.14s) | oz plain 27 attr 27 | rnd8 plain 27 attr 27
  22/233 benchmark://npb-v0/103: ok (8.68s) | oz plain 69 attr 69 | rnd8 plain 69 attr 69
  23/233 benchmark://npb-v0/104: ok (8.73s) | oz plain 39 attr 39 | rnd8 plain 44 attr 44
  24/233 benchmark://npb-v0/105: ok (8.93s) | oz plain 50 attr 50 | rnd8 plain 53 attr 53
  25/233 benchmark://npb-v0/106: ok (8.45s) | oz plain 21 attr 21 | rnd8 plain 21 attr 21
  26/233 benchmark://npb-v0/107: ok (9.11s) | oz plain 39 attr 39 | rnd8 plain 44 attr 44
  27/233 benchmark://npb-v0/108: ok (12.48s) | oz plain 7 attr 7 | rnd8 plain 7 attr 7
  28/233 benchmark://npb-v0/109: ok (19.1s) | oz plain 743 attr 715 | rnd8 plain 825 attr 825
  29/233 benchmark://npb-v0/11: ok (17.8s) | oz plain 313 attr 283 | rnd8 plain 290 attr 290
  30/233 benchmark://npb-v0/110: ok (16.74s) | oz plain 63 attr 44 | rnd8 plain 46 attr 46
  31/233 benchmark://npb-v0/111: ok (15.43s) | oz plain 27 attr 27 | rnd8 plain 27 attr 27
  32/233 benchmark://npb-v0/112: ok (16.29s) | oz plain 148 attr 79 | rnd8 plain 76 attr 76
  33/233 benchmark://npb-v0/113: ok (15.07s) | oz plain 110 attr 110 | rnd8 plain 108 attr 108
  34/233 benchmark://npb-v0/114: ok (13.27s) | oz plain 39 attr 39 | rnd8 plain 44 attr 44
  35/233 benchmark://npb-v0/115: ok (14.01s) | oz plain 54 attr 54 | rnd8 plain 59 attr 59
  36/233 benchmark://npb-v0/116: ok (19.53s) | oz plain 4316 attr 1911 | rnd8 plain 2113 attr 2113
  37/233 benchmark://npb-v0/117: ok (20.08s) | oz plain 903 attr 903 | rnd8 plain 800 attr 800
  38/233 benchmark://npb-v0/118: ok (19.14s) | oz plain 940 attr 918 | rnd8 plain 969 attr 969
  39/233 benchmark://npb-v0/119: ok (14.44s) | oz plain 2174 attr 2174 | rnd8 plain 2250 attr 2250
  40/233 benchmark://npb-v0/120: ok (11.34s) | oz plain 66 attr 47 | rnd8 plain 49 attr 49
  41/233 benchmark://npb-v0/12: ok (15.48s) | oz plain 2269 attr 1242 | rnd8 plain 1344 attr 1344
  42/233 benchmark://npb-v0/122: ok (11.27s) | oz plain 69 attr 69 | rnd8 plain 69 attr 69
  43/233 benchmark://npb-v0/13: ok (13.42s) | oz plain 991 attr 426 | rnd8 plain 470 attr 470
  44/233 benchmark://npb-v0/14: ok (11.39s) | oz plain 39 attr 39 | rnd8 plain 44 attr 44
  45/233 benchmark://npb-v0/15: ok (10.72s) | oz plain 27 attr 27 | rnd8 plain 27 attr 27
  46/233 benchmark://npb-v0/16: ok (9.75s) | oz plain 6 attr 6 | rnd8 plain 6 attr 6
  47/233 benchmark://npb-v0/17: ok (13.35s) | oz plain 370 attr 376 | rnd8 plain 324 attr 324
  48/233 benchmark://npb-v0/18: ok (12.71s) | oz plain 342 attr 153 | rnd8 plain 153 attr 153
  49/233 benchmark://npb-v0/19: ok (14.63s) | oz plain 942 attr 920 | rnd8 plain 927 attr 927
  50/233 benchmark://npb-v0/2: ok (13.55s) | oz plain 268 attr 213 | rnd8 plain 210 attr 210
  51/233 benchmark://npb-v0/20: ok (12.57s) | oz plain 21 attr 21 | rnd8 plain 21 attr 21
  52/233 benchmark://npb-v0/21: ok (12.73s) | oz plain 27 attr 27 | rnd8 plain 27 attr 27
  53/233 benchmark://npb-v0/22: ok (15.42s) | oz plain 836 attr 745 | rnd8 plain 791 attr 791
  54/233 benchmark://npb-v0/23: ok (10.96s) | oz plain 69 attr 69 | rnd8 plain 69 attr 69
  55/233 benchmark://npb-v0/24: ok (10.62s) | oz plain 21 attr 21 | rnd8 plain 21 attr 21
  56/233 benchmark://npb-v0/25: ok (11.54s) | oz plain 50 attr 50 | rnd8 plain 54 attr 54
  57/233 benchmark://npb-v0/26: ok (11.3s) | oz plain 39 attr 39 | rnd8 plain 44 attr 44
  58/233 benchmark://npb-v0/27: ok (10.68s) | oz plain 27 attr 27 | rnd8 plain 27 attr 27
  59/233 benchmark://npb-v0/28: ok (13.19s) | oz plain 462 attr 462 | rnd8 plain 464 attr 464
  60/233 benchmark://npb-v0/29: ok (14.8s) | oz plain 1004 attr 997 | rnd8 plain 985 attr 978
  61/233 benchmark://npb-v0/3: ok (12.93s) | oz plain 248 attr 238 | rnd8 plain 234 attr 234
  62/233 benchmark://npb-v0/30: ok (15.81s) | oz plain 1831 attr 1831 | rnd8 plain 1902 attr 1902
  63/233 benchmark://npb-v0/31: ok (11.54s) | oz plain 21 attr 21 | rnd8 plain 21 attr 21
  64/233 benchmark://npb-v0/32: ok (12.11s) | oz plain 27 attr 27 | rnd8 plain 27 attr 27
  65/233 benchmark://npb-v0/33: ok (12.97s) | oz plain 59 attr 59 | rnd8 plain 62 attr 62
  66/233 benchmark://npb-v0/34: ok (14.28s) | oz plain 739 attr 712 | rnd8 plain 799 attr 799
  67/233 benchmark://npb-v0/35: ok (10.89s) | oz plain 226 attr 226 | rnd8 plain 202 attr 202
  68/233 benchmark://npb-v0/36: ok (12.16s) | oz plain 339 attr 150 | rnd8 plain 154 attr 154
  69/233 benchmark://npb-v0/37: ok (10.77s) | oz plain 59 attr 59 | rnd8 plain 60 attr 60
  70/233 benchmark://npb-v0/38: ok (12.13s) | oz plain 564 attr 455 | rnd8 plain 192 attr 192
  71/233 benchmark://npb-v0/39: ok (14.31s) | oz plain 2072 attr 1269 | rnd8 plain 1361 attr 1361
  72/233 benchmark://npb-v0/4: ok (12.98s) | oz plain 624 attr 615 | rnd8 plain 640 attr 631
  73/233 benchmark://npb-v0/40: ok (11.67s) | oz plain 89 attr 89 | rnd8 plain 90 attr 90
  74/233 benchmark://npb-v0/41: ok (10.53s) | oz plain 21 attr 21 | rnd8 plain 21 attr 21
  75/233 benchmark://npb-v0/42: ok (14.35s) | oz plain 733 attr 733 | rnd8 plain 725 attr 725
  76/233 benchmark://npb-v0/43: ok (12.15s) | oz plain 144 attr 126 | rnd8 plain 130 attr 130
  77/233 benchmark://npb-v0/44: ok (12.72s) | oz plain 110 attr 110 | rnd8 plain 105 attr 105
  78/233 benchmark://npb-v0/45: ok (13.54s) | oz plain 223 attr 137 | rnd8 plain 131 attr 131
  79/233 benchmark://npb-v0/46: ok (11.78s) | oz plain 39 attr 39 | rnd8 plain 39 attr 39
  80/233 benchmark://npb-v0/47: ok (13.41s) | oz plain 484 attr 311 | rnd8 plain 314 attr 314
  81/233 benchmark://npb-v0/48: ok (9.95s) | oz plain 25 attr 25 | rnd8 plain 25 attr 25
  82/233 benchmark://npb-v0/49: ok (11.25s) | oz plain 69 attr 69 | rnd8 plain 69 attr 69
  83/233 benchmark://npb-v0/5: ok (12.85s) | oz plain 370 attr 376 | rnd8 plain 339 attr 339
  84/233 benchmark://npb-v0/51: ok (10.89s) | oz plain 225 attr 225 | rnd8 plain 201 attr 201
  85/233 benchmark://npb-v0/50: ok (16.34s) | oz plain 948 attr 926 | rnd8 plain 878 attr 878
  86/233 benchmark://npb-v0/52: ok (14.15s) | oz plain 517 attr 413 | rnd8 plain 262 attr 262
  87/233 benchmark://npb-v0/53: ok (16.05s) | oz plain 2262 attr 1284 | rnd8 plain 1467 attr 1467
  88/233 benchmark://npb-v0/54: ok (11.26s) | oz plain 39 attr 39 | rnd8 plain 44 attr 44
  89/233 benchmark://npb-v0/55: ok (12.89s) | oz plain 382 attr 363 | rnd8 plain 379 attr 379
  90/233 benchmark://npb-v0/56: ok (12.38s) | oz plain 50 attr 50 | rnd8 plain 53 attr 53
  91/233 benchmark://npb-v0/57: ok (13.96s) | oz plain 39 attr 39 | rnd8 plain 44 attr 44
  92/233 benchmark://npb-v0/58: ok (14.9s) | oz plain 39 attr 39 | rnd8 plain 44 attr 44
  93/233 benchmark://npb-v0/59: ok (14.87s) | oz plain 69 attr 69 | rnd8 plain 69 attr 69
  94/233 benchmark://npb-v0/6: ok (17.76s) | oz plain 373 attr 379 | rnd8 plain 336 attr 336
  95/233 benchmark://npb-v0/60: ok (14.04s) | oz plain 22 attr 22 | rnd8 plain 24 attr 24
  96/233 benchmark://npb-v0/61: ok (24.52s) | oz plain 411 attr 417 | rnd8 plain 459 attr 459
  97/233 benchmark://npb-v0/62: ok (25.16s) | oz plain 50 attr 50 | rnd8 plain 53 attr 53
  98/233 benchmark://npb-v0/63: ok (22.54s) | oz plain 69 attr 69 | rnd8 plain 69 attr 69
  99/233 benchmark://npb-v0/64: ok (20.84s) | oz plain 27 attr 27 | rnd8 plain 27 attr 27
  100/233 benchmark://npb-v0/65: ok (14.66s) | oz plain 284 attr 284 | rnd8 plain 277 attr 277
  101/233 benchmark://npb-v0/66: ok (15.18s) | oz plain 1064 attr 1005 | rnd8 plain 1031 attr 1031
  102/233 benchmark://npb-v0/67: ok (11.94s) | oz plain 50 attr 50 | rnd8 plain 53 attr 53
  103/233 benchmark://npb-v0/68: ok (11.57s) | oz plain 89 attr 89 | rnd8 plain 95 attr 95
  104/233 benchmark://npb-v0/69: ok (14.87s) | oz plain 277 attr 236 | rnd8 plain 231 attr 231
  105/233 benchmark://npb-v0/7: ok (15.17s) | oz plain 110 attr 77 | rnd8 plain 73 attr 73
  106/233 benchmark://npb-v0/70: ok (14.15s) | oz plain 59 attr 59 | rnd8 plain 61 attr 61
  107/233 benchmark://npb-v0/71: ok (14.48s) | oz plain 393 attr 324 | rnd8 plain 337 attr 337
  108/233 benchmark://npb-v0/73: ok (10.29s) | oz plain 114 attr 114 | rnd8 plain 89 attr 89
  109/233 benchmark://npb-v0/72: ok (14.57s) | oz plain 737 attr 737 | rnd8 plain 734 attr 734
  110/233 benchmark://npb-v0/75: ok (11.47s) | oz plain 50 attr 50 | rnd8 plain 53 attr 53
  111/233 benchmark://npb-v0/74: ok (12.88s) | oz plain 535 attr 452 | rnd8 plain 457 attr 457
  112/233 benchmark://npb-v0/76: ok (11.56s) | oz plain 27 attr 27 | rnd8 plain 27 attr 27
  113/233 benchmark://npb-v0/78: ok (15.74s) | oz plain 162 attr 152 | rnd8 plain 152 attr 152
  114/233 benchmark://npb-v0/79: ok (22.2s) | oz plain 1611 attr 1152 | rnd8 plain 810 attr 810
  115/233 benchmark://npb-v0/8: ok (22.09s) | oz plain 529 attr 443 | rnd8 plain 476 attr 476
  116/233 benchmark://npb-v0/80: ok (25.52s) | oz plain 21 attr 21 | rnd8 plain 21 attr 21
  117/233 benchmark://npb-v0/81: ok (27.94s) | oz plain 240 attr 221 | rnd8 plain 222 attr 222
  118/233 benchmark://npb-v0/82: ok (21.4s) | oz plain 59 attr 59 | rnd8 plain 66 attr 66
  119/233 benchmark://npb-v0/83: ok (18.36s) | oz plain 21 attr 21 | rnd8 plain 21 attr 21
  120/233 benchmark://npb-v0/84: ok (11.58s) | oz plain 27 attr 27 | rnd8 plain 27 attr 27
  121/233 benchmark://npb-v0/85: ok (11.32s) | oz plain 21 attr 21 | rnd8 plain 21 attr 21
  122/233 benchmark://npb-v0/86: ok (11.05s) | oz plain 27 attr 27 | rnd8 plain 27 attr 27
  123/233 benchmark://npb-v0/87: ok (13.68s) | oz plain 185 attr 177 | rnd8 plain 176 attr 176
  124/233 benchmark://npb-v0/88: ok (12.99s) | oz plain 21 attr 21 | rnd8 plain 21 attr 21
  125/233 benchmark://npb-v0/89: ok (14.17s) | oz plain 39 attr 39 | rnd8 plain 44 attr 44
  126/233 benchmark://npb-v0/90: ServiceError("Failed to compute observation 'BitcodeFile': Deadline Exceeded (300.0 seconds)") (5.43s)
  127/233 benchmark://npb-v0/9: ok (13.61s) | oz plain 74 attr 74 | rnd8 plain 75 attr 75
  128/233 benchmark://npb-v0/92: ok (11.02s) | oz plain 50 attr 50 | rnd8 plain 53 attr 53
  129/233 benchmark://npb-v0/91: ok (15.13s) | oz plain 2258 attr 1281 | rnd8 plain 1447 attr 1447
  130/233 benchmark://npb-v0/93: ok (11.07s) | oz plain 39 attr 39 | rnd8 plain 44 attr 44
  131/233 benchmark://npb-v0/94: ok (17.0s) | oz plain 2234 attr 1284 | rnd8 plain 1383 attr 1383
  132/233 benchmark://npb-v0/95: ok (14.18s) | oz plain 367 attr 367 | rnd8 plain 404 attr 404
  133/233 benchmark://npb-v0/96: ok (21.58s) | oz plain 2316 attr 1308 | rnd8 plain 1343 attr 1343
  134/233 benchmark://npb-v0/97: ok (23.46s) | oz plain 2475 attr 1810 | rnd8 plain 1896 attr 1896
  135/233 benchmark://npb-v0/98: ok (15.06s) | oz plain 877 attr 606 | rnd8 plain 635 attr 635
  136/233 benchmark://npb-v0/99: ok (11.48s) | oz plain 50 attr 50 | rnd8 plain 53 attr 53
  137/233 benchmark://poj104-v1/10/1069: ok (12.49s) | oz plain 68 attr 68 | rnd8 plain 69 attr 69
  138/233 benchmark://poj104-v1/10/1810: ok (11.79s) | oz plain 66 attr 66 | rnd8 plain 71 attr 71
  139/233 benchmark://poj104-v1/10/288: ok (14.24s) | oz plain 77 attr 77 | rnd8 plain 79 attr 79
  140/233 benchmark://poj104-v1/10/794: ok (14.72s) | oz plain 141 attr 141 | rnd8 plain 146 attr 146
  141/233 benchmark://poj104-v1/101/593: ok (18.68s) | oz plain 88 attr 66 | rnd8 plain 67 attr 67
  142/233 benchmark://poj104-v1/101/888: ok (16.59s) | oz plain 5 attr 5 | rnd8 plain 7 attr 7
  143/233 benchmark://poj104-v1/102/1409: ok (17.42s) | oz plain 190 attr 153 | rnd8 plain 157 attr 157
  144/233 benchmark://poj104-v1/104/939: ok (16.34s) | oz plain 82 attr 72 | rnd8 plain 76 attr 76
  145/233 benchmark://poj104-v1/11/266: ok (13.13s) | oz plain 62 attr 62 | rnd8 plain 66 attr 66
  146/233 benchmark://poj104-v1/14/1540: ok (13.31s) | oz plain 104 attr 69 | rnd8 plain 75 attr 75
  147/233 benchmark://poj104-v1/14/448: ok (15.67s) | oz plain 66 attr 66 | rnd8 plain 68 attr 68
  148/233 benchmark://poj104-v1/17/1186: ok (16.12s) | oz plain 71 attr 71 | rnd8 plain 79 attr 79
  149/233 benchmark://poj104-v1/17/778: ok (17.72s) | oz plain 100 attr 58 | rnd8 plain 59 attr 59
  150/233 benchmark://poj104-v1/18/1594: ok (17.81s) | oz plain 144 attr 144 | rnd8 plain 152 attr 152
  151/233 benchmark://poj104-v1/20/1110: ok (16.14s) | oz plain 69 attr 67 | rnd8 plain 69 attr 69
  152/233 benchmark://poj104-v1/20/721: ok (16.09s) | oz plain 83 attr 74 | rnd8 plain 78 attr 78
  153/233 benchmark://poj104-v1/21/1658: ok (13.4s) | oz plain 70 attr 70 | rnd8 plain 80 attr 80
  154/233 benchmark://poj104-v1/22/1039: ok (13.0s) | oz plain 81 attr 80 | rnd8 plain 81 attr 81
  155/233 benchmark://poj104-v1/24/31: ok (13.5s) | oz plain 127 attr 127 | rnd8 plain 125 attr 125
  156/233 benchmark://poj104-v1/24/334: ok (13.26s) | oz plain 49 attr 48 | rnd8 plain 54 attr 54
  157/233 benchmark://poj104-v1/29/493: ok (16.04s) | oz plain 63 attr 63 | rnd8 plain 65 attr 65
  158/233 benchmark://poj104-v1/26/100: ok (16.45s) | oz plain 59 attr 55 | rnd8 plain 67 attr 67
  159/233 benchmark://poj104-v1/30/633: ok (14.71s) | oz plain 44 attr 44 | rnd8 plain 45 attr 45
  160/233 benchmark://poj104-v1/33/3186: ok (15.1s) | oz plain 57 attr 57 | rnd8 plain 58 attr 58
  161/233 benchmark://poj104-v1/35/1231: ok (15.45s) | oz plain 117 attr 103 | rnd8 plain 102 attr 102
  162/233 benchmark://poj104-v1/35/2260: ok (14.96s) | oz plain 83 attr 83 | rnd8 plain 83 attr 83
  163/233 benchmark://poj104-v1/38/1030: ok (14.55s) | oz plain 62 attr 62 | rnd8 plain 68 attr 68
  164/233 benchmark://poj104-v1/38/992: ok (14.52s) | oz plain 73 attr 73 | rnd8 plain 75 attr 75
  165/233 benchmark://poj104-v1/39/1624: ok (15.71s) | oz plain 81 attr 81 | rnd8 plain 86 attr 86
  166/233 benchmark://poj104-v1/39/429: ok (15.64s) | oz plain 100 attr 100 | rnd8 plain 106 attr 106
  167/233 benchmark://poj104-v1/43/1604: ok (12.95s) | oz plain 40 attr 40 | rnd8 plain 43 attr 43
  168/233 benchmark://poj104-v1/41/936: ok (14.43s) | oz plain 109 attr 117 | rnd8 plain 125 attr 125
  169/233 benchmark://poj104-v1/44/1322: ok (14.0s) | oz plain 78 attr 66 | rnd8 plain 73 attr 73
  170/233 benchmark://poj104-v1/46/2617: ok (13.92s) | oz plain 125 attr 125 | rnd8 plain 122 attr 122
  171/233 benchmark://poj104-v1/46/3555: ok (19.21s) | oz plain 92 attr 92 | rnd8 plain 90 attr 90
  172/233 benchmark://poj104-v1/47/1100: ok (19.52s) | oz plain 56 attr 56 | rnd8 plain 47 attr 47
  173/233 benchmark://poj104-v1/47/1790: ok (14.37s) | oz plain 40 attr 40 | rnd8 plain 42 attr 42
  174/233 benchmark://poj104-v1/47/4118: ok (14.19s) | oz plain 55 attr 55 | rnd8 plain 58 attr 58
  175/233 benchmark://poj104-v1/47/5504: ok (14.96s) | oz plain 36 attr 36 | rnd8 plain 40 attr 40
  176/233 benchmark://poj104-v1/48/1523: ok (15.58s) | oz plain 164 attr 111 | rnd8 plain 112 attr 112
  177/233 benchmark://poj104-v1/48/1548: ok (14.33s) | oz plain 148 attr 116 | rnd8 plain 122 attr 122
  178/233 benchmark://poj104-v1/49/591: ok (14.12s) | oz plain 107 attr 59 | rnd8 plain 64 attr 64
  179/233 benchmark://poj104-v1/5/578: ok (14.86s) | oz plain 65 attr 65 | rnd8 plain 72 attr 72
  180/233 benchmark://poj104-v1/50/106: ok (13.63s) | oz plain 52 attr 52 | rnd8 plain 53 attr 53
  181/233 benchmark://poj104-v1/50/1711: ok (15.1s) | oz plain 43 attr 33 | rnd8 plain 35 attr 35
  182/233 benchmark://poj104-v1/50/880: ok (14.74s) | oz plain 36 attr 36 | rnd8 plain 37 attr 37
  183/233 benchmark://poj104-v1/53/215: ok (14.48s) | oz plain 57 attr 57 | rnd8 plain 59 attr 59
  184/233 benchmark://poj104-v1/53/1503: ok (15.12s) | oz plain 53 attr 53 | rnd8 plain 57 attr 57
  185/233 benchmark://poj104-v1/56/1221: ok (13.49s) | oz plain 84 attr 84 | rnd8 plain 83 attr 83
  186/233 benchmark://poj104-v1/54/59: ok (14.11s) | oz plain 39 attr 39 | rnd8 plain 41 attr 41
  187/233 benchmark://poj104-v1/58/1032: ok (14.28s) | oz plain 56 attr 55 | rnd8 plain 66 attr 66
  188/233 benchmark://poj104-v1/58/1185: ok (14.23s) | oz plain 60 attr 60 | rnd8 plain 63 attr 63
  189/233 benchmark://poj104-v1/60/1112: ok (17.36s) | oz plain 49 attr 40 | rnd8 plain 43 attr 43
  190/233 benchmark://poj104-v1/58/981: ok (17.73s) | oz plain 78 attr 72 | rnd8 plain 89 attr 89
  191/233 benchmark://poj104-v1/66/359: ok (17.56s) | oz plain 71 attr 71 | rnd8 plain 79 attr 79
  192/233 benchmark://poj104-v1/66/587: ok (17.49s) | oz plain 87 attr 87 | rnd8 plain 97 attr 97
  193/233 benchmark://poj104-v1/67/2016: ok (13.3s) | oz plain 40 attr 40 | rnd8 plain 47 attr 47
  194/233 benchmark://poj104-v1/68/172: ok (13.33s) | oz plain 46 attr 46 | rnd8 plain 51 attr 51
  195/233 benchmark://poj104-v1/7/628: ok (14.06s) | oz plain 83 attr 82 | rnd8 plain 85 attr 85
  196/233 benchmark://poj104-v1/70/868: ok (14.77s) | oz plain 87 attr 87 | rnd8 plain 84 attr 84
  197/233 benchmark://poj104-v1/71/285: ok (15.61s) | oz plain 71 attr 71 | rnd8 plain 77 attr 77
  198/233 benchmark://poj104-v1/72/1761: ok (15.49s) | oz plain 270 attr 270 | rnd8 plain 263 attr 263
  199/233 benchmark://poj104-v1/72/1774: ok (15.97s) | oz plain 101 attr 101 | rnd8 plain 99 attr 99
  200/233 benchmark://poj104-v1/72/2766: ok (16.72s) | oz plain 156 attr 156 | rnd8 plain 97 attr 97
  201/233 benchmark://poj104-v1/74/103: ok (13.37s) | oz plain 101 attr 96 | rnd8 plain 98 attr 98
  202/233 benchmark://poj104-v1/74/1057: ok (13.22s) | oz plain 113 attr 113 | rnd8 plain 113 attr 113
  203/233 benchmark://poj104-v1/75/742: ok (14.34s) | oz plain 71 attr 59 | rnd8 plain 68 attr 68
  204/233 benchmark://poj104-v1/77/432: ok (14.17s) | oz plain 87 attr 41 | rnd8 plain 74 attr 74
  205/233 benchmark://poj104-v1/78/1874: ok (16.18s) | oz plain 150 attr 103 | rnd8 plain 105 attr 105
  206/233 benchmark://poj104-v1/78/486: ok (15.69s) | oz plain 120 attr 102 | rnd8 plain 123 attr 123
  207/233 benchmark://poj104-v1/8/1128: ok (13.24s) | oz plain 142 attr 142 | rnd8 plain 144 attr 144
  208/233 benchmark://poj104-v1/8/985: ok (13.39s) | oz plain 92 attr 92 | rnd8 plain 96 attr 96
  209/233 benchmark://poj104-v1/80/1309: ok (14.21s) | oz plain 76 attr 76 | rnd8 plain 75 attr 75
  210/233 benchmark://poj104-v1/80/1033: ok (15.13s) | oz plain 170 attr 160 | rnd8 plain 174 attr 174
  211/233 benchmark://poj104-v1/81/1124: ok (14.37s) | oz plain 168 attr 90 | rnd8 plain 96 attr 96
  212/233 benchmark://poj104-v1/80/1396: ok (14.57s) | oz plain 154 attr 154 | rnd8 plain 161 attr 161
  213/233 benchmark://poj104-v1/81/2076: ok (13.3s) | oz plain 158 attr 101 | rnd8 plain 111 attr 111
  214/233 benchmark://poj104-v1/82/1426: ok (14.74s) | oz plain 94 attr 94 | rnd8 plain 85 attr 85
  215/233 benchmark://poj104-v1/82/2137: ok (13.64s) | oz plain 57 attr 57 | rnd8 plain 62 attr 62
  216/233 benchmark://poj104-v1/82/76: ok (14.32s) | oz plain 121 attr 121 | rnd8 plain 121 attr 121
  217/233 benchmark://poj104-v1/83/70: ok (13.69s) | oz plain 112 attr 112 | rnd8 plain 116 attr 116
  218/233 benchmark://poj104-v1/84/635: ok (14.1s) | oz plain 64 attr 64 | rnd8 plain 70 attr 70
  219/233 benchmark://poj104-v1/86/43: ok (13.48s) | oz plain 75 attr 75 | rnd8 plain 77 attr 77
  220/233 benchmark://poj104-v1/87/160: ok (12.89s) | oz plain 53 attr 53 | rnd8 plain 56 attr 56
  221/233 benchmark://poj104-v1/87/746: ok (13.53s) | oz plain 72 attr 72 | rnd8 plain 76 attr 76
  222/233 benchmark://poj104-v1/87/779: ok (13.91s) | oz plain 60 attr 51 | rnd8 plain 58 attr 58
  223/233 benchmark://poj104-v1/88/1570: ok (13.59s) | oz plain 46 attr 37 | rnd8 plain 38 attr 38
  224/233 benchmark://poj104-v1/88/57: ok (13.09s) | oz plain 38 attr 38 | rnd8 plain 43 attr 43
  225/233 benchmark://poj104-v1/90/18: ok (13.39s) | oz plain 69 attr 69 | rnd8 plain 73 attr 73
  226/233 benchmark://poj104-v1/90/184: ok (13.67s) | oz plain 61 attr 61 | rnd8 plain 62 attr 62
  227/233 benchmark://poj104-v1/93/1840: ok (13.66s) | oz plain 109 attr 101 | rnd8 plain 94 attr 94
  228/233 benchmark://poj104-v1/93/975: ok (14.22s) | oz plain 42 attr 34 | rnd8 plain 35 attr 35
  229/233 benchmark://poj104-v1/94/2509: ok (14.51s) | oz plain 80 attr 80 | rnd8 plain 86 attr 86
  230/233 benchmark://poj104-v1/95/1378: ok (14.38s) | oz plain 58 attr 50 | rnd8 plain 61 attr 61
  231/233 benchmark://poj104-v1/97/1125: ok (14.43s) | oz plain 83 attr 33 | rnd8 plain 33 attr 33
  232/233 benchmark://poj104-v1/97/2411: ok (15.44s) | oz plain 132 attr 72 | rnd8 plain 74 attr 74
  233/233 benchmark://poj104-v1/98/672: ok (14.93s) | oz plain 90 attr 63 | rnd8 plain 66 attr 66
[null seed=None] finished 233 in 27.3 min, 1 failed -> /work/results/gnn_attribute_audit/records_null
[null seed=None] 347 programs, 346 done, 1 pending, workers=1
  1/1 benchmark://npb-v0/90: ok (14.26s) | oz plain 735 attr 708 | rnd8 plain 797 attr 797
[null seed=None] finished 1 in 0.2 min, 0 failed -> /work/results/gnn_attribute_audit/records_null
