[campaign replay=multistep] 347 programs, 0 done, 347 pending, workers=6, fingerprint fe6b1deb3c9be309
  1/347 benchmark://blas-v0/112: ok (27.45s) gnn ok:icmatch 8:8/8:8/8:8 rnd ok 8/8/8/8/8 base OK input OK
  2/347 benchmark://blas-v0/105: ok (32.03s) gnn ok:icmatch 8:8/8:8/8:8 rnd ok 8/8/8/8/8 base OK input OK
  3/347 benchmark://blas-v0/111: ok (33.28s) gnn ok:icmatch 8:8/8:8/8:8 rnd ok 8/8/8/8/8 base OK input OK
  4/347 benchmark://blas-v0/101: ok (34.93s) gnn ok:icmatch 8:8/8:8/8:8 rnd ok 8/8/8/8/8 base OK input OK
  5/347 benchmark://blas-v0/122: ok (36.87s) gnn ok:icmatch 8:8/8:8/8:8 rnd ok 8/8/8/8/8 base OK input OK
  6/347 benchmark://blas-v0/125: ok (37.9s) gnn ok:icmatch 8:8/8:8/8:8 rnd ok 8/8/8/8/8 base OK input OK
  7/347 benchmark://blas-v0/127: ok (28.09s) gnn ok:icmatch 8:8/8:8/8:8 rnd ok 8/8/8/8/8 base OK input OK
  8/347 benchmark://blas-v0/133: ok (37.22s) gnn ok:icmatch 8:8/8:8/8:8 rnd ok 8/8/8/8/8 base OK input OK
  9/347 benchmark://blas-v0/153: ok (32.87s) gnn ok:icmatch 8:8/8:8/8:8 rnd ok 8/8/8/8/8 base OK input OK
  10/347 benchmark://blas-v0/136: ok (37.13s) gnn ok:icmatch 8:8/8:8/8:8 rnd ok 8/8/8/8/8 base OK input OK
  11/347 benchmark://blas-v0/158: ok (33.35s) gnn ok:icmatch 8:8/8:8/8:8 rnd ok 8/8/8/8/8 base OK input OK
  12/347 benchmark://blas-v0/138: ok (44.38s) gnn ok:icmatch 8:8/8:8/8:8 rnd ok 8/8/8/8/8 base OK input OK
  13/347 benchmark://blas-v0/184: ok (28.52s) gnn ok:icmatch 8:8/8:8/8:8 rnd ok 8/8/8/8/8 base OK input OK
  14/347 benchmark://blas-v0/166: ok (44.14s) gnn ok:icmatch 8:8/8:8/8:8 rnd ok 8/8/8/8/8 base OK input OK
  15/347 benchmark://blas-v0/19: ok (28.45s) gnn ok:icmatch 8:8/8:8/8:8 rnd ok 8/8/8/8/8 base OK input OK
  16/347 benchmark://blas-v0/178: ok (32.43s) gnn ok:icmatch 8:8/8:8/8:8 rnd ok 8/8/8/8/8 base OK input OK
  17/347 benchmark://blas-v0/180: ok (35.36s) gnn ok:icmatch 8:8/8:8/8:8 rnd ok 8/8/8/8/8 base OK input OK
  18/347 benchmark://blas-v0/191: ok (31.58s) gnn ok:icmatch 8:8/8:8/8:8 rnd ok 8/8/8/8/8 base OK input OK
  19/347 benchmark://blas-v0/201: ok (28.07s) gnn ok:icmatch 8:8/8:8/8:8 rnd ok 8/8/8/8/8 base OK input OK
  20/347 benchmark://blas-v0/203: ok (27.02s) gnn ok:icmatch 8:8/8:8/8:8 rnd ok 8/8/8/8/8 base OK input OK
  21/347 benchmark://blas-v0/194: ok (31.61s) gnn ok:icmatch 8:8/8:8/8:8 rnd ok 8/8/8/8/8 base OK input OK
  22/347 benchmark://blas-v0/206: ok (28.8s) gnn ok:icmatch 8:8/8:8/8:8 rnd ok 8/8/8/8/8 base OK input OK
  23/347 benchmark://blas-v0/196: ok (37.65s) gnn ok:icmatch 8:8/8:8/8:8 rnd ok 8/8/8/8/8 base OK input OK
  24/347 benchmark://blas-v0/21: ok (34.12s) gnn ok:icmatch 8:8/8:8/8:8 rnd ok 8/8/8/8/8 base OK input OK
  25/347 benchmark://blas-v0/220: ok (25.79s) gnn ok:icmatch 8:8/8:8/8:8 rnd ok 8/8/8/8/8 base OK input OK
  26/347 benchmark://blas-v0/215: ok (27.76s) gnn ok:icmatch 8:8/8:8/8:8 rnd ok 8/8/8/8/8 base OK input OK
  27/347 benchmark://blas-v0/210: ok (36.88s) gnn ok:icmatch 8:8/8:8/8:8 rnd ok 8/8/8/8/8 base OK input OK
  28/347 benchmark://blas-v0/222: ok (34.21s) gnn ok:icmatch 8:8/8:8/8:8 rnd ok 8/8/8/8/8 base OK input OK
  29/347 benchmark://blas-v0/229: ok (29.22s) gnn ok:icmatch 8:8/8:8/8:8 rnd ok 8/8/8/8/8 base OK input OK
  30/347 benchmark://blas-v0/226: ok (36.81s) gnn ok:icmatch 8:8/8:8/8:8 rnd ok 8/8/8/8/8 base OK input OK
  31/347 benchmark://blas-v0/23: ok (36.81s) gnn ok:icmatch 8:8/8:8/8:8 rnd ok 8/8/8/8/8 base OK input OK
  32/347 benchmark://blas-v0/234: ok (37.18s) gnn ok:icmatch 8:8/8:8/8:8 rnd ok 8/8/8/8/8 base OK input OK
  33/347 benchmark://blas-v0/254: ok (26.98s) gnn ok:icmatch 8:8/8:8/8:8 rnd ok 8/8/8/8/8 base OK input OK
  34/347 benchmark://blas-v0/239: ok (37.29s) gnn ok:icmatch 8:8/8:8/8:8 rnd ok 8/8/8/8/8 base OK input OK
  35/347 benchmark://blas-v0/247: ok (36.43s) gnn ok:icmatch 8:8/8:8/8:8 rnd ok 8/8/8/8/8 base OK input OK
  36/347 benchmark://blas-v0/25: ok (42.34s) gnn ok:icmatch 8:8/8:8/8:8 rnd ok 8/8/8/8/8 base OK input OK
  37/347 benchmark://blas-v0/257: ok (26.85s) gnn ok:icmatch 8:8/8:8/8:8 rnd ok 8/8/8/8/8 base OK input OK
  38/347 benchmark://blas-v0/256: ok (27.91s) gnn ok:icmatch 8:8/8:8/8:8 rnd ok 8/8/8/8/8 base OK input OK
  39/347 benchmark://blas-v0/27: ok (28.42s) gnn ok:icmatch 8:8/8:8/8:8 rnd ok 8/8/8/8/8 base OK input OK
  40/347 benchmark://blas-v0/277: ok (28.36s) gnn ok:icmatch 8:8/8:8/8:8 rnd ok 8/8/8/8/8 base OK input OK
  41/347 benchmark://blas-v0/288: ok (23.25s) gnn ok:icmatch 8:8/8:8/8:8 rnd ok 8/8/8/8/8 base OK input OK
  42/347 benchmark://blas-v0/267: ok (42.83s) gnn ok:icmatch 8:8/8:8/8:8 rnd ok 8/8/8/8/8 base OK input OK
  43/347 benchmark://blas-v0/285: ok (37.73s) gnn ok:icmatch 8:8/8:8/8:8 rnd ok 8/8/8/8/8 base OK input OK
  44/347 benchmark://blas-v0/35: ok (24.22s) gnn ok:icmatch 8:8/8:8/8:8 rnd ok 8/8/8/8/8 base OK input OK
  45/347 benchmark://blas-v0/298: ok (33.67s) gnn ok:icmatch 8:8/8:8/8:8 rnd ok 8/8/8/8/8 base OK input OK
  46/347 benchmark://blas-v0/49: ok (26.64s) gnn ok:icmatch 8:8/8:8/8:8 rnd ok 8/8/8/8/8 base OK input OK
  47/347 benchmark://blas-v0/53: ok (27.48s) gnn ok:icmatch 8:8/8:8/8:8 rnd ok 8/8/8/8/8 base OK input OK
  48/347 benchmark://blas-v0/50: ok (32.8s) gnn ok:icmatch 8:8/8:8/8:8 rnd ok 8/8/8/8/8 base OK input OK
  49/347 benchmark://chstone-v0/adpcm: ok (31.07s) gnn ok:icmatch 8:8/8:8/8:8 rnd ok 8/8/8/8/8 base OK input OK
  50/347 benchmark://blas-v0/80: ok (31.24s) gnn ok:icmatch 8:8/8:8/8:8 rnd ok 8/8/8/8/8 base OK input OK
  51/347 benchmark://blas-v0/65: ok (32.95s) gnn ok:icmatch 8:8/8:8/8:8 rnd ok 8/8/8/8/8 base OK input OK
  52/347 benchmark://chstone-v0/aes: ok (36.18s) gnn ok:icmatch 8:8/8:8/8:8 rnd ok 8/8/8/8/8 base OK input OK
  53/347 benchmark://chstone-v0/blowfish: ok (34.25s) gnn ok:icmatch 8:8/8:8/8:8 rnd ok 8/8/8/8/8 base OK input OK
  54/347 benchmark://chstone-v0/dfadd: ok (30.64s) gnn ok:icmatch 8:8/8:8/8:8 rnd ok 8/8/8/8/8 base OK input OK
  55/347 benchmark://chstone-v0/dfmul: ok (30.94s) gnn ok:icmatch 8:8/8:8/8:8 rnd ok 8/8/8/8/8 base OK input OK
  56/347 benchmark://chstone-v0/dfdiv: ok (31.91s) gnn ok:icmatch 8:8/8:8/8:8 rnd ok 8/8/8/8/8 base OK input OK
  57/347 benchmark://chstone-v0/dfsin: ok (34.04s) gnn ok:icmatch 8:8/8:8/8:8 rnd ok 8/8/8/8/8 base OK input OK
  58/347 benchmark://chstone-v0/gsm: ok (34.57s) gnn ok:icmatch 8:8/8:8/8:8 rnd ok 8/8/8/8/8 base OK input OK
  59/347 benchmark://chstone-v0/mips: ok (30.84s) gnn ok:icmatch 8:8/8:8/8:8 rnd ok 8/8/8/8/8 base OK input OK
  60/347 benchmark://chstone-v0/jpeg: ok (38.46s) gnn ok:icmatch 8:8/8:8/8:8 rnd ok 8/8/8/8/8 base OK input OK
  61/347 benchmark://chstone-v0/sha: ok (31.5s) gnn ok:icmatch 8:8/8:8/8:8 rnd ok 8/8/8/8/8 base OK input OK
  62/347 benchmark://chstone-v0/motion: ok (33.04s) gnn ok:icmatch 8:8/8:8/8:8 rnd ok 8/8/8/8/8 base OK input OK
  63/347 generator://csmith-v0/1: ok (33.92s) gnn ok:icmatch 8:8/8:8/8:8 rnd ok 8/8/8/8/8 base OK input OK
  64/347 generator://csmith-v0/12: ok (31.57s) gnn ok:icmatch 8:8/8:8/8:8 rnd ok 8/8/8/8/8 base OK input OK
  65/347 generator://csmith-v0/13: ok (28.61s) gnn ok:icmatch 8:8/8:8/8:8 rnd ok 8/8/8/8/8 base OK input OK
  66/347 generator://csmith-v0/14: ok (28.77s) gnn ok:icmatch 8:8/8:8/8:8 rnd ok 8/8/8/8/8 base OK input OK
  67/347 generator://csmith-v0/17: ok (29.16s) gnn ok:icmatch 8:8/8:8/8:8 rnd ok 8/8/8/8/8 base OK input OK
  68/347 generator://csmith-v0/18: ok (29.91s) gnn ok:icmatch 8:8/8:8/8:8 rnd ok 8/8/8/8/8 base OK input OK
  69/347 generator://csmith-v0/19: ok (32.8s) gnn ok:icmatch 8:8/8:8/8:8 rnd ok 8/8/8/8/8 base OK input OK
  70/347 generator://csmith-v0/21: ok (28.78s) gnn ok:icmatch 8:8/8:8/8:8 rnd ok 8/8/8/8/8 base OK input OK
  71/347 generator://csmith-v0/24: ok (31.43s) gnn ok:icmatch 8:8/8:8/8:8 rnd ok 8/8/8/8/8 base OK input OK
  72/347 generator://csmith-v0/26: ok (39.25s) gnn ok:icmatch 8:8/8:8/8:8 rnd ok 8/8/8/8/8 base OK input OK
  73/347 generator://csmith-v0/29: ok (34.92s) gnn ok:icmatch 8:8/8:8/8:8 rnd ok 8/8/8/8/8 base OK input OK
  74/347 generator://csmith-v0/27: ok (40.23s) gnn ok:icmatch 8:8/8:8/8:8 rnd ok 8/8/8/8/8 base OK input OK
  75/347 generator://csmith-v0/31: ok (36.17s) gnn ok:icmatch 8:8/8:8/8:8 rnd ok 8/8/8/8/8 base OK input OK
  76/347 generator://csmith-v0/30: ok (39.67s) gnn ok:icmatch 8:8/8:8/8:8 rnd ok 8/8/8/8/8 base OK input OK
  77/347 generator://csmith-v0/32: ok (36.38s) gnn ok:icmatch 8:8/8:8/8:8 rnd ok 8/8/8/8/8 base OK input OK
  78/347 generator://csmith-v0/33: ok (29.21s) gnn ok:icmatch 8:8/8:8/8:8 rnd ok 8/8/8/8/8 base OK input OK
  79/347 generator://csmith-v0/34: ok (28.46s) gnn ok:icmatch 8:8/8:8/8:8 rnd ok 8/8/8/8/8 base OK input OK
  80/347 generator://csmith-v0/36: ok (35.05s) gnn ok:icmatch 8:8/8:8/8:8 rnd ok 8/8/8/8/8 base OK input OK
  81/347 generator://csmith-v0/38: ok (35.9s) gnn ok:icmatch 8:8/8:8/8:8 rnd ok 8/8/8/8/8 base OK input OK
  82/347 generator://csmith-v0/40: ok (38.18s) gnn ok:icmatch 8:8/8:8/8:8 rnd ok 8/8/8/8/8 base OK input OK
  83/347 generator://csmith-v0/41: ok (33.07s) gnn ok:icmatch 8:8/8:8/8:8 rnd ok 8/8/8/8/8 base OK input OK
  84/347 generator://csmith-v0/43: ok (32.19s) gnn ok:icmatch 8:8/8:8/8:8 rnd ok 8/8/8/8/8 base OK input OK
  85/347 generator://csmith-v0/44: ok (34.83s) gnn ok:icmatch 8:8/8:8/8:8 rnd ok 8/8/8/8/8 base OK input OK
  86/347 generator://csmith-v0/45: ok (33.94s) gnn ok:icmatch 8:8/8:8/8:8 rnd ok 8/8/8/8/8 base OK input OK
  87/347 generator://csmith-v0/46: ok (31.87s) gnn ok:icmatch 8:8/8:8/8:8 rnd ok 8/8/8/8/8 base OK input OK
  88/347 generator://csmith-v0/5: ok (28.97s) gnn ok:icmatch 8:8/8:8/8:8 rnd ok 8/8/8/8/8 base OK input OK
  89/347 generator://csmith-v0/6: ok (32.15s) gnn ok:icmatch 8:8/8:8/8:8 rnd ok 8/8/8/8/8 base OK input OK
  90/347 benchmark://mibench-v1/bitcount-1: ok (26.72s) gnn ok:icmatch 8:8/8:8/8:8 rnd ok 8/8/8/8/8 base OK input OK
  91/347 generator://csmith-v0/8: ok (33.62s) gnn ok:icmatch 8:8/8:8/8:8 rnd ok 8/8/8/8/8 base OK input OK
  92/347 benchmark://mibench-v1/bitcount-2: ok (27.16s) gnn ok:icmatch 8:8/8:8/8:8 rnd ok 8/8/8/8/8 base OK input OK
  93/347 benchmark://mibench-v1/dijkstra: ok (27.41s) gnn ok:icmatch 8:8/8:8/8:8 rnd ok 8/8/8/8/8 base OK input OK
  94/347 benchmark://mibench-v1/fft-1: ok (27.27s) gnn ok:icmatch 8:8/8:8/8:8 rnd ok 8/8/8/8/8 base OK input OK
  95/347 benchmark://mibench-v1/fft-2: ok (30.37s) gnn ok:icmatch 8:8/8:8/8:8 rnd ok 8/8/8/8/8 base OK input OK
  96/347 benchmark://mibench-v1/ghostscript: ok (28.14s) gnn ok:icmatch 8:8/8:8/8:8 rnd ok 8/8/8/8/8 base OK input OK
  97/347 benchmark://mibench-v1/gsm-1: ok (29.34s) gnn ok:icmatch 8:8/8:8/8:8 rnd ok 8/8/8/8/8 base OK input OK
  98/347 benchmark://mibench-v1/gsm-2: ok (29.62s) gnn ok:icmatch 8:8/8:8/8:8 rnd ok 8/8/8/8/8 base OK input OK
  99/347 benchmark://mibench-v1/jpeg-c-1: ok (28.01s) gnn ok:icmatch 8:8/8:8/8:8 rnd ok 8/8/8/8/8 base OK input OK
  100/347 benchmark://mibench-v1/jpeg-c: ok (31.1s) gnn ok:icmatch 8:8/8:8/8:8 rnd ok 8/8/8/8/8 base OK input OK
  101/347 benchmark://mibench-v1/jpeg-c-2: ok (29.65s) gnn ok:icmatch 8:8/8:8/8:8 rnd ok 8/8/8/8/8 base OK input OK
  102/347 benchmark://mibench-v1/jpeg-c-3: ok (28.6s) gnn ok:icmatch 8:8/8:8/8:8 rnd ok 8/8/8/8/8 base OK input OK
  103/347 benchmark://mibench-v1/lame-newmdct-1: ok (29.82s) gnn ok:icmatch 8:8/8:8/8:8 rnd ok 8/8/8/8/8 base OK input OK
  104/347 benchmark://mibench-v1/lame-newmdct-2: ok (28.98s) gnn ok:icmatch 8:8/8:8/8:8 rnd ok 8/8/8/8/8 base OK input OK
  105/347 benchmark://mibench-v1/lame-quantize-1: ok (29.56s) gnn ok:icmatch 8:8/8:8/8:8 rnd ok 8/8/8/8/8 base OK input OK
  106/347 benchmark://mibench-v1/lame-psymodel: ok (32.97s) gnn ok:icmatch 8:8/8:8/8:8 rnd ok 8/8/8/8/8 base OK input OK
  107/347 benchmark://mibench-v1/lame-quantize-2: ok (28.72s) gnn ok:icmatch 8:8/8:8/8:8 rnd ok 8/8/8/8/8 base OK input OK
  108/347 benchmark://mibench-v1/lame-takehiro-1: ok (30.82s) gnn ok:icmatch 8:8/8:8/8:8 rnd ok 8/8/8/8/8 base OK input OK
  109/347 benchmark://mibench-v1/lame-takehiro-2: ok (29.07s) gnn ok:icmatch 8:8/8:8/8:8 rnd ok 8/8/8/8/8 base OK input OK
  110/347 benchmark://mibench-v1/mad-1: ok (29.86s) gnn ok:icmatch 8:8/8:8/8:8 rnd ok 8/8/8/8/8 base OK input OK
  111/347 benchmark://mibench-v1/pgp-d: ok (28.26s) gnn ok:icmatch 8:8/8:8/8:8 rnd ok 8/8/8/8/8 base OK input OK
  112/347 benchmark://mibench-v1/mad-2: ok (28.87s) gnn ok:icmatch 8:8/8:8/8:8 rnd ok 8/8/8/8/8 base OK input OK
  113/347 benchmark://mibench-v1/pgp-e-1: ok (27.93s) gnn ok:icmatch 8:8/8:8/8:8 rnd ok 8/8/8/8/8 base OK input OK
  114/347 benchmark://mibench-v1/pgp-e-2: ok (28.1s) gnn ok:icmatch 8:8/8:8/8:8 rnd ok 8/8/8/8/8 base OK input OK
  115/347 benchmark://mibench-v1/pgp-e-3: ok (28.16s) gnn ok:icmatch 8:8/8:8/8:8 rnd ok 8/8/8/8/8 base OK input OK
  116/347 benchmark://mibench-v1/qsort1: ok (26.85s) gnn ok:icmatch 8:8/8:8/8:8 rnd ok 8/8/8/8/8 base OK input OK
  117/347 benchmark://mibench-v1/rsynth-2: ok (26.6s) gnn ok:icmatch 8:8/8:8/8:8 rnd ok 8/8/8/8/8 base OK input OK
  118/347 benchmark://mibench-v1/rsynth-1: ok (27.7s) gnn ok:icmatch 8:8/8:8/8:8 rnd ok 8/8/8/8/8 base OK input OK
  119/347 benchmark://mibench-v1/susan-e-1: ok (27.03s) gnn ok:icmatch 8:8/8:8/8:8 rnd ok 8/8/8/8/8 base OK input OK
  120/347 benchmark://mibench-v1/susan-s: ok (27.79s) gnn ok:icmatch 8:8/8:8/8:8 rnd ok 8/8/8/8/8 base OK input OK
  121/347 benchmark://mibench-v1/susan-e-2: ok (32.78s) gnn ok:icmatch 8:8/8:8/8:8 rnd ok 8/8/8/8/8 base OK input OK
  122/347 benchmark://mibench-v1/tiff2rgba: ok (29.1s) gnn ok:icmatch 8:8/8:8/8:8 rnd ok 8/8/8/8/8 base OK input OK
  123/347 benchmark://mibench-v1/tiffdither-1: ok (29.2s) gnn ok:icmatch 8:8/8:8/8:8 rnd ok 8/8/8/8/8 base OK input OK
  124/347 benchmark://mibench-v1/tiffdither-2: ok (29.23s) gnn ok:icmatch 8:8/8:8/8:8 rnd ok 8/8/8/8/8 base OK input OK
  125/347 benchmark://mibench-v1/tiffdither-3: ok (28.48s) gnn ok:icmatch 8:8/8:8/8:8 rnd ok 8/8/8/8/8 base OK input OK
  126/347 benchmark://mibench-v1/tiffmedian-1: ok (27.66s) gnn ok:icmatch 8:8/8:8/8:8 rnd ok 8/8/8/8/8 base OK input OK
  127/347 benchmark://mibench-v1/tiffmedian-2: ok (27.39s) gnn ok:icmatch 8:8/8:8/8:8 rnd ok 8/8/8/8/8 base OK input OK
  128/347 benchmark://mibench-v1/tiffmedian-3: ok (27.46s) gnn ok:icmatch 8:8/8:8/8:8 rnd ok 8/8/8/8/8 base OK input OK
  129/347 benchmark://mibench-v1/tiffmedian-5: ok (26.94s) gnn ok:icmatch 8:8/8:8/8:8 rnd ok 8/8/8/8/8 base OK input OK
  130/347 benchmark://mibench-v1/tiffmedian-4: ok (27.96s) gnn ok:icmatch 8:8/8:8/8:8 rnd ok 8/8/8/8/8 base OK input OK
  131/347 benchmark://npb-v0/1: ok (25.6s) gnn ok:icmatch 8:8/8:8/8:8 rnd ok 8/8/8/8/8 base OK input OK
  132/347 benchmark://npb-v0/10: ok (24.49s) gnn ok:icmatch 8:8/8:8/8:8 rnd ok 8/8/8/8/8 base OK input OK
  133/347 benchmark://npb-v0/101: ok (26.36s) gnn ok:icmatch 8:8/8:8/8:8 rnd ok 8/8/8/8/8 base OK input OK
  134/347 benchmark://npb-v0/100: ok (34.14s) gnn ok:icmatch 8:8/8:8/8:8 rnd ok 8/8/8/8/8 base OK input OK
  135/347 benchmark://npb-v0/102: ok (25.1s) gnn ok:icmatch 8:8/8:8/8:8 rnd ok 8/8/8/8/8 base OK input OK
  136/347 benchmark://npb-v0/103: ok (27.32s) gnn ok:icmatch 8:8/8:8/8:8 rnd ok 8/8/8/8/8 base OK input OK
  137/347 benchmark://npb-v0/104: ok (26.74s) gnn ok:icmatch 8:8/8:8/8:8 rnd ok 8/8/8/8/8 base OK input OK
  138/347 benchmark://npb-v0/105: ok (27.88s) gnn ok:icmatch 8:8/8:8/8:8 rnd ok 8/8/8/8/8 base OK input OK
  139/347 benchmark://npb-v0/106: ok (26.22s) gnn ok:icmatch 8:8/8:8/8:8 rnd ok 8/8/8/8/8 base OK input OK
  140/347 benchmark://npb-v0/107: ok (26.78s) gnn ok:icmatch 8:8/8:8/8:8 rnd ok 8/8/8/8/8 base OK input OK
  141/347 benchmark://npb-v0/108: ok (22.35s) gnn ok:icmatch 8:8/8:8/8:8 rnd ok 8/8/8/8/8 base OK input OK
  142/347 benchmark://npb-v0/11: ok (30.46s) gnn ok:icmatch 8:8/8:8/8:8 rnd ok 8/8/8/8/8 base OK input OK
  143/347 benchmark://npb-v0/109: ok (33.66s) gnn ok:icmatch 8:8/8:8/8:8 rnd ok 8/8/8/8/8 base OK input OK
  144/347 benchmark://npb-v0/110: ok (26.84s) gnn ok:icmatch 8:8/8:8/8:8 rnd ok 8/8/8/8/8 base OK input OK
  145/347 benchmark://npb-v0/111: ok (23.85s) gnn ok:icmatch 8:8/8:8/8:8 rnd ok 8/8/8/8/8 base OK input OK
  146/347 benchmark://npb-v0/112: ok (28.16s) gnn ok:icmatch 8:8/8:8/8:8 rnd ok 8/8/8/8/8 base OK input OK
  147/347 benchmark://npb-v0/113: ok (27.52s) gnn ok:icmatch 8:8/8:8/8:8 rnd ok 8/8/8/8/8 base OK input OK
  148/347 benchmark://npb-v0/114: ok (25.1s) gnn ok:icmatch 8:8/8:8/8:8 rnd ok 8/8/8/8/8 base OK input OK
  149/347 benchmark://npb-v0/115: ok (26.35s) gnn ok:icmatch 8:8/8:8/8:8 rnd ok 8/8/8/8/8 base OK input OK
  150/347 benchmark://npb-v0/116: ok (35.05s) gnn ok:icmatch 8:8/8:8/8:8 rnd ok 8/8/8/8/8 base OK input OK
  151/347 benchmark://npb-v0/117: ok (33.71s) gnn ok:icmatch 8:8/8:8/8:8 rnd ok 8/8/8/8/8 base OK input OK
  152/347 benchmark://npb-v0/119: ok (27.64s) gnn ok:icmatch 8:8/8:8/8:8 rnd ok 8/8/8/8/8 base OK input OK
  153/347 benchmark://npb-v0/118: ok (33.33s) gnn ok:icmatch 8:8/8:8/8:8 rnd ok 8/8/8/8/8 base OK input OK
  154/347 benchmark://npb-v0/120: ok (25.86s) gnn ok:icmatch 8:8/8:8/8:8 rnd ok 8/8/8/8/8 base OK input OK
  155/347 benchmark://npb-v0/12: ok (35.33s) gnn ok:icmatch 8:8/8:8/8:8 rnd ok 8/8/8/8/8 base OK input OK
  156/347 benchmark://npb-v0/122: ok (25.76s) gnn ok:icmatch 8:8/8:8/8:8 rnd ok 8/8/8/8/8 base OK input OK
  157/347 benchmark://npb-v0/14: ok (25.2s) gnn ok:icmatch 8:8/8:8/8:8 rnd ok 8/8/8/8/8 base OK input OK
  158/347 benchmark://npb-v0/15: ok (23.69s) gnn ok:icmatch 8:8/8:8/8:8 rnd ok 8/8/8/8/8 base OK input OK
  159/347 benchmark://npb-v0/13: ok (30.5s) gnn ok:icmatch 8:8/8:8/8:8 rnd ok 8/8/8/8/8 base OK input OK
  160/347 benchmark://npb-v0/16: ok (21.39s) gnn ok:icmatch 8:8/8:8/8:8 rnd ok 8/8/8/8/8 base OK input OK
  161/347 benchmark://npb-v0/17: ok (29.94s) gnn ok:icmatch 8:8/8:8/8:8 rnd ok 8/8/8/8/8 base OK input OK
  162/347 benchmark://npb-v0/18: ok (28.45s) gnn ok:icmatch 8:8/8:8/8:8 rnd ok 8/8/8/8/8 base OK input OK
  163/347 benchmark://npb-v0/20: ok (24.65s) gnn ok:icmatch 8:8/8:8/8:8 rnd ok 8/8/8/8/8 base OK input OK
  164/347 benchmark://npb-v0/21: ok (23.62s) gnn ok:icmatch 8:8/8:8/8:8 rnd ok 8/8/8/8/8 base OK input OK
  165/347 benchmark://npb-v0/19: ok (33.67s) gnn ok:icmatch 8:8/8:8/8:8 rnd ok 8/8/8/8/8 base OK input OK
  166/347 benchmark://npb-v0/2: ok (30.66s) gnn ok:icmatch 8:8/8:8/8:8 rnd ok 8/8/8/8/8 base OK input OK
  167/347 benchmark://npb-v0/23: ok (25.64s) gnn ok:icmatch 8:8/8:8/8:8 rnd ok 8/8/8/8/8 base OK input OK
  168/347 benchmark://npb-v0/24: ok (24.47s) gnn ok:icmatch 8:8/8:8/8:8 rnd ok 8/8/8/8/8 base OK input OK
  169/347 benchmark://npb-v0/22: ok (33.72s) gnn ok:icmatch 8:8/8:8/8:8 rnd ok 8/8/8/8/8 base OK input OK
  170/347 benchmark://npb-v0/25: ok (25.86s) gnn ok:icmatch 8:8/8:8/8:8 rnd ok 8/8/8/8/8 base OK input OK
  171/347 benchmark://npb-v0/27: ok (23.35s) gnn ok:icmatch 8:8/8:8/8:8 rnd ok 8/8/8/8/8 base OK input OK
  172/347 benchmark://npb-v0/26: ok (24.97s) gnn ok:icmatch 8:8/8:8/8:8 rnd ok 8/8/8/8/8 base OK input OK
  173/347 benchmark://npb-v0/28: ok (31.11s) gnn ok:icmatch 8:8/8:8/8:8 rnd ok 8/8/8/8/8 base OK input OK
  174/347 benchmark://npb-v0/32: ok (22.95s) gnn ok:icmatch 8:8/8:8/8:8 rnd ok 8/8/8/8/8 base OK input OK
  175/347 benchmark://npb-v0/31: ok (23.93s) gnn ok:icmatch 8:8/8:8/8:8 rnd ok 8/8/8/8/8 base OK input OK
  176/347 benchmark://npb-v0/3: ok (29.9s) gnn ok:icmatch 8:8/8:8/8:8 rnd ok 8/8/8/8/8 base OK input OK
  177/347 benchmark://npb-v0/29: ok (34.02s) gnn ok:icmatch 8:8/8:8/8:8 rnd ok 8/8/8/8/8 base OK input OK
  178/347 benchmark://npb-v0/30: ok (35.75s) gnn ok:icmatch 8:8/8:8/8:8 rnd ok 8/8/8/8/8 base OK input OK
  179/347 benchmark://npb-v0/35: ok (24.35s) gnn ok:icmatch 8:8/8:8/8:8 rnd ok 8/8/8/8/8 base OK input OK
  180/347 benchmark://npb-v0/33: ok (26.72s) gnn ok:icmatch 8:8/8:8/8:8 rnd ok 8/8/8/8/8 base OK input OK
  181/347 benchmark://npb-v0/37: ok (25.69s) gnn ok:icmatch 8:8/8:8/8:8 rnd ok 8/8/8/8/8 base OK input OK
  182/347 benchmark://npb-v0/36: ok (27.91s) gnn ok:icmatch 8:8/8:8/8:8 rnd ok 8/8/8/8/8 base OK input OK
  183/347 benchmark://npb-v0/34: ok (32.63s) gnn ok:icmatch 8:8/8:8/8:8 rnd ok 8/8/8/8/8 base OK input OK
  184/347 benchmark://npb-v0/38: ok (29.79s) gnn ok:icmatch 8:8/8:8/8:8 rnd ok 8/8/8/8/8 base OK input OK
  185/347 benchmark://npb-v0/41: ok (24.36s) gnn ok:icmatch 8:8/8:8/8:8 rnd ok 8/8/8/8/8 base OK input OK
  186/347 benchmark://npb-v0/4: ok (30.72s) gnn ok:icmatch 8:8/8:8/8:8 rnd ok 8/8/8/8/8 base OK input OK
  187/347 benchmark://npb-v0/39: ok (33.31s) gnn ok:icmatch 8:8/8:8/8:8 rnd ok 8/8/8/8/8 base OK input OK
  188/347 benchmark://npb-v0/40: ok (27.1s) gnn ok:icmatch 8:8/8:8/8:8 rnd ok 8/8/8/8/8 base OK input OK
  189/347 benchmark://npb-v0/42: ok (35.66s) gnn ok:icmatch 8:8/8:8/8:8 rnd ok 8/8/8/8/8 base OK input OK
  190/347 benchmark://npb-v0/43: ok (28.53s) gnn ok:icmatch 8:8/8:8/8:8 rnd ok 8/8/8/8/8 base OK input OK
  191/347 benchmark://npb-v0/46: ok (24.37s) gnn ok:icmatch 8:8/8:8/8:8 rnd ok 8/8/8/8/8 base OK input OK
  192/347 benchmark://npb-v0/44: ok (25.91s) gnn ok:icmatch 8:8/8:8/8:8 rnd ok 8/8/8/8/8 base OK input OK
  193/347 benchmark://npb-v0/45: ok (27.69s) gnn ok:icmatch 8:8/8:8/8:8 rnd ok 8/8/8/8/8 base OK input OK
  194/347 benchmark://npb-v0/47: ok (31.45s) gnn ok:icmatch 8:8/8:8/8:8 rnd ok 8/8/8/8/8 base OK input OK
  195/347 benchmark://npb-v0/48: ok (23.59s) gnn ok:icmatch 8:8/8:8/8:8 rnd ok 8/8/8/8/8 base OK input OK
  196/347 benchmark://npb-v0/49: ok (26.94s) gnn ok:icmatch 8:8/8:8/8:8 rnd ok 8/8/8/8/8 base OK input OK
  197/347 benchmark://npb-v0/51: ok (24.72s) gnn ok:icmatch 8:8/8:8/8:8 rnd ok 8/8/8/8/8 base OK input OK
  198/347 benchmark://npb-v0/5: ok (30.37s) gnn ok:icmatch 8:8/8:8/8:8 rnd ok 8/8/8/8/8 base OK input OK
  199/347 benchmark://npb-v0/50: ok (34.47s) gnn ok:icmatch 8:8/8:8/8:8 rnd ok 8/8/8/8/8 base OK input OK
  200/347 benchmark://npb-v0/52: ok (29.19s) gnn ok:icmatch 8:8/8:8/8:8 rnd ok 8/8/8/8/8 base OK input OK
  201/347 benchmark://npb-v0/54: ok (25.03s) gnn ok:icmatch 8:8/8:8/8:8 rnd ok 8/8/8/8/8 base OK input OK
  202/347 benchmark://npb-v0/53: ok (35.49s) gnn ok:icmatch 8:8/8:8/8:8 rnd ok 8/8/8/8/8 base OK input OK
  203/347 benchmark://npb-v0/56: ok (26.77s) gnn ok:icmatch 8:8/8:8/8:8 rnd ok 8/8/8/8/8 base OK input OK
  204/347 benchmark://npb-v0/55: ok (31.33s) gnn ok:icmatch 8:8/8:8/8:8 rnd ok 8/8/8/8/8 base OK input OK
  205/347 benchmark://npb-v0/57: ok (26.2s) gnn ok:icmatch 8:8/8:8/8:8 rnd ok 8/8/8/8/8 base OK input OK
  206/347 benchmark://npb-v0/58: ok (26.44s) gnn ok:icmatch 8:8/8:8/8:8 rnd ok 8/8/8/8/8 base OK input OK
  207/347 benchmark://npb-v0/59: ok (27.15s) gnn ok:icmatch 8:8/8:8/8:8 rnd ok 8/8/8/8/8 base OK input OK
  208/347 benchmark://npb-v0/6: ok (31.54s) gnn ok:icmatch 8:8/8:8/8:8 rnd ok 8/8/8/8/8 base OK input OK
  209/347 benchmark://npb-v0/60: ok (26.16s) gnn ok:icmatch 8:8/8:8/8:8 rnd ok 8/8/8/8/8 base OK input OK
  210/347 benchmark://npb-v0/62: ok (26.84s) gnn ok:icmatch 8:8/8:8/8:8 rnd ok 8/8/8/8/8 base OK input OK
  211/347 benchmark://npb-v0/61: ok (30.8s) gnn ok:icmatch 8:8/8:8/8:8 rnd ok 8/8/8/8/8 base OK input OK
  212/347 benchmark://npb-v0/63: ok (26.5s) gnn ok:icmatch 8:8/8:8/8:8 rnd ok 8/8/8/8/8 base OK input OK
  213/347 benchmark://npb-v0/64: ok (24.27s) gnn ok:icmatch 8:8/8:8/8:8 rnd ok 8/8/8/8/8 base OK input OK
  214/347 benchmark://npb-v0/65: ok (29.38s) gnn ok:icmatch 8:8/8:8/8:8 rnd ok 8/8/8/8/8 base OK input OK
  215/347 benchmark://npb-v0/67: ok (25.92s) gnn ok:icmatch 8:8/8:8/8:8 rnd ok 8/8/8/8/8 base OK input OK
  216/347 benchmark://npb-v0/68: ok (26.73s) gnn ok:icmatch 8:8/8:8/8:8 rnd ok 8/8/8/8/8 base OK input OK
  217/347 benchmark://npb-v0/66: ok (34.16s) gnn ok:icmatch 8:8/8:8/8:8 rnd ok 8/8/8/8/8 base OK input OK
  218/347 benchmark://npb-v0/7: ok (28.15s) gnn ok:icmatch 8:8/8:8/8:8 rnd ok 8/8/8/8/8 base OK input OK
  219/347 benchmark://npb-v0/69: ok (30.14s) gnn ok:icmatch 8:8/8:8/8:8 rnd ok 8/8/8/8/8 base OK input OK
  220/347 benchmark://npb-v0/70: ok (26.98s) gnn ok:icmatch 8:8/8:8/8:8 rnd ok 8/8/8/8/8 base OK input OK
  221/347 benchmark://npb-v0/73: ok (23.79s) gnn ok:icmatch 8:8/8:8/8:8 rnd ok 8/8/8/8/8 base OK input OK
  222/347 benchmark://npb-v0/71: ok (30.1s) gnn ok:icmatch 8:8/8:8/8:8 rnd ok 8/8/8/8/8 base OK input OK
  223/347 benchmark://npb-v0/75: ok (26.07s) gnn ok:icmatch 8:8/8:8/8:8 rnd ok 8/8/8/8/8 base OK input OK
  224/347 benchmark://npb-v0/74: ok (30.53s) gnn ok:icmatch 8:8/8:8/8:8 rnd ok 8/8/8/8/8 base OK input OK
  225/347 benchmark://npb-v0/72: ok (36.77s) gnn ok:icmatch 8:8/8:8/8:8 rnd ok 8/8/8/8/8 base OK input OK
  226/347 benchmark://npb-v0/76: ok (23.79s) gnn ok:icmatch 8:8/8:8/8:8 rnd ok 8/8/8/8/8 base OK input OK
  227/347 benchmark://npb-v0/78: ok (28.88s) gnn ok:icmatch 8:8/8:8/8:8 rnd ok 8/8/8/8/8 base OK input OK
  228/347 benchmark://npb-v0/80: ok (25.47s) gnn ok:icmatch 8:8/8:8/8:8 rnd ok 8/8/8/8/8 base OK input OK
  229/347 benchmark://npb-v0/8: ok (31.36s) gnn ok:icmatch 8:8/8:8/8:8 rnd ok 8/8/8/8/8 base OK input OK
  230/347 benchmark://npb-v0/79: ok (34.46s) gnn ok:icmatch 8:8/8:8/8:8 rnd ok 8/8/8/8/8 base OK input OK
  231/347 benchmark://npb-v0/82: ok (27.94s) gnn ok:icmatch 8:8/8:8/8:8 rnd ok 8/8/8/8/8 base OK input OK
  232/347 benchmark://npb-v0/81: ok (32.22s) gnn ok:icmatch 8:8/8:8/8:8 rnd ok 8/8/8/8/8 base OK input OK
  233/347 benchmark://npb-v0/83: ok (27.38s) gnn ok:icmatch 8:8/8:8/8:8 rnd ok 8/8/8/8/8 base OK input OK
  234/347 benchmark://npb-v0/84: ok (25.91s) gnn ok:icmatch 8:8/8:8/8:8 rnd ok 8/8/8/8/8 base OK input OK
  235/347 benchmark://npb-v0/86: ok (26.1s) gnn ok:icmatch 8:8/8:8/8:8 rnd ok 8/8/8/8/8 base OK input OK
  236/347 benchmark://npb-v0/85: ok (27.28s) gnn ok:icmatch 8:8/8:8/8:8 rnd ok 8/8/8/8/8 base OK input OK
  237/347 benchmark://npb-v0/88: ok (27.3s) gnn ok:icmatch 8:8/8:8/8:8 rnd ok 8/8/8/8/8 base OK input OK
  238/347 benchmark://npb-v0/87: ok (31.85s) gnn ok:icmatch 8:8/8:8/8:8 rnd ok 8/8/8/8/8 base OK input OK
  239/347 benchmark://npb-v0/89: ok (27.55s) gnn ok:icmatch 8:8/8:8/8:8 rnd ok 8/8/8/8/8 base OK input OK
  240/347 benchmark://npb-v0/9: ok (28.47s) gnn ok:icmatch 8:8/8:8/8:8 rnd ok 8/8/8/8/8 base OK input OK
  241/347 benchmark://npb-v0/92: ok (27.71s) gnn ok:icmatch 8:8/8:8/8:8 rnd ok 8/8/8/8/8 base OK input OK
  242/347 benchmark://npb-v0/90: ok (36.22s) gnn ok:icmatch 8:8/8:8/8:8 rnd ok 8/8/8/8/8 base OK input OK
  243/347 benchmark://npb-v0/93: ok (26.73s) gnn ok:icmatch 8:8/8:8/8:8 rnd ok 8/8/8/8/8 base OK input OK
  244/347 benchmark://npb-v0/91: ok (39.2s) gnn ok:icmatch 8:8/8:8/8:8 rnd ok 8/8/8/8/8 base OK input OK
  245/347 benchmark://npb-v0/95: ok (31.67s) gnn ok:icmatch 8:8/8:8/8:8 rnd ok 8/8/8/8/8 base OK input OK
  246/347 benchmark://npb-v0/94: ok (41.94s) gnn ok:icmatch 8:8/8:8/8:8 rnd ok 8/8/8/8/8 base OK input OK
  247/347 benchmark://npb-v0/99: ok (27.03s) gnn ok:icmatch 8:8/8:8/8:8 rnd ok 8/8/8/8/8 base OK input OK
  248/347 benchmark://npb-v0/98: ok (32.84s) gnn ok:icmatch 8:8/8:8/8:8 rnd ok 8/8/8/8/8 base OK input OK
  249/347 benchmark://npb-v0/97: ok (40.88s) gnn ok:icmatch 8:8/8:8/8:8 rnd ok 8/8/8/8/8 base OK input OK
  250/347 benchmark://npb-v0/96: ok (41.23s) gnn ok:icmatch 8:8/8:8/8:8 rnd ok 8/8/8/8/8 base OK input OK
  251/347 benchmark://poj104-v1/10/1069: ok (30.47s) gnn ok:icmatch 8:8/8:8/8:8 rnd ok 8/8/8/8/8 base OK input OK
  252/347 benchmark://poj104-v1/10/1810: ok (29.26s) gnn ok:icmatch 8:8/8:8/8:8 rnd ok 8/8/8/8/8 base OK input OK
  253/347 benchmark://poj104-v1/10/288: ok (29.84s) gnn ok:icmatch 8:8/8:8/8:8 rnd ok 8/8/8/8/8 base OK input OK
  254/347 benchmark://poj104-v1/101/888: ok (23.85s) gnn ok:icmatch 8:8/8:8/8:8 rnd ok 8/8/8/8/8 base OK input OK
  255/347 benchmark://poj104-v1/10/794: ok (30.95s) gnn ok:icmatch 8:8/8:8/8:8 rnd ok 8/8/8/8/8 base OK input OK
  256/347 benchmark://poj104-v1/101/593: ok (29.54s) gnn ok:icmatch 8:8/8:8/8:8 rnd ok 8/8/8/8/8 base OK input OK
  257/347 benchmark://poj104-v1/102/1409: ok (31.33s) gnn ok:icmatch 8:8/8:8/8:8 rnd ok 8/8/8/8/8 base OK input OK
  258/347 benchmark://poj104-v1/104/939: ok (29.65s) gnn ok:icmatch 8:8/8:8/8:8 rnd ok 8/8/8/8/8 base OK input OK
  259/347 benchmark://poj104-v1/11/266: ok (29.28s) gnn ok:icmatch 8:8/8:8/8:8 rnd ok 8/8/8/8/8 base OK input OK
  260/347 benchmark://poj104-v1/14/1540: ok (29.35s) gnn ok:icmatch 8:8/8:8/8:8 rnd ok 8/8/8/8/8 base OK input OK
  261/347 benchmark://poj104-v1/14/448: ok (29.17s) gnn ok:icmatch 8:8/8:8/8:8 rnd ok 8/8/8/8/8 base OK input OK
  262/347 benchmark://poj104-v1/17/1186: ok (29.14s) gnn ok:icmatch 8:8/8:8/8:8 rnd ok 8/8/8/8/8 base OK input OK
  263/347 benchmark://poj104-v1/17/778: ok (27.61s) gnn ok:icmatch 8:8/8:8/8:8 rnd ok 8/8/8/8/8 base OK input OK
  264/347 benchmark://poj104-v1/18/1594: ok (28.82s) gnn ok:icmatch 8:8/8:8/8:8 rnd ok 8/8/8/8/8 base OK input OK
  265/347 benchmark://poj104-v1/20/1110: ok (28.15s) gnn ok:icmatch 8:8/8:8/8:8 rnd ok 8/8/8/8/8 base OK input OK
  266/347 benchmark://poj104-v1/20/721: ok (28.25s) gnn ok:icmatch 8:8/8:8/8:8 rnd ok 8/8/8/8/8 base OK input OK
  267/347 benchmark://poj104-v1/21/1658: ok (29.53s) gnn ok:icmatch 8:8/8:8/8:8 rnd ok 8/8/8/8/8 base OK input OK
  268/347 benchmark://poj104-v1/22/1039: ok (29.26s) gnn ok:icmatch 8:8/8:8/8:8 rnd ok 8/8/8/8/8 base OK input OK
  269/347 benchmark://poj104-v1/24/31: ok (28.93s) gnn ok:icmatch 8:8/8:8/8:8 rnd ok 8/8/8/8/8 base OK input OK
  270/347 benchmark://poj104-v1/24/334: ok (27.95s) gnn ok:icmatch 8:8/8:8/8:8 rnd ok 8/8/8/8/8 base OK input OK
  271/347 benchmark://poj104-v1/26/100: ok (28.41s) gnn ok:icmatch 8:8/8:8/8:8 rnd ok 8/8/8/8/8 base OK input OK
  272/347 benchmark://poj104-v1/29/493: ok (28.33s) gnn ok:icmatch 8:8/8:8/8:8 rnd ok 8/8/8/8/8 base OK input OK
  273/347 benchmark://poj104-v1/30/633: ok (27.6s) gnn ok:icmatch 8:8/8:8/8:8 rnd ok 8/8/8/8/8 base OK input OK
  274/347 benchmark://poj104-v1/33/3186: ok (28.38s) gnn ok:icmatch 8:8/8:8/8:8 rnd ok 8/8/8/8/8 base OK input OK
  275/347 benchmark://poj104-v1/35/1231: ok (29.23s) gnn ok:icmatch 8:8/8:8/8:8 rnd ok 8/8/8/8/8 base OK input OK
  276/347 benchmark://poj104-v1/35/2260: ok (28.44s) gnn ok:icmatch 8:8/8:8/8:8 rnd ok 8/8/8/8/8 base OK input OK
  277/347 benchmark://poj104-v1/38/1030: ok (28.63s) gnn ok:icmatch 8:8/8:8/8:8 rnd ok 8/8/8/8/8 base OK input OK
  278/347 benchmark://poj104-v1/38/992: ok (28.43s) gnn ok:icmatch 8:8/8:8/8:8 rnd ok 8/8/8/8/8 base OK input OK
  279/347 benchmark://poj104-v1/39/1624: ok (28.4s) gnn ok:icmatch 8:8/8:8/8:8 rnd ok 8/8/8/8/8 base OK input OK
  280/347 benchmark://poj104-v1/39/429: ok (28.42s) gnn ok:icmatch 8:8/8:8/8:8 rnd ok 8/8/8/8/8 base OK input OK
  281/347 benchmark://poj104-v1/41/936: ok (29.87s) gnn ok:icmatch 8:8/8:8/8:8 rnd ok 8/8/8/8/8 base OK input OK
  282/347 benchmark://poj104-v1/43/1604: ok (27.25s) gnn ok:icmatch 8:8/8:8/8:8 rnd ok 8/8/8/8/8 base OK input OK
  283/347 benchmark://poj104-v1/44/1322: ok (28.63s) gnn ok:icmatch 8:8/8:8/8:8 rnd ok 8/8/8/8/8 base OK input OK
  284/347 benchmark://poj104-v1/46/2617: ok (28.73s) gnn ok:icmatch 8:8/8:8/8:8 rnd ok 8/8/8/8/8 base OK input OK
  285/347 benchmark://poj104-v1/46/3555: ok (28.36s) gnn ok:icmatch 8:8/8:8/8:8 rnd ok 8/8/8/8/8 base OK input OK
  286/347 benchmark://poj104-v1/47/1100: ok (28.11s) gnn ok:icmatch 8:8/8:8/8:8 rnd ok 8/8/8/8/8 base OK input OK
  287/347 benchmark://poj104-v1/47/1790: ok (27.96s) gnn ok:icmatch 8:8/8:8/8:8 rnd ok 8/8/8/8/8 base OK input OK
  288/347 benchmark://poj104-v1/47/4118: ok (28.25s) gnn ok:icmatch 8:8/8:8/8:8 rnd ok 8/8/8/8/8 base OK input OK
  289/347 benchmark://poj104-v1/47/5504: ok (28.17s) gnn ok:icmatch 8:8/8:8/8:8 rnd ok 8/8/8/8/8 base OK input OK
  290/347 benchmark://poj104-v1/48/1523: ok (29.72s) gnn ok:icmatch 8:8/8:8/8:8 rnd ok 8/8/8/8/8 base OK input OK
  291/347 benchmark://poj104-v1/48/1548: ok (29.31s) gnn ok:icmatch 8:8/8:8/8:8 rnd ok 8/8/8/8/8 base OK input OK
  292/347 benchmark://poj104-v1/49/591: ok (29.11s) gnn ok:icmatch 8:8/8:8/8:8 rnd ok 8/8/8/8/8 base OK input OK
  293/347 benchmark://poj104-v1/50/106: ok (28.38s) gnn ok:icmatch 8:8/8:8/8:8 rnd ok 8/8/8/8/8 base OK input OK
  294/347 benchmark://poj104-v1/5/578: ok (30.36s) gnn ok:icmatch 8:8/8:8/8:8 rnd ok 8/8/8/8/8 base OK input OK
  295/347 benchmark://poj104-v1/50/1711: ok (28.52s) gnn ok:icmatch 8:8/8:8/8:8 rnd ok 8/8/8/8/8 base OK input OK
  296/347 benchmark://poj104-v1/50/880: ok (28.56s) gnn ok:icmatch 8:8/8:8/8:8 rnd ok 8/8/8/8/8 base OK input OK
  297/347 benchmark://poj104-v1/53/1503: ok (29.13s) gnn ok:icmatch 8:8/8:8/8:8 rnd ok 8/8/8/8/8 base OK input OK
  298/347 benchmark://poj104-v1/53/215: ok (28.97s) gnn ok:icmatch 8:8/8:8/8:8 rnd ok 8/8/8/8/8 base OK input OK
  299/347 benchmark://poj104-v1/54/59: ok (28.59s) gnn ok:icmatch 8:8/8:8/8:8 rnd ok 8/8/8/8/8 base OK input OK
  300/347 benchmark://poj104-v1/56/1221: ok (27.45s) gnn ok:icmatch 8:8/8:8/8:8 rnd ok 8/8/8/8/8 base OK input OK
  301/347 benchmark://poj104-v1/58/1032: ok (29.13s) gnn ok:icmatch 8:8/8:8/8:8 rnd ok 8/8/8/8/8 base OK input OK
  302/347 benchmark://poj104-v1/58/1185: ok (29.33s) gnn ok:icmatch 8:8/8:8/8:8 rnd ok 8/8/8/8/8 base OK input OK
  303/347 benchmark://poj104-v1/58/981: ok (30.33s) gnn ok:icmatch 8:8/8:8/8:8 rnd ok 8/8/8/8/8 base OK input OK
  304/347 benchmark://poj104-v1/60/1112: ok (29.1s) gnn ok:icmatch 8:8/8:8/8:8 rnd ok 8/8/8/8/8 base OK input OK
  305/347 benchmark://poj104-v1/66/587: ok (30.2s) gnn ok:icmatch 8:8/8:8/8:8 rnd ok 8/8/8/8/8 base OK input OK
  306/347 benchmark://poj104-v1/66/359: ok (30.31s) gnn ok:icmatch 8:8/8:8/8:8 rnd ok 8/8/8/8/8 base OK input OK
  307/347 benchmark://poj104-v1/67/2016: ok (30.17s) gnn ok:icmatch 8:8/8:8/8:8 rnd ok 8/8/8/8/8 base OK input OK
  308/347 benchmark://poj104-v1/68/172: ok (29.2s) gnn ok:icmatch 8:8/8:8/8:8 rnd ok 8/8/8/8/8 base OK input OK
  309/347 benchmark://poj104-v1/7/628: ok (29.62s) gnn ok:icmatch 8:8/8:8/8:8 rnd ok 8/8/8/8/8 base OK input OK
  310/347 benchmark://poj104-v1/70/868: ok (30.79s) gnn ok:icmatch 8:8/8:8/8:8 rnd ok 8/8/8/8/8 base OK input OK
  311/347 benchmark://poj104-v1/71/285: ok (28.78s) gnn ok:icmatch 8:8/8:8/8:8 rnd ok 8/8/8/8/8 base OK input OK
  312/347 benchmark://poj104-v1/72/1761: ok (29.58s) gnn ok:icmatch 8:8/8:8/8:8 rnd ok 8/8/8/8/8 base OK input OK
  313/347 benchmark://poj104-v1/72/1774: ok (28.17s) gnn ok:icmatch 8:8/8:8/8:8 rnd ok 8/8/8/8/8 base OK input OK
  314/347 benchmark://poj104-v1/72/2766: ok (29.51s) gnn ok:icmatch 8:8/8:8/8:8 rnd ok 8/8/8/8/8 base OK input OK
  315/347 benchmark://poj104-v1/74/103: ok (28.23s) gnn ok:icmatch 8:8/8:8/8:8 rnd ok 8/8/8/8/8 base OK input OK
  316/347 benchmark://poj104-v1/74/1057: ok (27.98s) gnn ok:icmatch 8:8/8:8/8:8 rnd ok 8/8/8/8/8 base OK input OK
  317/347 benchmark://poj104-v1/77/432: ok (26.63s) gnn ok:icmatch 8:8/8:8/8:8 rnd ok 8/8/8/8/8 base OK input OK
  318/347 benchmark://poj104-v1/75/742: ok (28.19s) gnn ok:icmatch 8:8/8:8/8:8 rnd ok 8/8/8/8/8 base OK input OK
  319/347 benchmark://poj104-v1/78/1874: ok (29.21s) gnn ok:icmatch 8:8/8:8/8:8 rnd ok 8/8/8/8/8 base OK input OK
  320/347 benchmark://poj104-v1/78/486: ok (29.0s) gnn ok:icmatch 8:8/8:8/8:8 rnd ok 8/8/8/8/8 base OK input OK
  321/347 benchmark://poj104-v1/8/1128: ok (27.73s) gnn ok:icmatch 8:8/8:8/8:8 rnd ok 8/8/8/8/8 base OK input OK
  322/347 benchmark://poj104-v1/8/985: ok (28.09s) gnn ok:icmatch 8:8/8:8/8:8 rnd ok 8/8/8/8/8 base OK input OK
  323/347 benchmark://poj104-v1/80/1309: ok (26.41s) gnn ok:icmatch 8:8/8:8/8:8 rnd ok 8/8/8/8/8 base OK input OK
  324/347 benchmark://poj104-v1/80/1033: ok (29.32s) gnn ok:icmatch 8:8/8:8/8:8 rnd ok 8/8/8/8/8 base OK input OK
  325/347 benchmark://poj104-v1/80/1396: ok (28.57s) gnn ok:icmatch 8:8/8:8/8:8 rnd ok 8/8/8/8/8 base OK input OK
  326/347 benchmark://poj104-v1/81/1124: ok (27.76s) gnn ok:icmatch 8:8/8:8/8:8 rnd ok 8/8/8/8/8 base OK input OK
  327/347 benchmark://poj104-v1/81/2076: ok (27.57s) gnn ok:icmatch 8:8/8:8/8:8 rnd ok 8/8/8/8/8 base OK input OK
  328/347 benchmark://poj104-v1/82/1426: ok (27.67s) gnn ok:icmatch 8:8/8:8/8:8 rnd ok 8/8/8/8/8 base OK input OK
  329/347 benchmark://poj104-v1/82/2137: ok (27.29s) gnn ok:icmatch 8:8/8:8/8:8 rnd ok 8/8/8/8/8 base OK input OK
  330/347 benchmark://poj104-v1/82/76: ok (28.64s) gnn ok:icmatch 8:8/8:8/8:8 rnd ok 8/8/8/8/8 base OK input OK
  331/347 benchmark://poj104-v1/83/70: ok (27.94s) gnn ok:icmatch 8:8/8:8/8:8 rnd ok 8/8/8/8/8 base OK input OK
  332/347 benchmark://poj104-v1/84/635: ok (28.17s) gnn ok:icmatch 8:8/8:8/8:8 rnd ok 8/8/8/8/8 base OK input OK
  333/347 benchmark://poj104-v1/86/43: ok (27.59s) gnn ok:icmatch 8:8/8:8/8:8 rnd ok 8/8/8/8/8 base OK input OK
  334/347 benchmark://poj104-v1/87/160: ok (25.72s) gnn ok:icmatch 8:8/8:8/8:8 rnd ok 8/8/8/8/8 base OK input OK
  335/347 benchmark://poj104-v1/87/746: ok (27.73s) gnn ok:icmatch 8:8/8:8/8:8 rnd ok 8/8/8/8/8 base OK input OK
  336/347 benchmark://poj104-v1/87/779: ok (27.92s) gnn ok:icmatch 8:8/8:8/8:8 rnd ok 8/8/8/8/8 base OK input OK
  337/347 benchmark://poj104-v1/88/1570: ok (27.65s) gnn ok:icmatch 8:8/8:8/8:8 rnd ok 8/8/8/8/8 base OK input OK
  338/347 benchmark://poj104-v1/88/57: ok (26.9s) gnn ok:icmatch 8:8/8:8/8:8 rnd ok 8/8/8/8/8 base OK input OK
  339/347 benchmark://poj104-v1/90/18: ok (27.7s) gnn ok:icmatch 8:8/8:8/8:8 rnd ok 8/8/8/8/8 base OK input OK
  340/347 benchmark://poj104-v1/90/184: ok (27.96s) gnn ok:icmatch 8:8/8:8/8:8 rnd ok 8/8/8/8/8 base OK input OK
  341/347 benchmark://poj104-v1/93/1840: ok (26.39s) gnn ok:icmatch 8:8/8:8/8:8 rnd ok 8/8/8/8/8 base OK input OK
  342/347 benchmark://poj104-v1/93/975: ok (26.95s) gnn ok:icmatch 8:8/8:8/8:8 rnd ok 8/8/8/8/8 base OK input OK
  343/347 benchmark://poj104-v1/94/2509: ok (27.82s) gnn ok:icmatch 8:8/8:8/8:8 rnd ok 8/8/8/8/8 base OK input OK
  344/347 benchmark://poj104-v1/97/1125: ok (24.28s) gnn ok:icmatch 8:8/8:8/8:8 rnd ok 8/8/8/8/8 base OK input OK
  345/347 benchmark://poj104-v1/95/1378: ok (26.86s) gnn ok:icmatch 8:8/8:8/8:8 rnd ok 8/8/8/8/8 base OK input OK
  346/347 benchmark://poj104-v1/97/2411: ok (25.83s) gnn ok:icmatch 8:8/8:8/8:8 rnd ok 8/8/8/8/8 base OK input OK
  347/347 benchmark://poj104-v1/98/672: ok (24.46s) gnn ok:icmatch 8:8/8:8/8:8 rnd ok 8/8/8/8/8 base OK input OK
finished 347 in 28.8 min; failed 0, with mismatches 0 -> /work/results/selector_audit/records
